Archive member included to satisfy reference by file (symbol)

C:\Users\RONALD~1\DOCUME~1\DRONET~1\Repos\EMBEDD~1\04_I2C\ARDUIN~1\ARDUIN~1\Debug\libArduinoCore.a(main.o)
                              C:/Program Files (x86)/Atmel/Studio/7.0/Packs/atmel/ATmega_DFP/1.2.150/gcc/dev/atmega1284p/avr51/crtatmega1284p.o (main)
C:\Users\RONALD~1\DOCUME~1\DRONET~1\Repos\EMBEDD~1\04_I2C\ARDUIN~1\ARDUIN~1\Debug\libArduinoCore.a(wiring.o)
                              C:\Users\RONALD~1\DOCUME~1\DRONET~1\Repos\EMBEDD~1\04_I2C\ARDUIN~1\ARDUIN~1\Debug\libArduinoCore.a(main.o) (init)
C:\Users\RONALD~1\DOCUME~1\DRONET~1\Repos\EMBEDD~1\04_I2C\ARDUIN~1\ARDUIN~1\Debug\libArduinoCore.a(wiring_digital.o)
                              src/libraries/Wire/src/utility/twi.o (digitalWrite)
C:\Users\RONALD~1\DOCUME~1\DRONET~1\Repos\EMBEDD~1\04_I2C\ARDUIN~1\ARDUIN~1\Debug\libArduinoCore.a(hooks.o)
                              C:\Users\RONALD~1\DOCUME~1\DRONET~1\Repos\EMBEDD~1\04_I2C\ARDUIN~1\ARDUIN~1\Debug\libArduinoCore.a(wiring.o) (yield)
c:/program files (x86)/atmel/studio/7.0/toolchain/avr8/avr8-gnu-toolchain/bin/../lib/gcc/avr/5.4.0/avr51\libgcc.a(_udivmodsi4.o)
                              src/libraries/Wire/src/utility/twi.o (__udivmodsi4)
c:/program files (x86)/atmel/studio/7.0/toolchain/avr8/avr8-gnu-toolchain/bin/../lib/gcc/avr/5.4.0/avr51\libgcc.a(_exit.o)
                              C:/Program Files (x86)/Atmel/Studio/7.0/Packs/atmel/ATmega_DFP/1.2.150/gcc/dev/atmega1284p/avr51/crtatmega1284p.o (exit)
c:/program files (x86)/atmel/studio/7.0/toolchain/avr8/avr8-gnu-toolchain/bin/../lib/gcc/avr/5.4.0/avr51\libgcc.a(_tablejump2.o)
                              C:\Users\RONALD~1\DOCUME~1\DRONET~1\Repos\EMBEDD~1\04_I2C\ARDUIN~1\ARDUIN~1\Debug\libArduinoCore.a(wiring_digital.o) (__tablejump2__)
c:/program files (x86)/atmel/studio/7.0/toolchain/avr8/avr8-gnu-toolchain/bin/../lib/gcc/avr/5.4.0/avr51\libgcc.a(_copy_data.o)
                              src/libraries/Wire/src/Wire.o (__do_copy_data)
c:/program files (x86)/atmel/studio/7.0/toolchain/avr8/avr8-gnu-toolchain/bin/../lib/gcc/avr/5.4.0/avr51\libgcc.a(_clear_bss.o)
                              Sketch.o (__do_clear_bss)
c:/program files (x86)/atmel/studio/7.0/toolchain/avr8/avr8-gnu-toolchain/bin/../lib/gcc/avr/5.4.0/avr51\libgcc.a(_ctors.o)
                              Sketch.o (__do_global_ctors)

Discarded input sections

 .data          0x00000000        0x0 C:/Program Files (x86)/Atmel/Studio/7.0/Packs/atmel/ATmega_DFP/1.2.150/gcc/dev/atmega1284p/avr51/crtatmega1284p.o
 .bss           0x00000000        0x0 C:/Program Files (x86)/Atmel/Studio/7.0/Packs/atmel/ATmega_DFP/1.2.150/gcc/dev/atmega1284p/avr51/crtatmega1284p.o
 .text          0x00000000        0x0 Sketch.o
 .data          0x00000000        0x0 Sketch.o
 .bss           0x00000000        0x0 Sketch.o
 .text          0x00000000        0x0 src/libraries/Wire/src/utility/twi.o
 .data          0x00000000        0x0 src/libraries/Wire/src/utility/twi.o
 .bss           0x00000000        0x0 src/libraries/Wire/src/utility/twi.o
 .text.twi_init
                0x00000000       0x3c src/libraries/Wire/src/utility/twi.o
 .text.twi_disable
                0x00000000       0x1a src/libraries/Wire/src/utility/twi.o
 .text.twi_setAddress
                0x00000000        0x8 src/libraries/Wire/src/utility/twi.o
 .text.twi_readFrom
                0x00000000       0x90 src/libraries/Wire/src/utility/twi.o
 .text.twi_writeTo
                0x00000000       0xac src/libraries/Wire/src/utility/twi.o
 .text.twi_attachSlaveRxEvent
                0x00000000        0xa src/libraries/Wire/src/utility/twi.o
 .text.twi_attachSlaveTxEvent
                0x00000000        0xa src/libraries/Wire/src/utility/twi.o
 .text.twi_reply
                0x00000000       0x10 src/libraries/Wire/src/utility/twi.o
 .group         0x00000000        0x8 src/libraries/Wire/src/Wire.o
 .text          0x00000000        0x0 src/libraries/Wire/src/Wire.o
 .data          0x00000000        0x0 src/libraries/Wire/src/Wire.o
 .bss           0x00000000        0x0 src/libraries/Wire/src/Wire.o
 .text._ZN7TwoWire16onReceiveServiceEPhi
                0x00000000       0x54 src/libraries/Wire/src/Wire.o
 .text._ZN7TwoWire16onRequestServiceEv
                0x00000000       0x18 src/libraries/Wire/src/Wire.o
 .text._ZN7TwoWire5beginEv
                0x00000000       0x14 src/libraries/Wire/src/Wire.o
 .text._ZN7TwoWire5beginEh
                0x00000000       0x26 src/libraries/Wire/src/Wire.o
 .text._ZN7TwoWire5beginEi
                0x00000000        0x4 src/libraries/Wire/src/Wire.o
 .text._ZN7TwoWire3endEv
                0x00000000        0x4 src/libraries/Wire/src/Wire.o
 .text._ZN7TwoWire17beginTransmissionEh
                0x00000000       0x14 src/libraries/Wire/src/Wire.o
 .text._ZN7TwoWire17beginTransmissionEi
                0x00000000        0x4 src/libraries/Wire/src/Wire.o
 .text._ZN7TwoWire15endTransmissionEh
                0x00000000       0x26 src/libraries/Wire/src/Wire.o
 .text._ZN7TwoWire11requestFromEhhmhh
                0x00000000       0xa8 src/libraries/Wire/src/Wire.o
 .text._ZN7TwoWire11requestFromEhhh
                0x00000000       0x20 src/libraries/Wire/src/Wire.o
 .text._ZN7TwoWire11requestFromEhh
                0x00000000        0x6 src/libraries/Wire/src/Wire.o
 .text._ZN7TwoWire11requestFromEii
                0x00000000        0x6 src/libraries/Wire/src/Wire.o
 .text._ZN7TwoWire11requestFromEiii
                0x00000000        0x4 src/libraries/Wire/src/Wire.o
 .text._ZN7TwoWire15endTransmissionEv
                0x00000000        0x6 src/libraries/Wire/src/Wire.o
 .text._ZN7TwoWire9onReceiveEPFviE
                0x00000000        0xa src/libraries/Wire/src/Wire.o
 .text._ZN7TwoWire9onRequestEPFvvE
                0x00000000        0xa src/libraries/Wire/src/Wire.o
 .bss._ZN7TwoWire14user_onReceiveE
                0x00000000        0x2 src/libraries/Wire/src/Wire.o
 .bss._ZN7TwoWire14user_onRequestE
                0x00000000        0x2 src/libraries/Wire/src/Wire.o
 .bss._ZN7TwoWire9txAddressE
                0x00000000        0x1 src/libraries/Wire/src/Wire.o
 .text          0x00000000        0x0 C:\Users\RONALD~1\DOCUME~1\DRONET~1\Repos\EMBEDD~1\04_I2C\ARDUIN~1\ARDUIN~1\Debug\libArduinoCore.a(main.o)
 .data          0x00000000        0x0 C:\Users\RONALD~1\DOCUME~1\DRONET~1\Repos\EMBEDD~1\04_I2C\ARDUIN~1\ARDUIN~1\Debug\libArduinoCore.a(main.o)
 .bss           0x00000000        0x0 C:\Users\RONALD~1\DOCUME~1\DRONET~1\Repos\EMBEDD~1\04_I2C\ARDUIN~1\ARDUIN~1\Debug\libArduinoCore.a(main.o)
 .text.atexit   0x00000000        0x6 C:\Users\RONALD~1\DOCUME~1\DRONET~1\Repos\EMBEDD~1\04_I2C\ARDUIN~1\ARDUIN~1\Debug\libArduinoCore.a(main.o)
 .text._Z8setupUSBv
                0x00000000        0x2 C:\Users\RONALD~1\DOCUME~1\DRONET~1\Repos\EMBEDD~1\04_I2C\ARDUIN~1\ARDUIN~1\Debug\libArduinoCore.a(main.o)
 .text          0x00000000        0x0 C:\Users\RONALD~1\DOCUME~1\DRONET~1\Repos\EMBEDD~1\04_I2C\ARDUIN~1\ARDUIN~1\Debug\libArduinoCore.a(wiring.o)
 .data          0x00000000        0x0 C:\Users\RONALD~1\DOCUME~1\DRONET~1\Repos\EMBEDD~1\04_I2C\ARDUIN~1\ARDUIN~1\Debug\libArduinoCore.a(wiring.o)
 .bss           0x00000000        0x0 C:\Users\RONALD~1\DOCUME~1\DRONET~1\Repos\EMBEDD~1\04_I2C\ARDUIN~1\ARDUIN~1\Debug\libArduinoCore.a(wiring.o)
 .text.millis   0x00000000       0x18 C:\Users\RONALD~1\DOCUME~1\DRONET~1\Repos\EMBEDD~1\04_I2C\ARDUIN~1\ARDUIN~1\Debug\libArduinoCore.a(wiring.o)
 .text.micros   0x00000000       0x4a C:\Users\RONALD~1\DOCUME~1\DRONET~1\Repos\EMBEDD~1\04_I2C\ARDUIN~1\ARDUIN~1\Debug\libArduinoCore.a(wiring.o)
 .text.delay    0x00000000       0x78 C:\Users\RONALD~1\DOCUME~1\DRONET~1\Repos\EMBEDD~1\04_I2C\ARDUIN~1\ARDUIN~1\Debug\libArduinoCore.a(wiring.o)
 .text.delayMicroseconds
                0x00000000       0x16 C:\Users\RONALD~1\DOCUME~1\DRONET~1\Repos\EMBEDD~1\04_I2C\ARDUIN~1\ARDUIN~1\Debug\libArduinoCore.a(wiring.o)
 .text          0x00000000        0x0 C:\Users\RONALD~1\DOCUME~1\DRONET~1\Repos\EMBEDD~1\04_I2C\ARDUIN~1\ARDUIN~1\Debug\libArduinoCore.a(wiring_digital.o)
 .data          0x00000000        0x0 C:\Users\RONALD~1\DOCUME~1\DRONET~1\Repos\EMBEDD~1\04_I2C\ARDUIN~1\ARDUIN~1\Debug\libArduinoCore.a(wiring_digital.o)
 .bss           0x00000000        0x0 C:\Users\RONALD~1\DOCUME~1\DRONET~1\Repos\EMBEDD~1\04_I2C\ARDUIN~1\ARDUIN~1\Debug\libArduinoCore.a(wiring_digital.o)
 .text.turnOffPWM
                0x00000000       0x5e C:\Users\RONALD~1\DOCUME~1\DRONET~1\Repos\EMBEDD~1\04_I2C\ARDUIN~1\ARDUIN~1\Debug\libArduinoCore.a(wiring_digital.o)
 .progmem.gcc_sw_table.turnOffPWM
                0x00000000       0x14 C:\Users\RONALD~1\DOCUME~1\DRONET~1\Repos\EMBEDD~1\04_I2C\ARDUIN~1\ARDUIN~1\Debug\libArduinoCore.a(wiring_digital.o)
 .text.pinMode  0x00000000       0x78 C:\Users\RONALD~1\DOCUME~1\DRONET~1\Repos\EMBEDD~1\04_I2C\ARDUIN~1\ARDUIN~1\Debug\libArduinoCore.a(wiring_digital.o)
 .text.digitalWrite
                0x00000000       0x5e C:\Users\RONALD~1\DOCUME~1\DRONET~1\Repos\EMBEDD~1\04_I2C\ARDUIN~1\ARDUIN~1\Debug\libArduinoCore.a(wiring_digital.o)
 .text.digitalRead
                0x00000000       0x52 C:\Users\RONALD~1\DOCUME~1\DRONET~1\Repos\EMBEDD~1\04_I2C\ARDUIN~1\ARDUIN~1\Debug\libArduinoCore.a(wiring_digital.o)
 .progmem.data.digital_pin_to_timer_PGM
                0x00000000       0x20 C:\Users\RONALD~1\DOCUME~1\DRONET~1\Repos\EMBEDD~1\04_I2C\ARDUIN~1\ARDUIN~1\Debug\libArduinoCore.a(wiring_digital.o)
 .progmem.data.digital_pin_to_bit_mask_PGM
                0x00000000       0x20 C:\Users\RONALD~1\DOCUME~1\DRONET~1\Repos\EMBEDD~1\04_I2C\ARDUIN~1\ARDUIN~1\Debug\libArduinoCore.a(wiring_digital.o)
 .progmem.data.digital_pin_to_port_PGM
                0x00000000       0x20 C:\Users\RONALD~1\DOCUME~1\DRONET~1\Repos\EMBEDD~1\04_I2C\ARDUIN~1\ARDUIN~1\Debug\libArduinoCore.a(wiring_digital.o)
 .progmem.data.port_to_input_PGM
                0x00000000        0xa C:\Users\RONALD~1\DOCUME~1\DRONET~1\Repos\EMBEDD~1\04_I2C\ARDUIN~1\ARDUIN~1\Debug\libArduinoCore.a(wiring_digital.o)
 .progmem.data.port_to_output_PGM
                0x00000000        0xa C:\Users\RONALD~1\DOCUME~1\DRONET~1\Repos\EMBEDD~1\04_I2C\ARDUIN~1\ARDUIN~1\Debug\libArduinoCore.a(wiring_digital.o)
 .progmem.data.port_to_mode_PGM
                0x00000000        0xa C:\Users\RONALD~1\DOCUME~1\DRONET~1\Repos\EMBEDD~1\04_I2C\ARDUIN~1\ARDUIN~1\Debug\libArduinoCore.a(wiring_digital.o)
 .debug_info    0x00000000      0x5e8 C:\Users\RONALD~1\DOCUME~1\DRONET~1\Repos\EMBEDD~1\04_I2C\ARDUIN~1\ARDUIN~1\Debug\libArduinoCore.a(wiring_digital.o)
 .debug_abbrev  0x00000000      0x15a C:\Users\RONALD~1\DOCUME~1\DRONET~1\Repos\EMBEDD~1\04_I2C\ARDUIN~1\ARDUIN~1\Debug\libArduinoCore.a(wiring_digital.o)
 .debug_loc     0x00000000      0x61a C:\Users\RONALD~1\DOCUME~1\DRONET~1\Repos\EMBEDD~1\04_I2C\ARDUIN~1\ARDUIN~1\Debug\libArduinoCore.a(wiring_digital.o)
 .debug_aranges
                0x00000000       0x38 C:\Users\RONALD~1\DOCUME~1\DRONET~1\Repos\EMBEDD~1\04_I2C\ARDUIN~1\ARDUIN~1\Debug\libArduinoCore.a(wiring_digital.o)
 .debug_ranges  0x00000000       0x28 C:\Users\RONALD~1\DOCUME~1\DRONET~1\Repos\EMBEDD~1\04_I2C\ARDUIN~1\ARDUIN~1\Debug\libArduinoCore.a(wiring_digital.o)
 .debug_line    0x00000000      0x258 C:\Users\RONALD~1\DOCUME~1\DRONET~1\Repos\EMBEDD~1\04_I2C\ARDUIN~1\ARDUIN~1\Debug\libArduinoCore.a(wiring_digital.o)
 .debug_str     0x00000000      0x2d4 C:\Users\RONALD~1\DOCUME~1\DRONET~1\Repos\EMBEDD~1\04_I2C\ARDUIN~1\ARDUIN~1\Debug\libArduinoCore.a(wiring_digital.o)
 .comment       0x00000000       0x31 C:\Users\RONALD~1\DOCUME~1\DRONET~1\Repos\EMBEDD~1\04_I2C\ARDUIN~1\ARDUIN~1\Debug\libArduinoCore.a(wiring_digital.o)
 .debug_frame   0x00000000       0x7c C:\Users\RONALD~1\DOCUME~1\DRONET~1\Repos\EMBEDD~1\04_I2C\ARDUIN~1\ARDUIN~1\Debug\libArduinoCore.a(wiring_digital.o)
 .text          0x00000000        0x0 C:\Users\RONALD~1\DOCUME~1\DRONET~1\Repos\EMBEDD~1\04_I2C\ARDUIN~1\ARDUIN~1\Debug\libArduinoCore.a(hooks.o)
 .data          0x00000000        0x0 C:\Users\RONALD~1\DOCUME~1\DRONET~1\Repos\EMBEDD~1\04_I2C\ARDUIN~1\ARDUIN~1\Debug\libArduinoCore.a(hooks.o)
 .bss           0x00000000        0x0 C:\Users\RONALD~1\DOCUME~1\DRONET~1\Repos\EMBEDD~1\04_I2C\ARDUIN~1\ARDUIN~1\Debug\libArduinoCore.a(hooks.o)
 .text.__empty  0x00000000        0x2 C:\Users\RONALD~1\DOCUME~1\DRONET~1\Repos\EMBEDD~1\04_I2C\ARDUIN~1\ARDUIN~1\Debug\libArduinoCore.a(hooks.o)
 .debug_info    0x00000000       0x3e C:\Users\RONALD~1\DOCUME~1\DRONET~1\Repos\EMBEDD~1\04_I2C\ARDUIN~1\ARDUIN~1\Debug\libArduinoCore.a(hooks.o)
 .debug_abbrev  0x00000000       0x2a C:\Users\RONALD~1\DOCUME~1\DRONET~1\Repos\EMBEDD~1\04_I2C\ARDUIN~1\ARDUIN~1\Debug\libArduinoCore.a(hooks.o)
 .debug_aranges
                0x00000000       0x20 C:\Users\RONALD~1\DOCUME~1\DRONET~1\Repos\EMBEDD~1\04_I2C\ARDUIN~1\ARDUIN~1\Debug\libArduinoCore.a(hooks.o)
 .debug_ranges  0x00000000       0x10 C:\Users\RONALD~1\DOCUME~1\DRONET~1\Repos\EMBEDD~1\04_I2C\ARDUIN~1\ARDUIN~1\Debug\libArduinoCore.a(hooks.o)
 .debug_line    0x00000000       0x41 C:\Users\RONALD~1\DOCUME~1\DRONET~1\Repos\EMBEDD~1\04_I2C\ARDUIN~1\ARDUIN~1\Debug\libArduinoCore.a(hooks.o)
 .debug_str     0x00000000      0x164 C:\Users\RONALD~1\DOCUME~1\DRONET~1\Repos\EMBEDD~1\04_I2C\ARDUIN~1\ARDUIN~1\Debug\libArduinoCore.a(hooks.o)
 .comment       0x00000000       0x31 C:\Users\RONALD~1\DOCUME~1\DRONET~1\Repos\EMBEDD~1\04_I2C\ARDUIN~1\ARDUIN~1\Debug\libArduinoCore.a(hooks.o)
 .debug_frame   0x00000000       0x24 C:\Users\RONALD~1\DOCUME~1\DRONET~1\Repos\EMBEDD~1\04_I2C\ARDUIN~1\ARDUIN~1\Debug\libArduinoCore.a(hooks.o)
 .text          0x00000000        0x0 c:/program files (x86)/atmel/studio/7.0/toolchain/avr8/avr8-gnu-toolchain/bin/../lib/gcc/avr/5.4.0/avr51\libgcc.a(_udivmodsi4.o)
 .data          0x00000000        0x0 c:/program files (x86)/atmel/studio/7.0/toolchain/avr8/avr8-gnu-toolchain/bin/../lib/gcc/avr/5.4.0/avr51\libgcc.a(_udivmodsi4.o)
 .bss           0x00000000        0x0 c:/program files (x86)/atmel/studio/7.0/toolchain/avr8/avr8-gnu-toolchain/bin/../lib/gcc/avr/5.4.0/avr51\libgcc.a(_udivmodsi4.o)
 .text.libgcc.mul
                0x00000000        0x0 c:/program files (x86)/atmel/studio/7.0/toolchain/avr8/avr8-gnu-toolchain/bin/../lib/gcc/avr/5.4.0/avr51\libgcc.a(_udivmodsi4.o)
 .text.libgcc   0x00000000        0x0 c:/program files (x86)/atmel/studio/7.0/toolchain/avr8/avr8-gnu-toolchain/bin/../lib/gcc/avr/5.4.0/avr51\libgcc.a(_udivmodsi4.o)
 .text.libgcc.prologue
                0x00000000        0x0 c:/program files (x86)/atmel/studio/7.0/toolchain/avr8/avr8-gnu-toolchain/bin/../lib/gcc/avr/5.4.0/avr51\libgcc.a(_udivmodsi4.o)
 .text.libgcc.builtins
                0x00000000        0x0 c:/program files (x86)/atmel/studio/7.0/toolchain/avr8/avr8-gnu-toolchain/bin/../lib/gcc/avr/5.4.0/avr51\libgcc.a(_udivmodsi4.o)
 .text.libgcc.fmul
                0x00000000        0x0 c:/program files (x86)/atmel/studio/7.0/toolchain/avr8/avr8-gnu-toolchain/bin/../lib/gcc/avr/5.4.0/avr51\libgcc.a(_udivmodsi4.o)
 .text.libgcc.fixed
                0x00000000        0x0 c:/program files (x86)/atmel/studio/7.0/toolchain/avr8/avr8-gnu-toolchain/bin/../lib/gcc/avr/5.4.0/avr51\libgcc.a(_udivmodsi4.o)
 .text          0x00000000        0x0 c:/program files (x86)/atmel/studio/7.0/toolchain/avr8/avr8-gnu-toolchain/bin/../lib/gcc/avr/5.4.0/avr51\libgcc.a(_exit.o)
 .data          0x00000000        0x0 c:/program files (x86)/atmel/studio/7.0/toolchain/avr8/avr8-gnu-toolchain/bin/../lib/gcc/avr/5.4.0/avr51\libgcc.a(_exit.o)
 .bss           0x00000000        0x0 c:/program files (x86)/atmel/studio/7.0/toolchain/avr8/avr8-gnu-toolchain/bin/../lib/gcc/avr/5.4.0/avr51\libgcc.a(_exit.o)
 .text.libgcc.mul
                0x00000000        0x0 c:/program files (x86)/atmel/studio/7.0/toolchain/avr8/avr8-gnu-toolchain/bin/../lib/gcc/avr/5.4.0/avr51\libgcc.a(_exit.o)
 .text.libgcc.div
                0x00000000        0x0 c:/program files (x86)/atmel/studio/7.0/toolchain/avr8/avr8-gnu-toolchain/bin/../lib/gcc/avr/5.4.0/avr51\libgcc.a(_exit.o)
 .text.libgcc   0x00000000        0x0 c:/program files (x86)/atmel/studio/7.0/toolchain/avr8/avr8-gnu-toolchain/bin/../lib/gcc/avr/5.4.0/avr51\libgcc.a(_exit.o)
 .text.libgcc.prologue
                0x00000000        0x0 c:/program files (x86)/atmel/studio/7.0/toolchain/avr8/avr8-gnu-toolchain/bin/../lib/gcc/avr/5.4.0/avr51\libgcc.a(_exit.o)
 .text.libgcc.builtins
                0x00000000        0x0 c:/program files (x86)/atmel/studio/7.0/toolchain/avr8/avr8-gnu-toolchain/bin/../lib/gcc/avr/5.4.0/avr51\libgcc.a(_exit.o)
 .text.libgcc.fmul
                0x00000000        0x0 c:/program files (x86)/atmel/studio/7.0/toolchain/avr8/avr8-gnu-toolchain/bin/../lib/gcc/avr/5.4.0/avr51\libgcc.a(_exit.o)
 .text.libgcc.fixed
                0x00000000        0x0 c:/program files (x86)/atmel/studio/7.0/toolchain/avr8/avr8-gnu-toolchain/bin/../lib/gcc/avr/5.4.0/avr51\libgcc.a(_exit.o)
 .text          0x00000000        0x0 c:/program files (x86)/atmel/studio/7.0/toolchain/avr8/avr8-gnu-toolchain/bin/../lib/gcc/avr/5.4.0/avr51\libgcc.a(_tablejump2.o)
 .data          0x00000000        0x0 c:/program files (x86)/atmel/studio/7.0/toolchain/avr8/avr8-gnu-toolchain/bin/../lib/gcc/avr/5.4.0/avr51\libgcc.a(_tablejump2.o)
 .bss           0x00000000        0x0 c:/program files (x86)/atmel/studio/7.0/toolchain/avr8/avr8-gnu-toolchain/bin/../lib/gcc/avr/5.4.0/avr51\libgcc.a(_tablejump2.o)
 .text.libgcc.mul
                0x00000000        0x0 c:/program files (x86)/atmel/studio/7.0/toolchain/avr8/avr8-gnu-toolchain/bin/../lib/gcc/avr/5.4.0/avr51\libgcc.a(_tablejump2.o)
 .text.libgcc.div
                0x00000000        0x0 c:/program files (x86)/atmel/studio/7.0/toolchain/avr8/avr8-gnu-toolchain/bin/../lib/gcc/avr/5.4.0/avr51\libgcc.a(_tablejump2.o)
 .text.libgcc.prologue
                0x00000000        0x0 c:/program files (x86)/atmel/studio/7.0/toolchain/avr8/avr8-gnu-toolchain/bin/../lib/gcc/avr/5.4.0/avr51\libgcc.a(_tablejump2.o)
 .text.libgcc.builtins
                0x00000000        0x0 c:/program files (x86)/atmel/studio/7.0/toolchain/avr8/avr8-gnu-toolchain/bin/../lib/gcc/avr/5.4.0/avr51\libgcc.a(_tablejump2.o)
 .text.libgcc.fmul
                0x00000000        0x0 c:/program files (x86)/atmel/studio/7.0/toolchain/avr8/avr8-gnu-toolchain/bin/../lib/gcc/avr/5.4.0/avr51\libgcc.a(_tablejump2.o)
 .text.libgcc.fixed
                0x00000000        0x0 c:/program files (x86)/atmel/studio/7.0/toolchain/avr8/avr8-gnu-toolchain/bin/../lib/gcc/avr/5.4.0/avr51\libgcc.a(_tablejump2.o)
 .text          0x00000000        0x0 c:/program files (x86)/atmel/studio/7.0/toolchain/avr8/avr8-gnu-toolchain/bin/../lib/gcc/avr/5.4.0/avr51\libgcc.a(_copy_data.o)
 .data          0x00000000        0x0 c:/program files (x86)/atmel/studio/7.0/toolchain/avr8/avr8-gnu-toolchain/bin/../lib/gcc/avr/5.4.0/avr51\libgcc.a(_copy_data.o)
 .bss           0x00000000        0x0 c:/program files (x86)/atmel/studio/7.0/toolchain/avr8/avr8-gnu-toolchain/bin/../lib/gcc/avr/5.4.0/avr51\libgcc.a(_copy_data.o)
 .text.libgcc.mul
                0x00000000        0x0 c:/program files (x86)/atmel/studio/7.0/toolchain/avr8/avr8-gnu-toolchain/bin/../lib/gcc/avr/5.4.0/avr51\libgcc.a(_copy_data.o)
 .text.libgcc.div
                0x00000000        0x0 c:/program files (x86)/atmel/studio/7.0/toolchain/avr8/avr8-gnu-toolchain/bin/../lib/gcc/avr/5.4.0/avr51\libgcc.a(_copy_data.o)
 .text.libgcc   0x00000000        0x0 c:/program files (x86)/atmel/studio/7.0/toolchain/avr8/avr8-gnu-toolchain/bin/../lib/gcc/avr/5.4.0/avr51\libgcc.a(_copy_data.o)
 .text.libgcc.prologue
                0x00000000        0x0 c:/program files (x86)/atmel/studio/7.0/toolchain/avr8/avr8-gnu-toolchain/bin/../lib/gcc/avr/5.4.0/avr51\libgcc.a(_copy_data.o)
 .text.libgcc.builtins
                0x00000000        0x0 c:/program files (x86)/atmel/studio/7.0/toolchain/avr8/avr8-gnu-toolchain/bin/../lib/gcc/avr/5.4.0/avr51\libgcc.a(_copy_data.o)
 .text.libgcc.fmul
                0x00000000        0x0 c:/program files (x86)/atmel/studio/7.0/toolchain/avr8/avr8-gnu-toolchain/bin/../lib/gcc/avr/5.4.0/avr51\libgcc.a(_copy_data.o)
 .text.libgcc.fixed
                0x00000000        0x0 c:/program files (x86)/atmel/studio/7.0/toolchain/avr8/avr8-gnu-toolchain/bin/../lib/gcc/avr/5.4.0/avr51\libgcc.a(_copy_data.o)
 .text          0x00000000        0x0 c:/program files (x86)/atmel/studio/7.0/toolchain/avr8/avr8-gnu-toolchain/bin/../lib/gcc/avr/5.4.0/avr51\libgcc.a(_clear_bss.o)
 .data          0x00000000        0x0 c:/program files (x86)/atmel/studio/7.0/toolchain/avr8/avr8-gnu-toolchain/bin/../lib/gcc/avr/5.4.0/avr51\libgcc.a(_clear_bss.o)
 .bss           0x00000000        0x0 c:/program files (x86)/atmel/studio/7.0/toolchain/avr8/avr8-gnu-toolchain/bin/../lib/gcc/avr/5.4.0/avr51\libgcc.a(_clear_bss.o)
 .text.libgcc.mul
                0x00000000        0x0 c:/program files (x86)/atmel/studio/7.0/toolchain/avr8/avr8-gnu-toolchain/bin/../lib/gcc/avr/5.4.0/avr51\libgcc.a(_clear_bss.o)
 .text.libgcc.div
                0x00000000        0x0 c:/program files (x86)/atmel/studio/7.0/toolchain/avr8/avr8-gnu-toolchain/bin/../lib/gcc/avr/5.4.0/avr51\libgcc.a(_clear_bss.o)
 .text.libgcc   0x00000000        0x0 c:/program files (x86)/atmel/studio/7.0/toolchain/avr8/avr8-gnu-toolchain/bin/../lib/gcc/avr/5.4.0/avr51\libgcc.a(_clear_bss.o)
 .text.libgcc.prologue
                0x00000000        0x0 c:/program files (x86)/atmel/studio/7.0/toolchain/avr8/avr8-gnu-toolchain/bin/../lib/gcc/avr/5.4.0/avr51\libgcc.a(_clear_bss.o)
 .text.libgcc.builtins
                0x00000000        0x0 c:/program files (x86)/atmel/studio/7.0/toolchain/avr8/avr8-gnu-toolchain/bin/../lib/gcc/avr/5.4.0/avr51\libgcc.a(_clear_bss.o)
 .text.libgcc.fmul
                0x00000000        0x0 c:/program files (x86)/atmel/studio/7.0/toolchain/avr8/avr8-gnu-toolchain/bin/../lib/gcc/avr/5.4.0/avr51\libgcc.a(_clear_bss.o)
 .text.libgcc.fixed
                0x00000000        0x0 c:/program files (x86)/atmel/studio/7.0/toolchain/avr8/avr8-gnu-toolchain/bin/../lib/gcc/avr/5.4.0/avr51\libgcc.a(_clear_bss.o)
 .text          0x00000000        0x0 c:/program files (x86)/atmel/studio/7.0/toolchain/avr8/avr8-gnu-toolchain/bin/../lib/gcc/avr/5.4.0/avr51\libgcc.a(_ctors.o)
 .data          0x00000000        0x0 c:/program files (x86)/atmel/studio/7.0/toolchain/avr8/avr8-gnu-toolchain/bin/../lib/gcc/avr/5.4.0/avr51\libgcc.a(_ctors.o)
 .bss           0x00000000        0x0 c:/program files (x86)/atmel/studio/7.0/toolchain/avr8/avr8-gnu-toolchain/bin/../lib/gcc/avr/5.4.0/avr51\libgcc.a(_ctors.o)
 .text.libgcc.mul
                0x00000000        0x0 c:/program files (x86)/atmel/studio/7.0/toolchain/avr8/avr8-gnu-toolchain/bin/../lib/gcc/avr/5.4.0/avr51\libgcc.a(_ctors.o)
 .text.libgcc.div
                0x00000000        0x0 c:/program files (x86)/atmel/studio/7.0/toolchain/avr8/avr8-gnu-toolchain/bin/../lib/gcc/avr/5.4.0/avr51\libgcc.a(_ctors.o)
 .text.libgcc   0x00000000        0x0 c:/program files (x86)/atmel/studio/7.0/toolchain/avr8/avr8-gnu-toolchain/bin/../lib/gcc/avr/5.4.0/avr51\libgcc.a(_ctors.o)
 .text.libgcc.prologue
                0x00000000        0x0 c:/program files (x86)/atmel/studio/7.0/toolchain/avr8/avr8-gnu-toolchain/bin/../lib/gcc/avr/5.4.0/avr51\libgcc.a(_ctors.o)
 .text.libgcc.builtins
                0x00000000        0x0 c:/program files (x86)/atmel/studio/7.0/toolchain/avr8/avr8-gnu-toolchain/bin/../lib/gcc/avr/5.4.0/avr51\libgcc.a(_ctors.o)
 .text.libgcc.fmul
                0x00000000        0x0 c:/program files (x86)/atmel/studio/7.0/toolchain/avr8/avr8-gnu-toolchain/bin/../lib/gcc/avr/5.4.0/avr51\libgcc.a(_ctors.o)
 .text.libgcc.fixed
                0x00000000        0x0 c:/program files (x86)/atmel/studio/7.0/toolchain/avr8/avr8-gnu-toolchain/bin/../lib/gcc/avr/5.4.0/avr51\libgcc.a(_ctors.o)

Memory Configuration

Name             Origin             Length             Attributes
text             0x00000000         0x00020000         xr
data             0x00800100         0x0000ff00         rw !x
eeprom           0x00810000         0x00010000         rw !x
fuse             0x00820000         0x00000003         rw !x
lock             0x00830000         0x00000400         rw !x
signature        0x00840000         0x00000400         rw !x
user_signatures  0x00850000         0x00000400         rw !x
*default*        0x00000000         0xffffffff

Linker script and memory map

Address of section .data set to 0x800100
LOAD C:/Program Files (x86)/Atmel/Studio/7.0/Packs/atmel/ATmega_DFP/1.2.150/gcc/dev/atmega1284p/avr51/crtatmega1284p.o
LOAD Sketch.o
LOAD src/libraries/Wire/src/utility/twi.o
LOAD src/libraries/Wire/src/Wire.o
START GROUP
LOAD c:/program files (x86)/atmel/studio/7.0/toolchain/avr8/avr8-gnu-toolchain/bin/../lib/gcc/avr/5.4.0/../../../../avr/lib/avr51\libm.a
LOAD C:\Users\RONALD~1\DOCUME~1\DRONET~1\Repos\EMBEDD~1\04_I2C\ARDUIN~1\ARDUIN~1\Debug\libArduinoCore.a
END GROUP
LOAD c:/program files (x86)/atmel/studio/7.0/toolchain/avr8/avr8-gnu-toolchain/bin/../lib/gcc/avr/5.4.0/avr51\libgcc.a
LOAD c:/program files (x86)/atmel/studio/7.0/toolchain/avr8/avr8-gnu-toolchain/bin/../lib/gcc/avr/5.4.0/../../../../avr/lib/avr51\libm.a
START GROUP
LOAD c:/program files (x86)/atmel/studio/7.0/toolchain/avr8/avr8-gnu-toolchain/bin/../lib/gcc/avr/5.4.0/avr51\libgcc.a
LOAD c:/program files (x86)/atmel/studio/7.0/toolchain/avr8/avr8-gnu-toolchain/bin/../lib/gcc/avr/5.4.0/../../../../avr/lib/avr51\libm.a
LOAD c:/program files (x86)/atmel/studio/7.0/toolchain/avr8/avr8-gnu-toolchain/bin/../lib/gcc/avr/5.4.0/../../../../avr/lib/avr51\libc.a
LOAD C:/Program Files (x86)/Atmel/Studio/7.0/Packs/atmel/ATmega_DFP/1.2.150/gcc/dev/atmega1284p/avr51\libatmega1284p.a
END GROUP
                0x00020000                __TEXT_REGION_LENGTH__ = DEFINED (__TEXT_REGION_LENGTH__)?__TEXT_REGION_LENGTH__:0x20000
                0x0000ff00                __DATA_REGION_LENGTH__ = DEFINED (__DATA_REGION_LENGTH__)?__DATA_REGION_LENGTH__:0xff00
                0x00010000                __EEPROM_REGION_LENGTH__ = DEFINED (__EEPROM_REGION_LENGTH__)?__EEPROM_REGION_LENGTH__:0x10000
                [0x00000003]                __FUSE_REGION_LENGTH__ = DEFINED (__FUSE_REGION_LENGTH__)?__FUSE_REGION_LENGTH__:0x400
                0x00000400                __LOCK_REGION_LENGTH__ = DEFINED (__LOCK_REGION_LENGTH__)?__LOCK_REGION_LENGTH__:0x400
                0x00000400                __SIGNATURE_REGION_LENGTH__ = DEFINED (__SIGNATURE_REGION_LENGTH__)?__SIGNATURE_REGION_LENGTH__:0x400
                0x00000400                __USER_SIGNATURE_REGION_LENGTH__ = DEFINED (__USER_SIGNATURE_REGION_LENGTH__)?__USER_SIGNATURE_REGION_LENGTH__:0x400

.hash
 *(.hash)

.dynsym
 *(.dynsym)

.dynstr
 *(.dynstr)

.gnu.version
 *(.gnu.version)

.gnu.version_d
 *(.gnu.version_d)

.gnu.version_r
 *(.gnu.version_r)

.rel.init
 *(.rel.init)

.rela.init
 *(.rela.init)

.rel.text
 *(.rel.text)
 *(.rel.text.*)
 *(.rel.gnu.linkonce.t*)

.rela.text
 *(.rela.text)
 *(.rela.text.*)
 *(.rela.gnu.linkonce.t*)

.rel.fini
 *(.rel.fini)

.rela.fini
 *(.rela.fini)

.rel.rodata
 *(.rel.rodata)
 *(.rel.rodata.*)
 *(.rel.gnu.linkonce.r*)

.rela.rodata
 *(.rela.rodata)
 *(.rela.rodata.*)
 *(.rela.gnu.linkonce.r*)

.rel.data
 *(.rel.data)
 *(.rel.data.*)
 *(.rel.gnu.linkonce.d*)

.rela.data
 *(.rela.data)
 *(.rela.data.*)
 *(.rela.gnu.linkonce.d*)

.rel.ctors
 *(.rel.ctors)

.rela.ctors
 *(.rela.ctors)

.rel.dtors
 *(.rel.dtors)

.rela.dtors
 *(.rela.dtors)

.rel.got
 *(.rel.got)

.rela.got
 *(.rela.got)

.rel.bss
 *(.rel.bss)

.rela.bss
 *(.rela.bss)

.rel.plt
 *(.rel.plt)

.rela.plt
 *(.rela.plt)

.text           0x00000000      0x6b6
 *(.vectors)
 .vectors       0x00000000       0x8c C:/Program Files (x86)/Atmel/Studio/7.0/Packs/atmel/ATmega_DFP/1.2.150/gcc/dev/atmega1284p/avr51/crtatmega1284p.o
                0x00000000                __vector_default
                0x00000000                __vectors
 *(.vectors)
 *(.progmem.gcc*)
                0x0000008c                . = ALIGN (0x2)
                0x0000008c                __trampolines_start = .
 *(.trampolines)
 .trampolines   0x0000008c        0x0 linker stubs
 *(.trampolines*)
                0x0000008c                __trampolines_end = .
 *libprintf_flt.a:*(.progmem.data)
 *libc.a:*(.progmem.data)
 *(.progmem*)
                0x0000008c                . = ALIGN (0x2)
 *(.jumptables)
 *(.jumptables*)
 *(.lowtext)
 *(.lowtext*)
                0x0000008c                __ctors_start = .
 *(.ctors)
 .ctors         0x0000008c        0x2 Sketch.o
 .ctors         0x0000008e        0x2 src/libraries/Wire/src/Wire.o
                0x00000090                __ctors_end = .
                0x00000090                __dtors_start = .
 *(.dtors)
                0x00000090                __dtors_end = .
 SORT(*)(.ctors)
 SORT(*)(.dtors)
 *(.init0)
 .init0         0x00000090        0x0 C:/Program Files (x86)/Atmel/Studio/7.0/Packs/atmel/ATmega_DFP/1.2.150/gcc/dev/atmega1284p/avr51/crtatmega1284p.o
                0x00000090                __init
 *(.init0)
 *(.init1)
 *(.init1)
 *(.init2)
 .init2         0x00000090        0xc C:/Program Files (x86)/Atmel/Studio/7.0/Packs/atmel/ATmega_DFP/1.2.150/gcc/dev/atmega1284p/avr51/crtatmega1284p.o
 *(.init2)
 *(.init3)
 *(.init3)
 *(.init4)
 .init4         0x0000009c       0x1a c:/program files (x86)/atmel/studio/7.0/toolchain/avr8/avr8-gnu-toolchain/bin/../lib/gcc/avr/5.4.0/avr51\libgcc.a(_copy_data.o)
                0x0000009c                __do_copy_data
 .init4         0x000000b6       0x10 c:/program files (x86)/atmel/studio/7.0/toolchain/avr8/avr8-gnu-toolchain/bin/../lib/gcc/avr/5.4.0/avr51\libgcc.a(_clear_bss.o)
                0x000000b6                __do_clear_bss
 *(.init4)
 *(.init5)
 *(.init5)
 *(.init6)
 .init6         0x000000c6       0x14 c:/program files (x86)/atmel/studio/7.0/toolchain/avr8/avr8-gnu-toolchain/bin/../lib/gcc/avr/5.4.0/avr51\libgcc.a(_ctors.o)
                0x000000c6                __do_global_ctors
 *(.init6)
 *(.init7)
 *(.init7)
 *(.init8)
 *(.init8)
 *(.init9)
 .init9         0x000000da        0x4 C:/Program Files (x86)/Atmel/Studio/7.0/Packs/atmel/ATmega_DFP/1.2.150/gcc/dev/atmega1284p/avr51/crtatmega1284p.o
 *(.init9)
 *(.text)
 .text          0x000000de        0x2 C:/Program Files (x86)/Atmel/Studio/7.0/Packs/atmel/ATmega_DFP/1.2.150/gcc/dev/atmega1284p/avr51/crtatmega1284p.o
                0x000000de                __vector_22
                0x000000de                __vector_28
                0x000000de                __vector_1
                0x000000de                __vector_32
                0x000000de                __vector_34
                0x000000de                __vector_24
                0x000000de                __vector_12
                0x000000de                __bad_interrupt
                0x000000de                __vector_6
                0x000000de                __vector_31
                0x000000de                __vector_3
                0x000000de                __vector_23
                0x000000de                __vector_30
                0x000000de                __vector_25
                0x000000de                __vector_11
                0x000000de                __vector_13
                0x000000de                __vector_17
                0x000000de                __vector_19
                0x000000de                __vector_7
                0x000000de                __vector_27
                0x000000de                __vector_5
                0x000000de                __vector_33
                0x000000de                __vector_4
                0x000000de                __vector_9
                0x000000de                __vector_2
                0x000000de                __vector_21
                0x000000de                __vector_15
                0x000000de                __vector_29
                0x000000de                __vector_8
                0x000000de                __vector_14
                0x000000de                __vector_10
                0x000000de                __vector_16
                0x000000de                __vector_20
                0x000000e0                . = ALIGN (0x2)
 *(.text.*)
 .text.setup    0x000000e0        0xe Sketch.o
                0x000000e0                setup
 .text.loop     0x000000ee        0x2 Sketch.o
                0x000000ee                loop
 .text.startup._GLOBAL__sub_I_exteeprom
                0x000000f0        0x6 Sketch.o
 .text.twi_setFrequency
                0x000000f6       0x26 src/libraries/Wire/src/utility/twi.o
                0x000000f6                twi_setFrequency
 .text.twi_transmit
                0x0000011c       0x50 src/libraries/Wire/src/utility/twi.o
                0x0000011c                twi_transmit
 .text.twi_stop
                0x0000016c       0x14 src/libraries/Wire/src/utility/twi.o
                0x0000016c                twi_stop
 .text.twi_releaseBus
                0x00000180        0xc src/libraries/Wire/src/utility/twi.o
                0x00000180                twi_releaseBus
 .text.__vector_26
                0x0000018c      0x25c src/libraries/Wire/src/utility/twi.o
                0x0000018c                __vector_26
 .text._ZN7TwoWire9availableEv
                0x000003e8       0x10 src/libraries/Wire/src/Wire.o
                0x000003e8                _ZN7TwoWire9availableEv
 .text._ZN7TwoWire4readEv
                0x000003f8       0x28 src/libraries/Wire/src/Wire.o
                0x000003f8                _ZN7TwoWire4readEv
 .text._ZN7TwoWire4peekEv
                0x00000420       0x1e src/libraries/Wire/src/Wire.o
                0x00000420                _ZN7TwoWire4peekEv
 .text._ZN7TwoWire5flushEv
                0x0000043e        0x2 src/libraries/Wire/src/Wire.o
                0x0000043e                _ZN7TwoWire5flushEv
 .text._ZN7TwoWire5writeEPKhj
                0x00000440       0x58 src/libraries/Wire/src/Wire.o
                0x00000440                _ZN7TwoWire5writeEPKhj
 .text._ZN7TwoWire5writeEh
                0x00000498       0x5c src/libraries/Wire/src/Wire.o
                0x00000498                _ZN7TwoWire5writeEh
 .text._ZN7TwoWireC2Ev
                0x000004f4       0x20 src/libraries/Wire/src/Wire.o
                0x000004f4                _ZN7TwoWireC1Ev
                0x000004f4                _ZN7TwoWireC2Ev
 .text._ZN7TwoWire8setClockEm
                0x00000514        0x6 src/libraries/Wire/src/Wire.o
                0x00000514                _ZN7TwoWire8setClockEm
 .text.startup._GLOBAL__sub_I__ZN7TwoWire8rxBufferE
                0x0000051a        0x6 src/libraries/Wire/src/Wire.o
 .text.initVariant
                0x00000520        0x2 C:\Users\RONALD~1\DOCUME~1\DRONET~1\Repos\EMBEDD~1\04_I2C\ARDUIN~1\ARDUIN~1\Debug\libArduinoCore.a(main.o)
                0x00000520                initVariant
 .text.startup.main
                0x00000522       0x16 C:\Users\RONALD~1\DOCUME~1\DRONET~1\Repos\EMBEDD~1\04_I2C\ARDUIN~1\ARDUIN~1\Debug\libArduinoCore.a(main.o)
                0x00000522                main
 .text.__vector_18
                0x00000538       0x94 C:\Users\RONALD~1\DOCUME~1\DRONET~1\Repos\EMBEDD~1\04_I2C\ARDUIN~1\ARDUIN~1\Debug\libArduinoCore.a(wiring.o)
                0x00000538                __vector_18
 .text.init     0x000005cc       0x90 C:\Users\RONALD~1\DOCUME~1\DRONET~1\Repos\EMBEDD~1\04_I2C\ARDUIN~1\ARDUIN~1\Debug\libArduinoCore.a(wiring.o)
                0x000005cc                init
 .text.libgcc.div
                0x0000065c       0x44 c:/program files (x86)/atmel/studio/7.0/toolchain/avr8/avr8-gnu-toolchain/bin/../lib/gcc/avr/5.4.0/avr51\libgcc.a(_udivmodsi4.o)
                0x0000065c                __udivmodsi4
 .text.libgcc   0x000006a0       0x12 c:/program files (x86)/atmel/studio/7.0/toolchain/avr8/avr8-gnu-toolchain/bin/../lib/gcc/avr/5.4.0/avr51\libgcc.a(_tablejump2.o)
                0x000006a0                __tablejump2__
                0x000006b2                . = ALIGN (0x2)
 *(.fini9)
 .fini9         0x000006b2        0x0 c:/program files (x86)/atmel/studio/7.0/toolchain/avr8/avr8-gnu-toolchain/bin/../lib/gcc/avr/5.4.0/avr51\libgcc.a(_exit.o)
                0x000006b2                _exit
                0x000006b2                exit
 *(.fini9)
 *(.fini8)
 *(.fini8)
 *(.fini7)
 *(.fini7)
 *(.fini6)
 *(.fini6)
 *(.fini5)
 *(.fini5)
 *(.fini4)
 *(.fini4)
 *(.fini3)
 *(.fini3)
 *(.fini2)
 *(.fini2)
 *(.fini1)
 *(.fini1)
 *(.fini0)
 .fini0         0x000006b2        0x4 c:/program files (x86)/atmel/studio/7.0/toolchain/avr8/avr8-gnu-toolchain/bin/../lib/gcc/avr/5.4.0/avr51\libgcc.a(_exit.o)
 *(.fini0)
                0x000006b6                _etext = .

.data           0x00800100       0x10 load address 0x000006b6
                0x00800100                PROVIDE (__data_start, .)
 *(.data)
 *(.data*)
 *(.gnu.linkonce.d*)
 *(.rodata)
 *(.rodata*)
 .rodata._ZTV7TwoWire
                0x00800100       0x10 src/libraries/Wire/src/Wire.o
                0x00800100                _ZTV7TwoWire
 *(.gnu.linkonce.r*)
                0x00800110                . = ALIGN (0x2)
                0x00800110                _edata = .
                0x00800110                PROVIDE (__data_end, .)

.bss            0x00800110       0xd4
                0x00800110                PROVIDE (__bss_start, .)
 *(.bss)
 *(.bss*)
 .bss.exteeprom
                0x00800110        0xc Sketch.o
                0x00800110                exteeprom
 .bss.twi_error
                0x0080011c        0x1 src/libraries/Wire/src/utility/twi.o
 .bss.twi_rxBufferIndex
                0x0080011d        0x1 src/libraries/Wire/src/utility/twi.o
 .bss.twi_rxBuffer
                0x0080011e       0x20 src/libraries/Wire/src/utility/twi.o
 .bss.twi_txBufferLength
                0x0080013e        0x1 src/libraries/Wire/src/utility/twi.o
 .bss.twi_txBufferIndex
                0x0080013f        0x1 src/libraries/Wire/src/utility/twi.o
 .bss.twi_txBuffer
                0x00800140       0x20 src/libraries/Wire/src/utility/twi.o
 .bss.twi_masterBufferLength
                0x00800160        0x1 src/libraries/Wire/src/utility/twi.o
 .bss.twi_masterBufferIndex
                0x00800161        0x1 src/libraries/Wire/src/utility/twi.o
 .bss.twi_masterBuffer
                0x00800162       0x20 src/libraries/Wire/src/utility/twi.o
 .bss.twi_onSlaveReceive
                0x00800182        0x2 src/libraries/Wire/src/utility/twi.o
 .bss.twi_onSlaveTransmit
                0x00800184        0x2 src/libraries/Wire/src/utility/twi.o
 .bss.twi_inRepStart
                0x00800186        0x1 src/libraries/Wire/src/utility/twi.o
 .bss.twi_sendStop
                0x00800187        0x1 src/libraries/Wire/src/utility/twi.o
 .bss.twi_slarw
                0x00800188        0x1 src/libraries/Wire/src/utility/twi.o
 .bss.twi_state
                0x00800189        0x1 src/libraries/Wire/src/utility/twi.o
 .bss.Wire      0x0080018a        0xc src/libraries/Wire/src/Wire.o
                0x0080018a                Wire
 .bss._ZN7TwoWire12transmittingE
                0x00800196        0x1 src/libraries/Wire/src/Wire.o
                0x00800196                _ZN7TwoWire12transmittingE
 .bss._ZN7TwoWire14txBufferLengthE
                0x00800197        0x1 src/libraries/Wire/src/Wire.o
                0x00800197                _ZN7TwoWire14txBufferLengthE
 .bss._ZN7TwoWire13txBufferIndexE
                0x00800198        0x1 src/libraries/Wire/src/Wire.o
                0x00800198                _ZN7TwoWire13txBufferIndexE
 .bss._ZN7TwoWire8txBufferE
                0x00800199       0x20 src/libraries/Wire/src/Wire.o
                0x00800199                _ZN7TwoWire8txBufferE
 .bss._ZN7TwoWire14rxBufferLengthE
                0x008001b9        0x1 src/libraries/Wire/src/Wire.o
                0x008001b9                _ZN7TwoWire14rxBufferLengthE
 .bss._ZN7TwoWire13rxBufferIndexE
                0x008001ba        0x1 src/libraries/Wire/src/Wire.o
                0x008001ba                _ZN7TwoWire13rxBufferIndexE
 .bss._ZN7TwoWire8rxBufferE
                0x008001bb       0x20 src/libraries/Wire/src/Wire.o
                0x008001bb                _ZN7TwoWire8rxBufferE
 .bss.timer0_fract
                0x008001db        0x1 C:\Users\RONALD~1\DOCUME~1\DRONET~1\Repos\EMBEDD~1\04_I2C\ARDUIN~1\ARDUIN~1\Debug\libArduinoCore.a(wiring.o)
 .bss.timer0_millis
                0x008001dc        0x4 C:\Users\RONALD~1\DOCUME~1\DRONET~1\Repos\EMBEDD~1\04_I2C\ARDUIN~1\ARDUIN~1\Debug\libArduinoCore.a(wiring.o)
                0x008001dc                timer0_millis
 .bss.timer0_overflow_count
                0x008001e0        0x4 C:\Users\RONALD~1\DOCUME~1\DRONET~1\Repos\EMBEDD~1\04_I2C\ARDUIN~1\ARDUIN~1\Debug\libArduinoCore.a(wiring.o)
                0x008001e0                timer0_overflow_count
 *(COMMON)
                0x008001e4                PROVIDE (__bss_end, .)
                0x000006b6                __data_load_start = LOADADDR (.data)
                0x000006c6                __data_load_end = (__data_load_start + SIZEOF (.data))

.noinit         0x008001e4        0x0
                [!provide]                PROVIDE (__noinit_start, .)
 *(.noinit*)
                [!provide]                PROVIDE (__noinit_end, .)
                0x008001e4                _end = .
                [!provide]                PROVIDE (__heap_start, .)

.eeprom         0x00810000        0x0
 *(.eeprom*)
                0x00810000                __eeprom_end = .

.fuse
 *(.fuse)
 *(.lfuse)
 *(.hfuse)
 *(.efuse)

.lock
 *(.lock*)

.signature
 *(.signature*)

.user_signatures
 *(.user_signatures*)

.stab
 *(.stab)

.stabstr
 *(.stabstr)

.stab.excl
 *(.stab.excl)

.stab.exclstr
 *(.stab.exclstr)

.stab.index
 *(.stab.index)

.stab.indexstr
 *(.stab.indexstr)

.comment        0x00000000       0x30
 *(.comment)
 .comment       0x00000000       0x30 Sketch.o
                                 0x31 (size before relaxing)
 .comment       0x00000030       0x31 src/libraries/Wire/src/utility/twi.o
 .comment       0x00000030       0x31 src/libraries/Wire/src/Wire.o
 .comment       0x00000030       0x31 C:\Users\RONALD~1\DOCUME~1\DRONET~1\Repos\EMBEDD~1\04_I2C\ARDUIN~1\ARDUIN~1\Debug\libArduinoCore.a(main.o)
 .comment       0x00000030       0x31 C:\Users\RONALD~1\DOCUME~1\DRONET~1\Repos\EMBEDD~1\04_I2C\ARDUIN~1\ARDUIN~1\Debug\libArduinoCore.a(wiring.o)

.note.gnu.avr.deviceinfo
                0x00000000       0x40
 .note.gnu.avr.deviceinfo
                0x00000000       0x40 C:/Program Files (x86)/Atmel/Studio/7.0/Packs/atmel/ATmega_DFP/1.2.150/gcc/dev/atmega1284p/avr51/crtatmega1284p.o

.note.gnu.build-id
 *(.note.gnu.build-id)

.debug
 *(.debug)

.line
 *(.line)

.debug_srcinfo
 *(.debug_srcinfo)

.debug_sfnames
 *(.debug_sfnames)

.debug_aranges  0x00000000      0x210
 *(.debug_aranges)
 .debug_aranges
                0x00000000       0x30 Sketch.o
 .debug_aranges
                0x00000030       0x80 src/libraries/Wire/src/utility/twi.o
 .debug_aranges
                0x000000b0       0xe8 src/libraries/Wire/src/Wire.o
 .debug_aranges
                0x00000198       0x30 C:\Users\RONALD~1\DOCUME~1\DRONET~1\Repos\EMBEDD~1\04_I2C\ARDUIN~1\ARDUIN~1\Debug\libArduinoCore.a(main.o)
 .debug_aranges
                0x000001c8       0x48 C:\Users\RONALD~1\DOCUME~1\DRONET~1\Repos\EMBEDD~1\04_I2C\ARDUIN~1\ARDUIN~1\Debug\libArduinoCore.a(wiring.o)

.debug_pubnames
 *(.debug_pubnames)

.debug_info     0x00000000     0x3cab
 *(.debug_info .gnu.linkonce.wi.*)
 .debug_info    0x00000000      0x792 C:/Program Files (x86)/Atmel/Studio/7.0/Packs/atmel/ATmega_DFP/1.2.150/gcc/dev/atmega1284p/avr51/crtatmega1284p.o
 .debug_info    0x00000792      0x2b8 Sketch.o
 .debug_info    0x00000a4a      0x610 src/libraries/Wire/src/utility/twi.o
 .debug_info    0x0000105a     0x2737 src/libraries/Wire/src/Wire.o
 .debug_info    0x00003791      0x243 C:\Users\RONALD~1\DOCUME~1\DRONET~1\Repos\EMBEDD~1\04_I2C\ARDUIN~1\ARDUIN~1\Debug\libArduinoCore.a(main.o)
 .debug_info    0x000039d4      0x2d7 C:\Users\RONALD~1\DOCUME~1\DRONET~1\Repos\EMBEDD~1\04_I2C\ARDUIN~1\ARDUIN~1\Debug\libArduinoCore.a(wiring.o)

.debug_abbrev   0x00000000     0x130c
 *(.debug_abbrev)
 .debug_abbrev  0x00000000      0x729 C:/Program Files (x86)/Atmel/Studio/7.0/Packs/atmel/ATmega_DFP/1.2.150/gcc/dev/atmega1284p/avr51/crtatmega1284p.o
 .debug_abbrev  0x00000729      0x18d Sketch.o
 .debug_abbrev  0x000008b6      0x260 src/libraries/Wire/src/utility/twi.o
 .debug_abbrev  0x00000b16      0x583 src/libraries/Wire/src/Wire.o
 .debug_abbrev  0x00001099      0x12d C:\Users\RONALD~1\DOCUME~1\DRONET~1\Repos\EMBEDD~1\04_I2C\ARDUIN~1\ARDUIN~1\Debug\libArduinoCore.a(main.o)
 .debug_abbrev  0x000011c6      0x146 C:\Users\RONALD~1\DOCUME~1\DRONET~1\Repos\EMBEDD~1\04_I2C\ARDUIN~1\ARDUIN~1\Debug\libArduinoCore.a(wiring.o)

.debug_line     0x00000000     0x1218
 *(.debug_line .debug_line.* .debug_line_end)
 .debug_line    0x00000000      0x169 C:/Program Files (x86)/Atmel/Studio/7.0/Packs/atmel/ATmega_DFP/1.2.150/gcc/dev/atmega1284p/avr51/crtatmega1284p.o
 .debug_line    0x00000169      0x1d9 Sketch.o
 .debug_line    0x00000342      0x519 src/libraries/Wire/src/utility/twi.o
 .debug_line    0x0000085b      0x5ad src/libraries/Wire/src/Wire.o
 .debug_line    0x00000e08      0x165 C:\Users\RONALD~1\DOCUME~1\DRONET~1\Repos\EMBEDD~1\04_I2C\ARDUIN~1\ARDUIN~1\Debug\libArduinoCore.a(main.o)
 .debug_line    0x00000f6d      0x2ab C:\Users\RONALD~1\DOCUME~1\DRONET~1\Repos\EMBEDD~1\04_I2C\ARDUIN~1\ARDUIN~1\Debug\libArduinoCore.a(wiring.o)

.debug_frame    0x00000000      0x4f4
 *(.debug_frame)
 .debug_frame   0x00000000       0x44 Sketch.o
 .debug_frame   0x00000044      0x134 src/libraries/Wire/src/utility/twi.o
 .debug_frame   0x00000178      0x264 src/libraries/Wire/src/Wire.o
 .debug_frame   0x000003dc       0x54 C:\Users\RONALD~1\DOCUME~1\DRONET~1\Repos\EMBEDD~1\04_I2C\ARDUIN~1\ARDUIN~1\Debug\libArduinoCore.a(main.o)
 .debug_frame   0x00000430       0xc4 C:\Users\RONALD~1\DOCUME~1\DRONET~1\Repos\EMBEDD~1\04_I2C\ARDUIN~1\ARDUIN~1\Debug\libArduinoCore.a(wiring.o)

.debug_str      0x00000000     0x1e47
 *(.debug_str)
 .debug_str     0x00000000      0x296 C:/Program Files (x86)/Atmel/Studio/7.0/Packs/atmel/ATmega_DFP/1.2.150/gcc/dev/atmega1284p/avr51/crtatmega1284p.o
 .debug_str     0x00000296      0x2f3 Sketch.o
                                0x345 (size before relaxing)
 .debug_str     0x00000589      0x2f8 src/libraries/Wire/src/utility/twi.o
                                0x3f7 (size before relaxing)
 .debug_str     0x00000881     0x1476 src/libraries/Wire/src/Wire.o
                               0x18be (size before relaxing)
 .debug_str     0x00001cf7       0xcb C:\Users\RONALD~1\DOCUME~1\DRONET~1\Repos\EMBEDD~1\04_I2C\ARDUIN~1\ARDUIN~1\Debug\libArduinoCore.a(main.o)
                                0x2d9 (size before relaxing)
 .debug_str     0x00001dc2       0x85 C:\Users\RONALD~1\DOCUME~1\DRONET~1\Repos\EMBEDD~1\04_I2C\ARDUIN~1\ARDUIN~1\Debug\libArduinoCore.a(wiring.o)
                                0x26f (size before relaxing)

.debug_loc      0x00000000     0x124a
 *(.debug_loc)
 .debug_loc     0x00000000      0x3e6 src/libraries/Wire/src/utility/twi.o
 .debug_loc     0x000003e6      0xbd7 src/libraries/Wire/src/Wire.o
 .debug_loc     0x00000fbd      0x28d C:\Users\RONALD~1\DOCUME~1\DRONET~1\Repos\EMBEDD~1\04_I2C\ARDUIN~1\ARDUIN~1\Debug\libArduinoCore.a(wiring.o)

.debug_macinfo
 *(.debug_macinfo)

.debug_weaknames
 *(.debug_weaknames)

.debug_funcnames
 *(.debug_funcnames)

.debug_typenames
 *(.debug_typenames)

.debug_varnames
 *(.debug_varnames)

.debug_pubtypes
 *(.debug_pubtypes)

.debug_ranges   0x00000000      0x1c0
 *(.debug_ranges)
 .debug_ranges  0x00000000       0x20 Sketch.o
 .debug_ranges  0x00000020       0x70 src/libraries/Wire/src/utility/twi.o
 .debug_ranges  0x00000090       0xd8 src/libraries/Wire/src/Wire.o
 .debug_ranges  0x00000168       0x20 C:\Users\RONALD~1\DOCUME~1\DRONET~1\Repos\EMBEDD~1\04_I2C\ARDUIN~1\ARDUIN~1\Debug\libArduinoCore.a(main.o)
 .debug_ranges  0x00000188       0x38 C:\Users\RONALD~1\DOCUME~1\DRONET~1\Repos\EMBEDD~1\04_I2C\ARDUIN~1\ARDUIN~1\Debug\libArduinoCore.a(wiring.o)

.debug_macro
 *(.debug_macro)
OUTPUT(Blank.elf elf32-avr)
LOAD linker stubs
