Archive member included to satisfy reference by file (symbol)

c:/program files (x86)/atmel/studio/7.0/toolchain/avr8/avr8-gnu-toolchain/bin/../lib/gcc/avr/5.4.0/../../../../avr/lib/avr51\libm.a(addsf3.o)
                              Sketch.o (__subsf3)
c:/program files (x86)/atmel/studio/7.0/toolchain/avr8/avr8-gnu-toolchain/bin/../lib/gcc/avr/5.4.0/../../../../avr/lib/avr51\libm.a(addsf3x.o)
                              c:/program files (x86)/atmel/studio/7.0/toolchain/avr8/avr8-gnu-toolchain/bin/../lib/gcc/avr/5.4.0/../../../../avr/lib/avr51\libm.a(addsf3.o) (__addsf3x)
c:/program files (x86)/atmel/studio/7.0/toolchain/avr8/avr8-gnu-toolchain/bin/../lib/gcc/avr/5.4.0/../../../../avr/lib/avr51\libm.a(divsf3.o)
                              Sketch.o (__divsf3)
c:/program files (x86)/atmel/studio/7.0/toolchain/avr8/avr8-gnu-toolchain/bin/../lib/gcc/avr/5.4.0/../../../../avr/lib/avr51\libm.a(divsf3x.o)
                              c:/program files (x86)/atmel/studio/7.0/toolchain/avr8/avr8-gnu-toolchain/bin/../lib/gcc/avr/5.4.0/../../../../avr/lib/avr51\libm.a(divsf3.o) (__divsf3x)
c:/program files (x86)/atmel/studio/7.0/toolchain/avr8/avr8-gnu-toolchain/bin/../lib/gcc/avr/5.4.0/../../../../avr/lib/avr51\libm.a(fixsfsi.o)
                              Sketch.o (__fixsfsi)
c:/program files (x86)/atmel/studio/7.0/toolchain/avr8/avr8-gnu-toolchain/bin/../lib/gcc/avr/5.4.0/../../../../avr/lib/avr51\libm.a(fixunssfsi.o)
                              c:/program files (x86)/atmel/studio/7.0/toolchain/avr8/avr8-gnu-toolchain/bin/../lib/gcc/avr/5.4.0/../../../../avr/lib/avr51\libm.a(fixsfsi.o) (__fixunssfsi)
c:/program files (x86)/atmel/studio/7.0/toolchain/avr8/avr8-gnu-toolchain/bin/../lib/gcc/avr/5.4.0/../../../../avr/lib/avr51\libm.a(floatsisf.o)
                              Sketch.o (__floatsisf)
c:/program files (x86)/atmel/studio/7.0/toolchain/avr8/avr8-gnu-toolchain/bin/../lib/gcc/avr/5.4.0/../../../../avr/lib/avr51\libm.a(fp_inf.o)
                              c:/program files (x86)/atmel/studio/7.0/toolchain/avr8/avr8-gnu-toolchain/bin/../lib/gcc/avr/5.4.0/../../../../avr/lib/avr51\libm.a(addsf3x.o) (__fp_inf)
c:/program files (x86)/atmel/studio/7.0/toolchain/avr8/avr8-gnu-toolchain/bin/../lib/gcc/avr/5.4.0/../../../../avr/lib/avr51\libm.a(fp_nan.o)
                              c:/program files (x86)/atmel/studio/7.0/toolchain/avr8/avr8-gnu-toolchain/bin/../lib/gcc/avr/5.4.0/../../../../avr/lib/avr51\libm.a(addsf3x.o) (__fp_nan)
c:/program files (x86)/atmel/studio/7.0/toolchain/avr8/avr8-gnu-toolchain/bin/../lib/gcc/avr/5.4.0/../../../../avr/lib/avr51\libm.a(fp_pscA.o)
                              c:/program files (x86)/atmel/studio/7.0/toolchain/avr8/avr8-gnu-toolchain/bin/../lib/gcc/avr/5.4.0/../../../../avr/lib/avr51\libm.a(addsf3x.o) (__fp_pscA)
c:/program files (x86)/atmel/studio/7.0/toolchain/avr8/avr8-gnu-toolchain/bin/../lib/gcc/avr/5.4.0/../../../../avr/lib/avr51\libm.a(fp_pscB.o)
                              c:/program files (x86)/atmel/studio/7.0/toolchain/avr8/avr8-gnu-toolchain/bin/../lib/gcc/avr/5.4.0/../../../../avr/lib/avr51\libm.a(addsf3x.o) (__fp_pscB)
c:/program files (x86)/atmel/studio/7.0/toolchain/avr8/avr8-gnu-toolchain/bin/../lib/gcc/avr/5.4.0/../../../../avr/lib/avr51\libm.a(fp_round.o)
                              c:/program files (x86)/atmel/studio/7.0/toolchain/avr8/avr8-gnu-toolchain/bin/../lib/gcc/avr/5.4.0/../../../../avr/lib/avr51\libm.a(addsf3.o) (__fp_round)
c:/program files (x86)/atmel/studio/7.0/toolchain/avr8/avr8-gnu-toolchain/bin/../lib/gcc/avr/5.4.0/../../../../avr/lib/avr51\libm.a(fp_split3.o)
                              c:/program files (x86)/atmel/studio/7.0/toolchain/avr8/avr8-gnu-toolchain/bin/../lib/gcc/avr/5.4.0/../../../../avr/lib/avr51\libm.a(addsf3x.o) (__fp_split3)
c:/program files (x86)/atmel/studio/7.0/toolchain/avr8/avr8-gnu-toolchain/bin/../lib/gcc/avr/5.4.0/../../../../avr/lib/avr51\libm.a(fp_zero.o)
                              c:/program files (x86)/atmel/studio/7.0/toolchain/avr8/avr8-gnu-toolchain/bin/../lib/gcc/avr/5.4.0/../../../../avr/lib/avr51\libm.a(addsf3x.o) (__fp_zero)
c:/program files (x86)/atmel/studio/7.0/toolchain/avr8/avr8-gnu-toolchain/bin/../lib/gcc/avr/5.4.0/../../../../avr/lib/avr51\libm.a(log.o)
                              Sketch.o (log)
c:/program files (x86)/atmel/studio/7.0/toolchain/avr8/avr8-gnu-toolchain/bin/../lib/gcc/avr/5.4.0/../../../../avr/lib/avr51\libm.a(mulsf3.o)
                              Sketch.o (__mulsf3)
c:/program files (x86)/atmel/studio/7.0/toolchain/avr8/avr8-gnu-toolchain/bin/../lib/gcc/avr/5.4.0/../../../../avr/lib/avr51\libm.a(mulsf3x.o)
                              c:/program files (x86)/atmel/studio/7.0/toolchain/avr8/avr8-gnu-toolchain/bin/../lib/gcc/avr/5.4.0/../../../../avr/lib/avr51\libm.a(log.o) (__mulsf3x)
c:/program files (x86)/atmel/studio/7.0/toolchain/avr8/avr8-gnu-toolchain/bin/../lib/gcc/avr/5.4.0/../../../../avr/lib/avr51\libm.a(pow.o)
[...]
Memory Configuration

Name             Origin             Length             Attributes
text             0x00000000         0x00020000         xr
data             0x00800100         0x0000ff00         rw !x
eeprom           0x00810000         0x00010000         rw !x
fuse             0x00820000         0x00000003         rw !x
lock             0x00830000         0x00000400         rw !x
signature        0x00840000         0x00000400         rw !x
user_signatures  0x00850000         0x00000400         rw !x
*default*        0x00000000         0xffffffff

Linker script and memory map

Address of section .data set to 0x800100
LOAD C:/Program Files (x86)/Atmel/Studio/7.0/Packs/atmel/ATmega_DFP/1.2.150/gcc/dev/atmega1284p/avr51/crtatmega1284p.o
LOAD Sketch.o
LOAD src/libraries/HX711/HX711.o
LOAD src/libraries/LiquidCrystal_I2C/LiquidCrystal_I2C.o
LOAD src/libraries/PulseSensor_Playground/src/PulseSensorPlayground.o
LOAD src/libraries/PulseSensor_Playground/src/utility/PulseSensor.o
LOAD src/libraries/PulseSensor_Playground/src/utility/PulseSensorSerialOutput.o
LOAD src/libraries/PulseSensor_Playground/src/utility/PulseSensorTimingStatistics.o
LOAD src/libraries/SimpleDHT/SimpleDHT.o
LOAD src/libraries/Wire/utility/twi.o
LOAD src/libraries/Wire/Wire.o
START GROUP
LOAD c:/program files (x86)/atmel/studio/7.0/toolchain/avr8/avr8-gnu-toolchain/bin/../lib/gcc/avr/5.4.0/../../../../avr/lib/avr51\libm.a
LOAD C:\Users\RONALD~1\DOCUME~1\DRONET~1\Repos\EMBEDD~1\INCUBA~1\ARDUIN~1\ARDUIN~1\Debug\libArduinoCore.a
END GROUP
LOAD c:/program files (x86)/atmel/studio/7.0/toolchain/avr8/avr8-gnu-toolchain/bin/../lib/gcc/avr/5.4.0/avr51\libgcc.a
LOAD c:/program files (x86)/atmel/studio/7.0/toolchain/avr8/avr8-gnu-toolchain/bin/../lib/gcc/avr/5.4.0/../../../../avr/lib/avr51\libm.a
START GROUP
LOAD c:/program files (x86)/atmel/studio/7.0/toolchain/avr8/avr8-gnu-toolchain/bin/../lib/gcc/avr/5.4.0/avr51\libgcc.a
LOAD c:/program files (x86)/atmel/studio/7.0/toolchain/avr8/avr8-gnu-toolchain/bin/../lib/gcc/avr/5.4.0/../../../../avr/lib/avr51\libm.a
LOAD c:/program files (x86)/atmel/studio/7.0/toolchain/avr8/avr8-gnu-toolchain/bin/../lib/gcc/avr/5.4.0/../../../../avr/lib/avr51\libc.a
LOAD C:/Program Files (x86)/Atmel/Studio/7.0/Packs/atmel/ATmega_DFP/1.2.150/gcc/dev/atmega1284p/avr51\libatmega1284p.a
END GROUP
                0x00020000                __TEXT_REGION_LENGTH__ = DEFINED (__TEXT_REGION_LENGTH__)?__TEXT_REGION_LENGTH__:0x20000
                0x0000ff00                __DATA_REGION_LENGTH__ = DEFINED (__DATA_REGION_LENGTH__)?__DATA_REGION_LENGTH__:0xff00
                0x00010000                __EEPROM_REGION_LENGTH__ = DEFINED (__EEPROM_REGION_LENGTH__)?__EEPROM_REGION_LENGTH__:0x10000
                [0x00000003]                __FUSE_REGION_LENGTH__ = DEFINED (__FUSE_REGION_LENGTH__)?__FUSE_REGION_LENGTH__:0x400
                0x00000400                __LOCK_REGION_LENGTH__ = DEFINED (__LOCK_REGION_LENGTH__)?__LOCK_REGION_LENGTH__:0x400
                0x00000400                __SIGNATURE_REGION_LENGTH__ = DEFINED (__SIGNATURE_REGION_LENGTH__)?__SIGNATURE_REGION_LENGTH__:0x400
                0x00000400                __USER_SIGNATURE_REGION_LENGTH__ = DEFINED (__USER_SIGNATURE_REGION_LENGTH__)?__USER_SIGNATURE_REGION_LENGTH__:0x400

.hash
 *(.hash)

.dynsym
 *(.dynsym)

.dynstr
 *(.dynstr)

.gnu.version
 *(.gnu.version)

.gnu.version_d
 *(.gnu.version_d)

.gnu.version_r
 *(.gnu.version_r)

.rel.init
 *(.rel.init)

.rela.init
 *(.rela.init)

.rel.text
 *(.rel.text)
 *(.rel.text.*)
 *(.rel.gnu.linkonce.t*)

.rela.text
 *(.rela.text)
 *(.rela.text.*)
 *(.rela.gnu.linkonce.t*)

.rel.fini
 *(.rel.fini)

.rela.fini
 *(.rela.fini)

.rel.rodata
 *(.rel.rodata)
 *(.rel.rodata.*)
 *(.rel.gnu.linkonce.r*)

.rela.rodata
 *(.rela.rodata)
 *(.rela.rodata.*)
 *(.rela.gnu.linkonce.r*)

.rel.data
 *(.rel.data)
 *(.rel.data.*)
 *(.rel.gnu.linkonce.d*)

.rela.data
 *(.rela.data)
 *(.rela.data.*)
 *(.rela.gnu.linkonce.d*)

.rel.ctors
 *(.rel.ctors)

.rela.ctors
 *(.rela.ctors)

.rel.dtors
 *(.rel.dtors)

.rela.dtors
 *(.rela.dtors)

.rel.got
 *(.rel.got)

.rela.got
 *(.rela.got)

.rel.bss
 *(.rel.bss)

.rela.bss
 *(.rela.bss)

.rel.plt
 *(.rel.plt)

.rela.plt
 *(.rela.plt)

.text           0x00000000     0x1fd6
 *(.vectors)
 .vectors       0x00000000       0x8c C:/Program Files (x86)/Atmel/Studio/7.0/Packs/atmel/ATmega_DFP/1.2.150/gcc/dev/atmega1284p/avr51/crtatmega1284p.o
                0x00000000                __vector_default
                0x00000000                __vectors
 *(.vectors)
 *(.progmem.gcc*)
 .progmem.gcc_sw_table.analogWrite
                0x0000008c       0x14 C:\Users\RONALD~1\DOCUME~1\DRONET~1\Repos\EMBEDD~1\INCUBA~1\ARDUIN~1\ARDUIN~1\Debug\libArduinoCore.a(wiring_analog.o)
 .progmem.gcc_sw_table.turnOffPWM
                0x000000a0       0x14 C:\Users\RONALD~1\DOCUME~1\DRONET~1\Repos\EMBEDD~1\INCUBA~1\ARDUIN~1\ARDUIN~1\Debug\libArduinoCore.a(wiring_digital.o)
                0x000000b4                . = ALIGN (0x2)
                0x000000b4                __trampolines_start = .
 *(.trampolines)
 .trampolines   0x000000b4        0x0 linker stubs
 *(.trampolines*)
                0x000000b4                __trampolines_end = .
 *libprintf_flt.a:*(.progmem.data)
 *libc.a:*(.progmem.data)
 *(.progmem*)
 .progmem.data._ZZN21PulseSensorPlayground5beginEvE3__c
                0x000000b4       0x2b src/libraries/PulseSensor_Playground/src/PulseSensorPlayground.o
 .progmem.data.digital_pin_to_timer_PGM
                0x000000df       0x20 C:\Users\RONALD~1\DOCUME~1\DRONET~1\Repos\EMBEDD~1\INCUBA~1\ARDUIN~1\ARDUIN~1\Debug\libArduinoCore.a(wiring_digital.o)
                0x000000df                digital_pin_to_timer_PGM
 .progmem.data.digital_pin_to_bit_mask_PGM
                0x000000ff       0x20 C:\Users\RONALD~1\DOCUME~1\DRONET~1\Repos\EMBEDD~1\INCUBA~1\ARDUIN~1\ARDUIN~1\Debug\libArduinoCore.a(wiring_digital.o)
                0x000000ff                digital_pin_to_bit_mask_PGM
 .progmem.data.digital_pin_to_port_PGM
                0x0000011f       0x20 C:\Users\RONALD~1\DOCUME~1\DRONET~1\Repos\EMBEDD~1\INCUBA~1\ARDUIN~1\ARDUIN~1\Debug\libArduinoCore.a(wiring_digital.o)
                0x0000011f                digital_pin_to_port_PGM
 .progmem.data.port_to_input_PGM
                0x0000013f        0xa C:\Users\RONALD~1\DOCUME~1\DRONET~1\Repos\EMBEDD~1\INCUBA~1\ARDUIN~1\ARDUIN~1\Debug\libArduinoCore.a(wiring_digital.o)
                0x0000013f                port_to_input_PGM
 .progmem.data.port_to_output_PGM
                0x00000149        0xa C:\Users\RONALD~1\DOCUME~1\DRONET~1\Repos\EMBEDD~1\INCUBA~1\ARDUIN~1\ARDUIN~1\Debug\libArduinoCore.a(wiring_digital.o)
                0x00000149                port_to_output_PGM
 .progmem.data.port_to_mode_PGM
                0x00000153        0xa C:\Users\RONALD~1\DOCUME~1\DRONET~1\Repos\EMBEDD~1\INCUBA~1\ARDUIN~1\ARDUIN~1\Debug\libArduinoCore.a(wiring_digital.o)
                0x00000153                port_to_mode_PGM
                0x0000015e                . = ALIGN (0x2)
 *fill*         0x0000015d        0x1 
 *(.jumptables)
 *(.jumptables*)
 *(.lowtext)
 *(.lowtext*)
                0x0000015e                __ctors_start = .
 *(.ctors)
 .ctors         0x0000015e        0x2 Sketch.o
 .ctors         0x00000160        0x2 src/libraries/Wire/Wire.o
 .ctors         0x00000162        0x2 C:\Users\RONALD~1\DOCUME~1\DRONET~1\Repos\EMBEDD~1\INCUBA~1\ARDUIN~1\ARDUIN~1\Debug\libArduinoCore.a(HardwareSerial0.o)
                0x00000164                __ctors_end = .
                0x00000164                __dtors_start = .
 *(.dtors)
 .dtors         0x00000164        0x2 Sketch.o
                0x00000166                __dtors_end = .
 SORT(*)(.ctors)
 SORT(*)(.dtors)
 *(.init0)
 .init0         0x00000166        0x0 C:/Program Files (x86)/Atmel/Studio/7.0/Packs/atmel/ATmega_DFP/1.2.150/gcc/dev/atmega1284p/avr51/crtatmega1284p.o
                0x00000166                __init
 *(.init0)
 *(.init1)
 *(.init1)
 *(.init2)
 .init2         0x00000166        0xc C:/Program Files (x86)/Atmel/Studio/7.0/Packs/atmel/ATmega_DFP/1.2.150/gcc/dev/atmega1284p/avr51/crtatmega1284p.o
 *(.init2)
 *(.init3)
 *(.init3)
 *(.init4)
 .init4         0x00000172       0x1a c:/program files (x86)/atmel/studio/7.0/toolchain/avr8/avr8-gnu-toolchain/bin/../lib/gcc/avr/5.4.0/avr51\libgcc.a(_copy_data.o)
                0x00000172                __do_copy_data
 .init4         0x0000018c       0x10 c:/program files (x86)/atmel/studio/7.0/toolchain/avr8/avr8-gnu-toolchain/bin/../lib/gcc/avr/5.4.0/avr51\libgcc.a(_clear_bss.o)
                0x0000018c                __do_clear_bss
 *(.init4)
 *(.init5)
 *(.init5)
 *(.init6)
 .init6         0x0000019c       0x16 c:/program files (x86)/atmel/studio/7.0/toolchain/avr8/avr8-gnu-toolchain/bin/../lib/gcc/avr/5.4.0/avr51\libgcc.a(_ctors.o)
                0x0000019c                __do_global_ctors
 *(.init6)
 *(.init7)
 *(.init7)
 *(.init8)
 *(.init8)
 *(.init9)
 .init9         0x000001b2        0x8 C:/Program Files (x86)/Atmel/Studio/7.0/Packs/atmel/ATmega_DFP/1.2.150/gcc/dev/atmega1284p/avr51/crtatmega1284p.o
 *(.init9)
 *(.text)
 .text          0x000001ba        0x2 C:/Program Files (x86)/Atmel/Studio/7.0/Packs/atmel/ATmega_DFP/1.2.150/gcc/dev/atmega1284p/avr51/crtatmega1284p.o
                0x000001ba                __vector_22
                0x000001ba                __vector_28
                0x000001ba                __vector_1
                0x000001ba                __vector_32
                0x000001ba                __vector_34
                0x000001ba                __vector_24
                0x000001ba                __vector_12
                0x000001ba                __bad_interrupt
                0x000001ba                __vector_6
                0x000001ba                __vector_31
                0x000001ba                __vector_3
                0x000001ba                __vector_23
                0x000001ba                __vector_30
                0x000001ba                __vector_25
                0x000001ba                __vector_11
                0x000001ba                __vector_13
                0x000001ba                __vector_17
                0x000001ba                __vector_19
                0x000001ba                __vector_7
                0x000001ba                __vector_27
                0x000001ba                __vector_5
                0x000001ba                __vector_33
                0x000001ba                __vector_4
                0x000001ba                __vector_9
                0x000001ba                __vector_2
                0x000001ba                __vector_15
                0x000001ba                __vector_29
                0x000001ba                __vector_8
                0x000001ba                __vector_14
                0x000001ba                __vector_10
                0x000001ba                __vector_16
                0x000001bc                . = ALIGN (0x2)
 *(.text.*)
 .text._Z35PulseSensorPlaygroundSetupInterruptv
                0x000001bc        0x4 Sketch.o
                0x000001bc                _Z35PulseSensorPlaygroundSetupInterruptv
 .text._Z23MQResistanceCalculationi
                0x000001c0       0x52 Sketch.o
                0x000001c0                _Z23MQResistanceCalculationi
 .text._Z13MQCalibrationhh
                0x00000212       0xc8 Sketch.o
                0x00000212                _Z13MQCalibrationhh
 .text.setup    0x000002da       0xfa Sketch.o
                0x000002da                setup
 .text.loop     0x000003d4      0x172 Sketch.o
                0x000003d4                loop
 .text.startup._GLOBAL__sub_I__ZN21PulseSensorPlayground15UsingInterruptsE
                0x00000546       0x1c Sketch.o
 .text.exit._GLOBAL__sub_D__ZN21PulseSensorPlayground15UsingInterruptsE
                0x00000562        0x6 Sketch.o
 .text._ZN5HX711D2Ev
                0x00000568        0x2 src/libraries/HX711/HX711.o
                0x00000568                _ZN5HX711D2Ev
                0x00000568                _ZN5HX711D1Ev
 .text._ZN5HX711D0Ev
                0x0000056a        0x4 src/libraries/HX711/HX711.o
                0x0000056a                _ZN5HX711D0Ev
 .text._ZN5HX711C2Ev
                0x0000056e       0x24 src/libraries/HX711/HX711.o
                0x0000056e                _ZN5HX711C2Ev
                0x0000056e                _ZN5HX711C1Ev
 .text._ZN5HX7118is_readyEv
                0x00000592       0x14 src/libraries/HX711/HX711.o
                0x00000592                _ZN5HX7118is_readyEv
 .text._ZN5HX71110wait_readyEm
                0x000005a6       0x32 src/libraries/HX711/HX711.o
                0x000005a6                _ZN5HX71110wait_readyEm
 .text._ZN5HX7114readEv
                0x000005d8       0xb8 src/libraries/HX711/HX711.o
                0x000005d8                _ZN5HX7114readEv
 .text._ZN5HX7118set_gainEh
                0x00000690       0x2e src/libraries/HX711/HX711.o
                0x00000690                _ZN5HX7118set_gainEh
 .text._ZN5HX7115beginEhhh
                0x000006be       0x2a src/libraries/HX711/HX711.o
                0x000006be                _ZN5HX7115beginEhhh
 .text._ZN17LiquidCrystal_I2CC2Ehhh
                0x000006e8       0x18 src/libraries/LiquidCrystal_I2C/LiquidCrystal_I2C.o
                0x000006e8                _ZN17LiquidCrystal_I2CC1Ehhh
                0x000006e8                _ZN17LiquidCrystal_I2CC2Ehhh
 .text._ZN17LiquidCrystal_I2C13expanderWriteEh
                0x00000700       0x28 src/libraries/LiquidCrystal_I2C/LiquidCrystal_I2C.o
                0x00000700                _ZN17LiquidCrystal_I2C13expanderWriteEh
 .text._ZN17LiquidCrystal_I2C9backlightEv
                0x00000728        0xa src/libraries/LiquidCrystal_I2C/LiquidCrystal_I2C.o
                0x00000728                _ZN17LiquidCrystal_I2C9backlightEv
 .text._ZN17LiquidCrystal_I2C11pulseEnableEh
                0x00000732       0x2c src/libraries/LiquidCrystal_I2C/LiquidCrystal_I2C.o
                0x00000732                _ZN17LiquidCrystal_I2C11pulseEnableEh
 .text._ZN17LiquidCrystal_I2C10write4bitsEh
                0x0000075e       0x18 src/libraries/LiquidCrystal_I2C/LiquidCrystal_I2C.o
                0x0000075e                _ZN17LiquidCrystal_I2C10write4bitsEh
 .text._ZN17LiquidCrystal_I2C4sendEhh
                0x00000776       0x2a src/libraries/LiquidCrystal_I2C/LiquidCrystal_I2C.o
                0x00000776                _ZN17LiquidCrystal_I2C4sendEhh
 .text._ZN17LiquidCrystal_I2C7commandEh
                0x000007a0        0x4 src/libraries/LiquidCrystal_I2C/LiquidCrystal_I2C.o
                0x000007a0                _ZN17LiquidCrystal_I2C7commandEh
 .text._ZN17LiquidCrystal_I2C5clearEv
                0x000007a4        0xc src/libraries/LiquidCrystal_I2C/LiquidCrystal_I2C.o
                0x000007a4                _ZN17LiquidCrystal_I2C5clearEv
 .text._ZN17LiquidCrystal_I2C4homeEv
                0x000007b0        0xc src/libraries/LiquidCrystal_I2C/LiquidCrystal_I2C.o
                0x000007b0                _ZN17LiquidCrystal_I2C4homeEv
 .text._ZN17LiquidCrystal_I2C9setCursorEhh
                0x000007bc       0x5a src/libraries/LiquidCrystal_I2C/LiquidCrystal_I2C.o
                0x000007bc                _ZN17LiquidCrystal_I2C9setCursorEhh
 .text._ZN17LiquidCrystal_I2C7displayEv
                0x00000816        0xe src/libraries/LiquidCrystal_I2C/LiquidCrystal_I2C.o
                0x00000816                _ZN17LiquidCrystal_I2C7displayEv
 .text._ZN17LiquidCrystal_I2C5writeEh
                0x00000824        0xa src/libraries/LiquidCrystal_I2C/LiquidCrystal_I2C.o
                0x00000824                _ZN17LiquidCrystal_I2C5writeEh
 .text._ZN17LiquidCrystal_I2C5beginEhhh
                0x0000082e       0x94 src/libraries/LiquidCrystal_I2C/LiquidCrystal_I2C.o
                0x0000082e                _ZN17LiquidCrystal_I2C5beginEhhh
 .text._ZN17LiquidCrystal_I2C9init_privEv
                0x000008c2       0x1c src/libraries/LiquidCrystal_I2C/LiquidCrystal_I2C.o
                0x000008c2                _ZN17LiquidCrystal_I2C9init_privEv
 .text._ZN17LiquidCrystal_I2C4initEv
                0x000008de        0x2 src/libraries/LiquidCrystal_I2C/LiquidCrystal_I2C.o
                0x000008de                _ZN17LiquidCrystal_I2C4initEv
 .text._ZN21PulseSensorPlaygroundC2Ei
                0x000008e0       0x6c src/libraries/PulseSensor_Playground/src/PulseSensorPlayground.o
                0x000008e0                _ZN21PulseSensorPlaygroundC2Ei
                0x000008e0                _ZN21PulseSensorPlaygroundC1Ei
 .text._ZN21PulseSensorPlayground5beginEv
                0x0000094c       0x88 src/libraries/PulseSensor_Playground/src/PulseSensorPlayground.o
                0x0000094c                _ZN21PulseSensorPlayground5beginEv
 .text._ZN21PulseSensorPlayground11analogInputEii
                0x000009d4       0x30 src/libraries/PulseSensor_Playground/src/PulseSensorPlayground.o
                0x000009d4                _ZN21PulseSensorPlayground11analogInputEii
 .text._ZN21PulseSensorPlayground12blinkOnPulseEii
                0x00000a04       0x30 src/libraries/PulseSensor_Playground/src/PulseSensorPlayground.o
                0x00000a04                _ZN21PulseSensorPlayground12blinkOnPulseEii
 .text._ZN21PulseSensorPlayground11fadeOnPulseEii
                0x00000a34       0x30 src/libraries/PulseSensor_Playground/src/PulseSensorPlayground.o
                0x00000a34                _ZN21PulseSensorPlayground11fadeOnPulseEii
 .text._ZN21PulseSensorPlayground9setSerialER6Stream
                0x00000a64        0x4 src/libraries/PulseSensor_Playground/src/PulseSensorPlayground.o
                0x00000a64                _ZN21PulseSensorPlayground9setSerialER6Stream
 .text._ZN21PulseSensorPlayground13setOutputTypeEh
                0x00000a68        0x4 src/libraries/PulseSensor_Playground/src/PulseSensorPlayground.o
                0x00000a68                _ZN21PulseSensorPlayground13setOutputTypeEh
 .text._ZN21PulseSensorPlayground12setThresholdEii
                0x00000a6c       0x30 src/libraries/PulseSensor_Playground/src/PulseSensorPlayground.o
                0x00000a6c                _ZN21PulseSensorPlayground12setThresholdEii
 .text._ZN11PulseSensor14resetVariablesEv
                0x00000a9c       0x5e src/libraries/PulseSensor_Playground/src/utility/PulseSensor.o
                0x00000a9c                _ZN11PulseSensor14resetVariablesEv
 .text._ZN11PulseSensorC2Ev
                0x00000afa       0x28 src/libraries/PulseSensor_Playground/src/utility/PulseSensor.o
                0x00000afa                _ZN11PulseSensorC2Ev
                0x00000afa                _ZN11PulseSensorC1Ev
 .text._ZN11PulseSensor11analogInputEi
                0x00000b22        0x8 src/libraries/PulseSensor_Playground/src/utility/PulseSensor.o
                0x00000b22                _ZN11PulseSensor11analogInputEi
 .text._ZN11PulseSensor12blinkOnPulseEi
                0x00000b2a        0x8 src/libraries/PulseSensor_Playground/src/utility/PulseSensor.o
                0x00000b2a                _ZN11PulseSensor12blinkOnPulseEi
 .text._ZN11PulseSensor11fadeOnPulseEi
                0x00000b32        0x8 src/libraries/PulseSensor_Playground/src/utility/PulseSensor.o
                0x00000b32                _ZN11PulseSensor11fadeOnPulseEi
 .text._ZN11PulseSensor12setThresholdEi
                0x00000b3a       0x10 src/libraries/PulseSensor_Playground/src/utility/PulseSensor.o
                0x00000b3a                _ZN11PulseSensor12setThresholdEi
 .text._ZN11PulseSensor14initializeLEDsEv
                0x00000b4a       0x3c src/libraries/PulseSensor_Playground/src/utility/PulseSensor.o
                0x00000b4a                _ZN11PulseSensor14initializeLEDsEv
 .text._ZN23PulseSensorSerialOutputC2Ev
                0x00000b86       0x10 src/libraries/PulseSensor_Playground/src/utility/PulseSensorSerialOutput.o
                0x00000b86                _ZN23PulseSensorSerialOutputC1Ev
                0x00000b86                _ZN23PulseSensorSerialOutputC2Ev
 .text._ZN23PulseSensorSerialOutput9setSerialER6Stream
                0x00000b96        0x8 src/libraries/PulseSensor_Playground/src/utility/PulseSensorSerialOutput.o
                0x00000b96                _ZN23PulseSensorSerialOutput9setSerialER6Stream
 .text._ZN23PulseSensorSerialOutput9getSerialEv
                0x00000b9e        0x8 src/libraries/PulseSensor_Playground/src/utility/PulseSensorSerialOutput.o
                0x00000b9e                _ZN23PulseSensorSerialOutput9getSerialEv
 .text._ZN23PulseSensorSerialOutput13setOutputTypeEh
                0x00000ba6        0xa src/libraries/PulseSensor_Playground/src/utility/PulseSensorSerialOutput.o
                0x00000ba6                _ZN23PulseSensorSerialOutput13setOutputTypeEh
 .text.twi_init
                0x00000bb0       0x3c src/libraries/Wire/utility/twi.o
                0x00000bb0                twi_init
 .text.twi_writeTo
                0x00000bec       0xac src/libraries/Wire/utility/twi.o
                0x00000bec                twi_writeTo
 .text.twi_transmit
                0x00000c98       0x32 src/libraries/Wire/utility/twi.o
                0x00000c98                twi_transmit
 .text.twi_stop
                0x00000cca       0x14 src/libraries/Wire/utility/twi.o
                0x00000cca                twi_stop
 .text.twi_releaseBus
                0x00000cde        0xc src/libraries/Wire/utility/twi.o
                0x00000cde                twi_releaseBus
 .text.__vector_26
                0x00000cea      0x25c src/libraries/Wire/utility/twi.o
                0x00000cea                __vector_26
 .text._ZN7TwoWire9availableEv
                0x00000f46       0x10 src/libraries/Wire/Wire.o
                0x00000f46                _ZN7TwoWire9availableEv
 .text._ZN7TwoWire4readEv
                0x00000f56       0x28 src/libraries/Wire/Wire.o
                0x00000f56                _ZN7TwoWire4readEv
 .text._ZN7TwoWire4peekEv
                0x00000f7e       0x1e src/libraries/Wire/Wire.o
                0x00000f7e                _ZN7TwoWire4peekEv
 .text._ZN7TwoWire5flushEv
                0x00000f9c        0x2 src/libraries/Wire/Wire.o
                0x00000f9c                _ZN7TwoWire5flushEv
 .text._ZN7TwoWire5writeEPKhj
                0x00000f9e       0x58 src/libraries/Wire/Wire.o
                0x00000f9e                _ZN7TwoWire5writeEPKhj
 .text._ZN7TwoWire5writeEh
                0x00000ff6       0x5c src/libraries/Wire/Wire.o
                0x00000ff6                _ZN7TwoWire5writeEh
 .text._ZN7TwoWireC2Ev
                0x00001052       0x20 src/libraries/Wire/Wire.o
                0x00001052                _ZN7TwoWireC1Ev
                0x00001052                _ZN7TwoWireC2Ev
 .text._ZN7TwoWire5beginEv
                0x00001072       0x12 src/libraries/Wire/Wire.o
                0x00001072                _ZN7TwoWire5beginEv
 .text._ZN7TwoWire17beginTransmissionEh
                0x00001084       0x14 src/libraries/Wire/Wire.o
                0x00001084                _ZN7TwoWire17beginTransmissionEh
 .text._ZN7TwoWire15endTransmissionEh
                0x00001098       0x24 src/libraries/Wire/Wire.o
                0x00001098                _ZN7TwoWire15endTransmissionEh
 .text._ZN7TwoWire15endTransmissionEv
                0x000010bc        0x4 src/libraries/Wire/Wire.o
                0x000010bc                _ZN7TwoWire15endTransmissionEv
 .text.startup._GLOBAL__sub_I__ZN7TwoWire8rxBufferE
                0x000010c0        0x6 src/libraries/Wire/Wire.o
 .text.avr-libc.fplib
                0x000010c6        0xa c:/program files (x86)/atmel/studio/7.0/toolchain/avr8/avr8-gnu-toolchain/bin/../lib/gcc/avr/5.4.0/../../../../avr/lib/avr51\libm.a(addsf3.o)
                0x000010c6                __subsf3
                0x000010c8                __addsf3
 .text.avr-libc.fplib
                0x000010d0       0xc0 c:/program files (x86)/atmel/studio/7.0/toolchain/avr8/avr8-gnu-toolchain/bin/../lib/gcc/avr/5.4.0/../../../../avr/lib/avr51\libm.a(addsf3x.o)
                0x000010ea                __addsf3x
 .text.avr-libc.fplib
                0x00001190        0x4 c:/program files (x86)/atmel/studio/7.0/toolchain/avr8/avr8-gnu-toolchain/bin/../lib/gcc/avr/5.4.0/../../../../avr/lib/avr51\libm.a(divsf3.o)
                0x00001190                __divsf3
 .text.avr-libc.fplib
                0x00001194       0xcc c:/program files (x86)/atmel/studio/7.0/toolchain/avr8/avr8-gnu-toolchain/bin/../lib/gcc/avr/5.4.0/../../../../avr/lib/avr51\libm.a(divsf3x.o)
                0x000011aa                __divsf3x
                0x000011ae                __divsf3_pse
 .text.avr-libc.fplib
                0x00001260       0x7a c:/program files (x86)/atmel/studio/7.0/toolchain/avr8/avr8-gnu-toolchain/bin/../lib/gcc/avr/5.4.0/../../../../avr/lib/avr51\libm.a(floatsisf.o)
                0x00001260                __floatunsisf
                0x00001264                __floatsisf
 .text.avr-libc.fplib
                0x000012da        0xc c:/program files (x86)/atmel/studio/7.0/toolchain/avr8/avr8-gnu-toolchain/bin/../lib/gcc/avr/5.4.0/../../../../avr/lib/avr51\libm.a(fp_inf.o)
                0x000012da                __fp_inf
 .text.avr-libc.fplib
                0x000012e6        0x6 c:/program files (x86)/atmel/studio/7.0/toolchain/avr8/avr8-gnu-toolchain/bin/../lib/gcc/avr/5.4.0/../../../../avr/lib/avr51\libm.a(fp_nan.o)
                0x000012e6                __fp_nan
 .text.avr-libc.fplib
                0x000012ec        0xe c:/program files (x86)/atmel/studio/7.0/toolchain/avr8/avr8-gnu-toolchain/bin/../lib/gcc/avr/5.4.0/../../../../avr/lib/avr51\libm.a(fp_pscA.o)
                0x000012ec                __fp_pscA
 .text.avr-libc.fplib
                0x000012fa        0xe c:/program files (x86)/atmel/studio/7.0/toolchain/avr8/avr8-gnu-toolchain/bin/../lib/gcc/avr/5.4.0/../../../../avr/lib/avr51\libm.a(fp_pscB.o)
                0x000012fa                __fp_pscB
 .text.avr-libc.fplib
                0x00001308       0x22 c:/program files (x86)/atmel/studio/7.0/toolchain/avr8/avr8-gnu-toolchain/bin/../lib/gcc/avr/5.4.0/../../../../avr/lib/avr51\libm.a(fp_round.o)
                0x00001308                __fp_round
 .text.avr-libc.fplib
                0x0000132a       0x44 c:/program files (x86)/atmel/studio/7.0/toolchain/avr8/avr8-gnu-toolchain/bin/../lib/gcc/avr/5.4.0/../../../../avr/lib/avr51\libm.a(fp_split3.o)
                0x0000132a                __fp_split3
                0x0000133a                __fp_splitA
 .text.avr-libc.fplib
                0x0000136e        0xe c:/program files (x86)/atmel/studio/7.0/toolchain/avr8/avr8-gnu-toolchain/bin/../lib/gcc/avr/5.4.0/../../../../avr/lib/avr51\libm.a(fp_zero.o)
                0x0000136e                __fp_zero
                0x00001370                __fp_szero
 .text.avr-libc.fplib
                0x0000137c        0x4 c:/program files (x86)/atmel/studio/7.0/toolchain/avr8/avr8-gnu-toolchain/bin/../lib/gcc/avr/5.4.0/../../../../avr/lib/avr51\libm.a(mulsf3.o)
                0x0000137c                __mulsf3
 .text.avr-libc.fplib
                0x00001380       0xc2 c:/program files (x86)/atmel/studio/7.0/toolchain/avr8/avr8-gnu-toolchain/bin/../lib/gcc/avr/5.4.0/../../../../avr/lib/avr51\libm.a(mulsf3x.o)
                0x00001394                __mulsf3x
                0x00001398                __mulsf3_pse
 .text._ZN14HardwareSerial9availableEv
                0x00001442       0x18 C:\Users\RONALD~1\DOCUME~1\DRONET~1\Repos\EMBEDD~1\INCUBA~1\ARDUIN~1\ARDUIN~1\Debug\libArduinoCore.a(HardwareSerial.o)
                0x00001442                _ZN14HardwareSerial9availableEv
 .text._ZN14HardwareSerial4peekEv
                0x0000145a       0x1c C:\Users\RONALD~1\DOCUME~1\DRONET~1\Repos\EMBEDD~1\INCUBA~1\ARDUIN~1\ARDUIN~1\Debug\libArduinoCore.a(HardwareSerial.o)
                0x0000145a                _ZN14HardwareSerial4peekEv
 .text._ZN14HardwareSerial4readEv
                0x00001476       0x28 C:\Users\RONALD~1\DOCUME~1\DRONET~1\Repos\EMBEDD~1\INCUBA~1\ARDUIN~1\ARDUIN~1\Debug\libArduinoCore.a(HardwareSerial.o)
                0x00001476                _ZN14HardwareSerial4readEv
 .text._Z14serialEventRunv
                0x0000149e       0x3c C:\Users\RONALD~1\DOCUME~1\DRONET~1\Repos\EMBEDD~1\INCUBA~1\ARDUIN~1\ARDUIN~1\Debug\libArduinoCore.a(HardwareSerial.o)
                0x0000149e                _Z14serialEventRunv
 .text._ZN14HardwareSerial17_tx_udr_empty_irqEv
                0x000014da       0x42 C:\Users\RONALD~1\DOCUME~1\DRONET~1\Repos\EMBEDD~1\INCUBA~1\ARDUIN~1\ARDUIN~1\Debug\libArduinoCore.a(HardwareSerial.o)
                0x000014da                _ZN14HardwareSerial17_tx_udr_empty_irqEv
 .text._ZN14HardwareSerial5writeEh
                0x0000151c       0x8c C:\Users\RONALD~1\DOCUME~1\DRONET~1\Repos\EMBEDD~1\INCUBA~1\ARDUIN~1\ARDUIN~1\Debug\libArduinoCore.a(HardwareSerial.o)
                0x0000151c                _ZN14HardwareSerial5writeEh
 .text._ZN14HardwareSerial5flushEv
                0x000015a8       0x42 C:\Users\RONALD~1\DOCUME~1\DRONET~1\Repos\EMBEDD~1\INCUBA~1\ARDUIN~1\ARDUIN~1\Debug\libArduinoCore.a(HardwareSerial.o)
                0x000015a8                _ZN14HardwareSerial5flushEv
 .text.__vector_20
                0x000015ea       0x6c C:\Users\RONALD~1\DOCUME~1\DRONET~1\Repos\EMBEDD~1\INCUBA~1\ARDUIN~1\ARDUIN~1\Debug\libArduinoCore.a(HardwareSerial0.o)
                0x000015ea                __vector_20
 .text.__vector_21
                0x00001656       0x52 C:\Users\RONALD~1\DOCUME~1\DRONET~1\Repos\EMBEDD~1\INCUBA~1\ARDUIN~1\ARDUIN~1\Debug\libArduinoCore.a(HardwareSerial0.o)
                0x00001656                __vector_21
 .text._Z17Serial0_availablev
                0x000016a8       0x12 C:\Users\RONALD~1\DOCUME~1\DRONET~1\Repos\EMBEDD~1\INCUBA~1\ARDUIN~1\ARDUIN~1\Debug\libArduinoCore.a(HardwareSerial0.o)
                0x000016a8                _Z17Serial0_availablev
 .text.startup._GLOBAL__sub_I___vector_20
                0x000016ba       0x5a C:\Users\RONALD~1\DOCUME~1\DRONET~1\Repos\EMBEDD~1\INCUBA~1\ARDUIN~1\ARDUIN~1\Debug\libArduinoCore.a(HardwareSerial0.o)
 .text.initVariant
                0x00001714        0x2 C:\Users\RONALD~1\DOCUME~1\DRONET~1\Repos\EMBEDD~1\INCUBA~1\ARDUIN~1\ARDUIN~1\Debug\libArduinoCore.a(main.o)
                0x00001714                initVariant
 .text.startup.main
                0x00001716       0x18 C:\Users\RONALD~1\DOCUME~1\DRONET~1\Repos\EMBEDD~1\INCUBA~1\ARDUIN~1\ARDUIN~1\Debug\libArduinoCore.a(main.o)
                0x00001716                main
 .text._Znaj    0x0000172e        0x2 C:\Users\RONALD~1\DOCUME~1\DRONET~1\Repos\EMBEDD~1\INCUBA~1\ARDUIN~1\ARDUIN~1\Debug\libArduinoCore.a(new.o)
                0x0000172e                _Znaj
 .text._ZdlPv   0x00001730        0x2 C:\Users\RONALD~1\DOCUME~1\DRONET~1\Repos\EMBEDD~1\INCUBA~1\ARDUIN~1\ARDUIN~1\Debug\libArduinoCore.a(new.o)
                0x00001730                _ZdlPv
 .text._ZN5Print5writeEPKhj
                0x00001732       0x54 C:\Users\RONALD~1\DOCUME~1\DRONET~1\Repos\EMBEDD~1\INCUBA~1\ARDUIN~1\ARDUIN~1\Debug\libArduinoCore.a(Print.o)
                0x00001732                _ZN5Print5writeEPKhj
 .text._ZN5Print5writeEPKc
                0x00001786       0x2a C:\Users\RONALD~1\DOCUME~1\DRONET~1\Repos\EMBEDD~1\INCUBA~1\ARDUIN~1\ARDUIN~1\Debug\libArduinoCore.a(Print.o)
                0x00001786                _ZN5Print5writeEPKc
 .text._ZN5Print5printEPK19__FlashStringHelper
                0x000017b0       0x48 C:\Users\RONALD~1\DOCUME~1\DRONET~1\Repos\EMBEDD~1\INCUBA~1\ARDUIN~1\ARDUIN~1\Debug\libArduinoCore.a(Print.o)
                0x000017b0                _ZN5Print5printEPK19__FlashStringHelper
 .text._ZN5Print5printEPKc
                0x000017f8        0x2 C:\Users\RONALD~1\DOCUME~1\DRONET~1\Repos\EMBEDD~1\INCUBA~1\ARDUIN~1\ARDUIN~1\Debug\libArduinoCore.a(Print.o)
                0x000017f8                _ZN5Print5printEPKc
 .text.__vector_18
                0x000017fa       0x94 C:\Users\RONALD~1\DOCUME~1\DRONET~1\Repos\EMBEDD~1\INCUBA~1\ARDUIN~1\ARDUIN~1\Debug\libArduinoCore.a(wiring.o)
                0x000017fa                __vector_18
 .text.millis   0x0000188e       0x18 C:\Users\RONALD~1\DOCUME~1\DRONET~1\Repos\EMBEDD~1\INCUBA~1\ARDUIN~1\ARDUIN~1\Debug\libArduinoCore.a(wiring.o)
                0x0000188e                millis
 .text.micros   0x000018a6       0x4a C:\Users\RONALD~1\DOCUME~1\DRONET~1\Repos\EMBEDD~1\INCUBA~1\ARDUIN~1\ARDUIN~1\Debug\libArduinoCore.a(wiring.o)
                0x000018a6                micros
 .text.delay    0x000018f0       0x72 C:\Users\RONALD~1\DOCUME~1\DRONET~1\Repos\EMBEDD~1\INCUBA~1\ARDUIN~1\ARDUIN~1\Debug\libArduinoCore.a(wiring.o)
                0x000018f0                delay
 .text.delayMicroseconds
                0x00001962       0x16 C:\Users\RONALD~1\DOCUME~1\DRONET~1\Repos\EMBEDD~1\INCUBA~1\ARDUIN~1\ARDUIN~1\Debug\libArduinoCore.a(wiring.o)
                0x00001962                delayMicroseconds
 .text.init     0x00001978       0x90 C:\Users\RONALD~1\DOCUME~1\DRONET~1\Repos\EMBEDD~1\INCUBA~1\ARDUIN~1\ARDUIN~1\Debug\libArduinoCore.a(wiring.o)
                0x00001978                init
 .text.analogRead
                0x00001a08       0x46 C:\Users\RONALD~1\DOCUME~1\DRONET~1\Repos\EMBEDD~1\INCUBA~1\ARDUIN~1\ARDUIN~1\Debug\libArduinoCore.a(wiring_analog.o)
                0x00001a08                analogRead
 .text.analogWrite
                0x00001a4e       0xde C:\Users\RONALD~1\DOCUME~1\DRONET~1\Repos\EMBEDD~1\INCUBA~1\ARDUIN~1\ARDUIN~1\Debug\libArduinoCore.a(wiring_analog.o)
                0x00001a4e                analogWrite
 .text.turnOffPWM
                0x00001b2c       0x5c C:\Users\RONALD~1\DOCUME~1\DRONET~1\Repos\EMBEDD~1\INCUBA~1\ARDUIN~1\ARDUIN~1\Debug\libArduinoCore.a(wiring_digital.o)
 .text.pinMode  0x00001b88       0x78 C:\Users\RONALD~1\DOCUME~1\DRONET~1\Repos\EMBEDD~1\INCUBA~1\ARDUIN~1\ARDUIN~1\Debug\libArduinoCore.a(wiring_digital.o)
                0x00001b88                pinMode
 .text.digitalWrite
                0x00001c00       0x5c C:\Users\RONALD~1\DOCUME~1\DRONET~1\Repos\EMBEDD~1\INCUBA~1\ARDUIN~1\ARDUIN~1\Debug\libArduinoCore.a(wiring_digital.o)
                0x00001c00                digitalWrite
 .text.digitalRead
                0x00001c5c       0x50 C:\Users\RONALD~1\DOCUME~1\DRONET~1\Repos\EMBEDD~1\INCUBA~1\ARDUIN~1\ARDUIN~1\Debug\libArduinoCore.a(wiring_digital.o)
                0x00001c5c                digitalRead
 .text.shiftIn  0x00001cac       0x6e C:\Users\RONALD~1\DOCUME~1\DRONET~1\Repos\EMBEDD~1\INCUBA~1\ARDUIN~1\ARDUIN~1\Debug\libArduinoCore.a(wiring_shift.o)
                0x00001cac                shiftIn
 .text.__empty  0x00001d1a        0x2 C:\Users\RONALD~1\DOCUME~1\DRONET~1\Repos\EMBEDD~1\INCUBA~1\ARDUIN~1\ARDUIN~1\Debug\libArduinoCore.a(hooks.o)
                0x00001d1a                yield
 .text.libgcc.div
                0x00001d1c       0x28 c:/program files (x86)/atmel/studio/7.0/toolchain/avr8/avr8-gnu-toolchain/bin/../lib/gcc/avr/5.4.0/avr51\libgcc.a(_udivmodhi4.o)
                0x00001d1c                __udivmodhi4
 .text.libgcc.div
                0x00001d44       0x26 c:/program files (x86)/atmel/studio/7.0/toolchain/avr8/avr8-gnu-toolchain/bin/../lib/gcc/avr/5.4.0/avr51\libgcc.a(_divmodhi4.o)
                0x00001d44                _div
                0x00001d44                __divmodhi4
 .text.libgcc   0x00001d6a       0x12 c:/program files (x86)/atmel/studio/7.0/toolchain/avr8/avr8-gnu-toolchain/bin/../lib/gcc/avr/5.4.0/avr51\libgcc.a(_tablejump2.o)
                0x00001d6a                __tablejump2__
 .text.avr-libc
                0x00001d7c      0x242 c:/program files (x86)/atmel/studio/7.0/toolchain/avr8/avr8-gnu-toolchain/bin/../lib/gcc/avr/5.4.0/../../../../avr/lib/avr51\libc.a(malloc.o)
                0x00001d7c                malloc
                0x00001eac                free
                0x00001fbe                . = ALIGN (0x2)
 *(.fini9)
 .fini9         0x00001fbe        0x0 c:/program files (x86)/atmel/studio/7.0/toolchain/avr8/avr8-gnu-toolchain/bin/../lib/gcc/avr/5.4.0/avr51\libgcc.a(_exit.o)
                0x00001fbe                _exit
                0x00001fbe                exit
 *(.fini9)
 *(.fini8)
 *(.fini8)
 *(.fini7)
 *(.fini7)
 *(.fini6)
 .fini6         0x00001fbe       0x14 c:/program files (x86)/atmel/studio/7.0/toolchain/avr8/avr8-gnu-toolchain/bin/../lib/gcc/avr/5.4.0/avr51\libgcc.a(_dtors.o)
                0x00001fbe                __do_global_dtors
 *(.fini6)
 *(.fini5)
 *(.fini5)
 *(.fini4)
 *(.fini4)
 *(.fini3)
 *(.fini3)
 *(.fini2)
 *(.fini2)
 *(.fini1)
 *(.fini1)
 *(.fini0)
 .fini0         0x00001fd2        0x4 c:/program files (x86)/atmel/studio/7.0/toolchain/avr8/avr8-gnu-toolchain/bin/../lib/gcc/avr/5.4.0/avr51\libgcc.a(_exit.o)
 *(.fini0)
                0x00001fd6                _etext = .

.data           0x00800100       0x5e load address 0x00001fd6
                0x00800100                PROVIDE (__data_start, .)
 *(.data)
 .data          0x00800100        0x6 c:/program files (x86)/atmel/studio/7.0/toolchain/avr8/avr8-gnu-toolchain/bin/../lib/gcc/avr/5.4.0/../../../../avr/lib/avr51\libc.a(malloc.o)
                0x00800100                __malloc_heap_end
                0x00800102                __malloc_heap_start
                0x00800104                __malloc_margin
 *(.data*)
 .data.CALIBRATION_SAMPLE_INTERVAL
                0x00800106        0x2 Sketch.o
                0x00800106                CALIBRATION_SAMPLE_INTERVAL
 .data.CALIBARAION_SAMPLE_TIMES
                0x00800108        0x2 Sketch.o
                0x00800108                CALIBARAION_SAMPLE_TIMES
 .data.MQ135_RO_CLEAN_AIR_FACTOR
                0x0080010a        0x2 Sketch.o
                0x0080010a                MQ135_RO_CLEAN_AIR_FACTOR
 .data.MQ131_RO_CLEAN_AIR_FACTOR
                0x0080010c        0x2 Sketch.o
                0x0080010c                MQ131_RO_CLEAN_AIR_FACTOR
 .data.MQ2_RO_CLEAN_AIR_FACTOR
                0x0080010e        0x2 Sketch.o
                0x0080010e                MQ2_RO_CLEAN_AIR_FACTOR
 .data.RL_VALUE
                0x00800110        0x2 Sketch.o
                0x00800110                RL_VALUE
 .data._ZN21PulseSensorPlayground15UsingInterruptsE
                0x00800112        0x1 Sketch.o
                0x00800112                _ZN21PulseSensorPlayground15UsingInterruptsE
 .data.analog_reference
                0x00800113        0x1 C:\Users\RONALD~1\DOCUME~1\DRONET~1\Repos\EMBEDD~1\INCUBA~1\ARDUIN~1\ARDUIN~1\Debug\libArduinoCore.a(wiring_analog.o)
                0x00800113                analog_reference
 *(.gnu.linkonce.d*)
 *(.rodata)
 .rodata        0x00800114        0x8 src/libraries/LiquidCrystal_I2C/LiquidCrystal_I2C.o
 *(.rodata*)
 .rodata.str1.1
                0x0080011c       0x11 Sketch.o
 .rodata._ZTV5HX711
                0x0080012d        0x8 src/libraries/HX711/HX711.o
                0x0080012d                _ZTV5HX711
 .rodata._ZTV17LiquidCrystal_I2C
                0x00800135        0x8 src/libraries/LiquidCrystal_I2C/LiquidCrystal_I2C.o
                0x00800135                _ZTV17LiquidCrystal_I2C
 .rodata._ZTV7TwoWire
                0x0080013d       0x10 src/libraries/Wire/Wire.o
                0x0080013d                _ZTV7TwoWire
 .rodata._ZTV14HardwareSerial
                0x0080014d       0x10 C:\Users\RONALD~1\DOCUME~1\DRONET~1\Repos\EMBEDD~1\INCUBA~1\ARDUIN~1\ARDUIN~1\Debug\libArduinoCore.a(HardwareSerial.o)
                0x0080014d                _ZTV14HardwareSerial
 *(.gnu.linkonce.r*)
                0x0080015e                . = ALIGN (0x2)
 *fill*         0x0080015d        0x1 
                0x0080015e                _edata = .
                0x0080015e                PROVIDE (__data_end, .)

.bss            0x0080015e      0x1ae
                0x0080015e                PROVIDE (__bss_start, .)
 *(.bss)
 *(.bss*)
 .bss.carbondiaoxide_t
                0x0080015e        0x2 Sketch.o
                0x0080015e                carbondiaoxide_t
 .bss.oxygen_t  0x00800160        0x2 Sketch.o
                0x00800160                oxygen_t
 .bss.weight_t  0x00800162        0x2 Sketch.o
                0x00800162                weight_t
 .bss.pulse_t   0x00800164        0x2 Sketch.o
                0x00800164                pulse_t
 .bss.light_t   0x00800166        0x2 Sketch.o
                0x00800166                light_t
 .bss.temphumidity_t
                0x00800168        0x2 Sketch.o
                0x00800168                temphumidity_t
 .bss.temperatureelement_t
                0x0080016a        0x2 Sketch.o
                0x0080016a                temperatureelement_t
 .bss.motor_t   0x0080016c        0x2 Sketch.o
                0x0080016c                motor_t
 .bss.lcd       0x0080016e        0xc Sketch.o
                0x0080016e                lcd
 .bss.pulseSensor
                0x0080017a        0xd Sketch.o
                0x0080017a                pulseSensor
 .bss.Ro        0x00800187        0xc Sketch.o
                0x00800187                Ro
 .bss.scale     0x00800193        0xd Sketch.o
                0x00800193                scale
 .bss._ZN21PulseSensorPlayground7OurThisE
                0x008001a0        0x2 src/libraries/PulseSensor_Playground/src/PulseSensorPlayground.o
                0x008001a0                _ZN21PulseSensorPlayground7OurThisE
 .bss.twi_error
                0x008001a2        0x1 src/libraries/Wire/utility/twi.o
 .bss.twi_rxBufferIndex
                0x008001a3        0x1 src/libraries/Wire/utility/twi.o
 .bss.twi_rxBuffer
                0x008001a4       0x20 src/libraries/Wire/utility/twi.o
 .bss.twi_txBufferLength
                0x008001c4        0x1 src/libraries/Wire/utility/twi.o
 .bss.twi_txBufferIndex
                0x008001c5        0x1 src/libraries/Wire/utility/twi.o
 .bss.twi_txBuffer
                0x008001c6       0x20 src/libraries/Wire/utility/twi.o
 .bss.twi_masterBufferLength
                0x008001e6        0x1 src/libraries/Wire/utility/twi.o
 .bss.twi_masterBufferIndex
                0x008001e7        0x1 src/libraries/Wire/utility/twi.o
 .bss.twi_masterBuffer
                0x008001e8       0x20 src/libraries/Wire/utility/twi.o
 .bss.twi_onSlaveReceive
                0x00800208        0x2 src/libraries/Wire/utility/twi.o
 .bss.twi_onSlaveTransmit
                0x0080020a        0x2 src/libraries/Wire/utility/twi.o
 .bss.twi_inRepStart
                0x0080020c        0x1 src/libraries/Wire/utility/twi.o
 .bss.twi_sendStop
                0x0080020d        0x1 src/libraries/Wire/utility/twi.o
 .bss.twi_slarw
                0x0080020e        0x1 src/libraries/Wire/utility/twi.o
 .bss.twi_state
                0x0080020f        0x1 src/libraries/Wire/utility/twi.o
 .bss.Wire      0x00800210        0xc src/libraries/Wire/Wire.o
                0x00800210                Wire
 .bss._ZN7TwoWire12transmittingE
                0x0080021c        0x1 src/libraries/Wire/Wire.o
                0x0080021c                _ZN7TwoWire12transmittingE
 .bss._ZN7TwoWire14txBufferLengthE
                0x0080021d        0x1 src/libraries/Wire/Wire.o
                0x0080021d                _ZN7TwoWire14txBufferLengthE
 .bss._ZN7TwoWire13txBufferIndexE
                0x0080021e        0x1 src/libraries/Wire/Wire.o
                0x0080021e                _ZN7TwoWire13txBufferIndexE
 .bss._ZN7TwoWire8txBufferE
                0x0080021f       0x20 src/libraries/Wire/Wire.o
                0x0080021f                _ZN7TwoWire8txBufferE
 .bss._ZN7TwoWire9txAddressE
                0x0080023f        0x1 src/libraries/Wire/Wire.o
                0x0080023f                _ZN7TwoWire9txAddressE
 .bss._ZN7TwoWire14rxBufferLengthE
                0x00800240        0x1 src/libraries/Wire/Wire.o
                0x00800240                _ZN7TwoWire14rxBufferLengthE
 .bss._ZN7TwoWire13rxBufferIndexE
                0x00800241        0x1 src/libraries/Wire/Wire.o
                0x00800241                _ZN7TwoWire13rxBufferIndexE
 .bss._ZN7TwoWire8rxBufferE
                0x00800242       0x20 src/libraries/Wire/Wire.o
                0x00800242                _ZN7TwoWire8rxBufferE
 .bss.Serial    0x00800262       0x9d C:\Users\RONALD~1\DOCUME~1\DRONET~1\Repos\EMBEDD~1\INCUBA~1\ARDUIN~1\ARDUIN~1\Debug\libArduinoCore.a(HardwareSerial0.o)
                0x00800262                Serial
 .bss.timer0_fract
                0x008002ff        0x1 C:\Users\RONALD~1\DOCUME~1\DRONET~1\Repos\EMBEDD~1\INCUBA~1\ARDUIN~1\ARDUIN~1\Debug\libArduinoCore.a(wiring.o)
 .bss.timer0_millis
                0x00800300        0x4 C:\Users\RONALD~1\DOCUME~1\DRONET~1\Repos\EMBEDD~1\INCUBA~1\ARDUIN~1\ARDUIN~1\Debug\libArduinoCore.a(wiring.o)
                0x00800300                timer0_millis
 .bss.timer0_overflow_count
                0x00800304        0x4 C:\Users\RONALD~1\DOCUME~1\DRONET~1\Repos\EMBEDD~1\INCUBA~1\ARDUIN~1\ARDUIN~1\Debug\libArduinoCore.a(wiring.o)
                0x00800304                timer0_overflow_count
 *(COMMON)
 COMMON         0x00800308        0x4 c:/program files (x86)/atmel/studio/7.0/toolchain/avr8/avr8-gnu-toolchain/bin/../lib/gcc/avr/5.4.0/../../../../avr/lib/avr51\libc.a(malloc.o)
                0x00800308                __brkval
                0x0080030a                __flp
                0x0080030c                PROVIDE (__bss_end, .)
                0x00001fd6                __data_load_start = LOADADDR (.data)
                0x00002034                __data_load_end = (__data_load_start + SIZEOF (.data))

.noinit         0x0080030c        0x0
                [!provide]                PROVIDE (__noinit_start, .)
 *(.noinit*)
                [!provide]                PROVIDE (__noinit_end, .)
                0x0080030c                _end = .
                0x0080030c                PROVIDE (__heap_start, .)

.eeprom         0x00810000        0x0
 *(.eeprom*)
                0x00810000                __eeprom_end = .

.fuse
 *(.fuse)
 *(.lfuse)
 *(.hfuse)
 *(.efuse)

.lock
 *(.lock*)

.signature
 *(.signature*)

.user_signatures
 *(.user_signatures*)

.stab
 *(.stab)

.stabstr
 *(.stabstr)

.stab.excl
 *(.stab.excl)

.stab.exclstr
 *(.stab.exclstr)

.stab.index
 *(.stab.index)

.stab.indexstr
 *(.stab.indexstr)

.comment        0x00000000       0x30
 *(.comment)
 .comment       0x00000000       0x30 Sketch.o
                                 0x31 (size before relaxing)
 .comment       0x00000030       0x31 src/libraries/HX711/HX711.o
 .comment       0x00000030       0x31 src/libraries/LiquidCrystal_I2C/LiquidCrystal_I2C.o
 .comment       0x00000030       0x31 src/libraries/PulseSensor_Playground/src/PulseSensorPlayground.o
 .comment       0x00000030       0x31 src/libraries/PulseSensor_Playground/src/utility/PulseSensor.o
 .comment       0x00000030       0x31 src/libraries/PulseSensor_Playground/src/utility/PulseSensorSerialOutput.o
 .comment       0x00000030       0x31 src/libraries/Wire/utility/twi.o
 .comment       0x00000030       0x31 src/libraries/Wire/Wire.o
 .comment       0x00000030       0x31 C:\Users\RONALD~1\DOCUME~1\DRONET~1\Repos\EMBEDD~1\INCUBA~1\ARDUIN~1\ARDUIN~1\Debug\libArduinoCore.a(HardwareSerial.o)
 .comment       0x00000030       0x31 C:\Users\RONALD~1\DOCUME~1\DRONET~1\Repos\EMBEDD~1\INCUBA~1\ARDUIN~1\ARDUIN~1\Debug\libArduinoCore.a(HardwareSerial0.o)
 .comment       0x00000030       0x31 C:\Users\RONALD~1\DOCUME~1\DRONET~1\Repos\EMBEDD~1\INCUBA~1\ARDUIN~1\ARDUIN~1\Debug\libArduinoCore.a(main.o)
 .comment       0x00000030       0x31 C:\Users\RONALD~1\DOCUME~1\DRONET~1\Repos\EMBEDD~1\INCUBA~1\ARDUIN~1\ARDUIN~1\Debug\libArduinoCore.a(new.o)
 .comment       0x00000030       0x31 C:\Users\RONALD~1\DOCUME~1\DRONET~1\Repos\EMBEDD~1\INCUBA~1\ARDUIN~1\ARDUIN~1\Debug\libArduinoCore.a(Print.o)
 .comment       0x00000030       0x31 C:\Users\RONALD~1\DOCUME~1\DRONET~1\Repos\EMBEDD~1\INCUBA~1\ARDUIN~1\ARDUIN~1\Debug\libArduinoCore.a(wiring.o)
 .comment       0x00000030       0x31 C:\Users\RONALD~1\DOCUME~1\DRONET~1\Repos\EMBEDD~1\INCUBA~1\ARDUIN~1\ARDUIN~1\Debug\libArduinoCore.a(wiring_analog.o)
 .comment       0x00000030       0x31 C:\Users\RONALD~1\DOCUME~1\DRONET~1\Repos\EMBEDD~1\INCUBA~1\ARDUIN~1\ARDUIN~1\Debug\libArduinoCore.a(wiring_digital.o)
 .comment       0x00000030       0x31 C:\Users\RONALD~1\DOCUME~1\DRONET~1\Repos\EMBEDD~1\INCUBA~1\ARDUIN~1\ARDUIN~1\Debug\libArduinoCore.a(wiring_shift.o)
 .comment       0x00000030       0x31 C:\Users\RONALD~1\DOCUME~1\DRONET~1\Repos\EMBEDD~1\INCUBA~1\ARDUIN~1\ARDUIN~1\Debug\libArduinoCore.a(hooks.o)
 .comment       0x00000030       0x31 c:/program files (x86)/atmel/studio/7.0/toolchain/avr8/avr8-gnu-toolchain/bin/../lib/gcc/avr/5.4.0/../../../../avr/lib/avr51\libc.a(malloc.o)

.note.gnu.avr.deviceinfo
                0x00000000       0x40
 .note.gnu.avr.deviceinfo
                0x00000000       0x40 C:/Program Files (x86)/Atmel/Studio/7.0/Packs/atmel/ATmega_DFP/1.2.150/gcc/dev/atmega1284p/avr51/crtatmega1284p.o

.note.gnu.build-id
 *(.note.gnu.build-id)

.debug
 *(.debug)

.line
 *(.line)

.debug_srcinfo
 *(.debug_srcinfo)

.debug_sfnames
 *(.debug_sfnames)

.debug_aranges  0x00000000      0x8d8
 *(.debug_aranges)
 .debug_aranges
                0x00000000       0xc0 Sketch.o
 .debug_aranges
                0x000000c0       0xb8 src/libraries/HX711/HX711.o
 .debug_aranges
                0x00000178      0x160 src/libraries/LiquidCrystal_I2C/LiquidCrystal_I2C.o
 .debug_aranges
                0x000002d8       0xd0 src/libraries/PulseSensor_Playground/src/PulseSensorPlayground.o
 .debug_aranges
                0x000003a8       0xa0 src/libraries/PulseSensor_Playground/src/utility/PulseSensor.o
 .debug_aranges
                0x00000448       0x50 src/libraries/PulseSensor_Playground/src/utility/PulseSensorSerialOutput.o
 .debug_aranges
                0x00000498       0x78 src/libraries/Wire/utility/twi.o
 .debug_aranges
                0x00000510       0xe8 src/libraries/Wire/Wire.o
 .debug_aranges
                0x000005f8       0x68 C:\Users\RONALD~1\DOCUME~1\DRONET~1\Repos\EMBEDD~1\INCUBA~1\ARDUIN~1\ARDUIN~1\Debug\libArduinoCore.a(HardwareSerial.o)
 .debug_aranges
                0x00000660       0x38 C:\Users\RONALD~1\DOCUME~1\DRONET~1\Repos\EMBEDD~1\INCUBA~1\ARDUIN~1\ARDUIN~1\Debug\libArduinoCore.a(HardwareSerial0.o)
 .debug_aranges
                0x00000698       0x30 C:\Users\RONALD~1\DOCUME~1\DRONET~1\Repos\EMBEDD~1\INCUBA~1\ARDUIN~1\ARDUIN~1\Debug\libArduinoCore.a(main.o)
 .debug_aranges
                0x000006c8       0x28 C:\Users\RONALD~1\DOCUME~1\DRONET~1\Repos\EMBEDD~1\INCUBA~1\ARDUIN~1\ARDUIN~1\Debug\libArduinoCore.a(new.o)
 .debug_aranges
                0x000006f0       0xf0 C:\Users\RONALD~1\DOCUME~1\DRONET~1\Repos\EMBEDD~1\INCUBA~1\ARDUIN~1\ARDUIN~1\Debug\libArduinoCore.a(Print.o)
 .debug_aranges
                0x000007e0       0x48 C:\Users\RONALD~1\DOCUME~1\DRONET~1\Repos\EMBEDD~1\INCUBA~1\ARDUIN~1\ARDUIN~1\Debug\libArduinoCore.a(wiring.o)
 .debug_aranges
                0x00000828       0x30 C:\Users\RONALD~1\DOCUME~1\DRONET~1\Repos\EMBEDD~1\INCUBA~1\ARDUIN~1\ARDUIN~1\Debug\libArduinoCore.a(wiring_analog.o)
 .debug_aranges
                0x00000858       0x38 C:\Users\RONALD~1\DOCUME~1\DRONET~1\Repos\EMBEDD~1\INCUBA~1\ARDUIN~1\ARDUIN~1\Debug\libArduinoCore.a(wiring_digital.o)
 .debug_aranges
                0x00000890       0x28 C:\Users\RONALD~1\DOCUME~1\DRONET~1\Repos\EMBEDD~1\INCUBA~1\ARDUIN~1\ARDUIN~1\Debug\libArduinoCore.a(wiring_shift.o)
 .debug_aranges
                0x000008b8       0x20 C:\Users\RONALD~1\DOCUME~1\DRONET~1\Repos\EMBEDD~1\INCUBA~1\ARDUIN~1\ARDUIN~1\Debug\libArduinoCore.a(hooks.o)

.debug_pubnames
 *(.debug_pubnames)

.debug_info     0x00000000    0x153ed
 *(.debug_info .gnu.linkonce.wi.*)
 .debug_info    0x00000000      0x792 C:/Program Files (x86)/Atmel/Studio/7.0/Packs/atmel/ATmega_DFP/1.2.150/gcc/dev/atmega1284p/avr51/crtatmega1284p.o
 .debug_info    0x00000792     0x32de Sketch.o
 .debug_info    0x00003a70      0xd83 src/libraries/HX711/HX711.o
 .debug_info    0x000047f3     0x193c src/libraries/LiquidCrystal_I2C/LiquidCrystal_I2C.o
 .debug_info    0x0000612f     0x2872 src/libraries/PulseSensor_Playground/src/PulseSensorPlayground.o
 .debug_info    0x000089a1      0x965 src/libraries/PulseSensor_Playground/src/utility/PulseSensor.o
 .debug_info    0x00009306     0x208e src/libraries/PulseSensor_Playground/src/utility/PulseSensorSerialOutput.o
 .debug_info    0x0000b394      0x5d9 src/libraries/Wire/utility/twi.o
 .debug_info    0x0000b96d     0x2716 src/libraries/Wire/Wire.o
 .debug_info    0x0000e083     0x1ee5 C:\Users\RONALD~1\DOCUME~1\DRONET~1\Repos\EMBEDD~1\INCUBA~1\ARDUIN~1\ARDUIN~1\Debug\libArduinoCore.a(HardwareSerial.o)
 .debug_info    0x0000ff68     0x1aa5 C:\Users\RONALD~1\DOCUME~1\DRONET~1\Repos\EMBEDD~1\INCUBA~1\ARDUIN~1\ARDUIN~1\Debug\libArduinoCore.a(HardwareSerial0.o)
 .debug_info    0x00011a0d      0x243 C:\Users\RONALD~1\DOCUME~1\DRONET~1\Repos\EMBEDD~1\INCUBA~1\ARDUIN~1\ARDUIN~1\Debug\libArduinoCore.a(main.o)
 .debug_info    0x00011c50      0x11c C:\Users\RONALD~1\DOCUME~1\DRONET~1\Repos\EMBEDD~1\INCUBA~1\ARDUIN~1\ARDUIN~1\Debug\libArduinoCore.a(new.o)
 .debug_info    0x00011d6c     0x286a C:\Users\RONALD~1\DOCUME~1\DRONET~1\Repos\EMBEDD~1\INCUBA~1\ARDUIN~1\ARDUIN~1\Debug\libArduinoCore.a(Print.o)
 .debug_info    0x000145d6      0x2d7 C:\Users\RONALD~1\DOCUME~1\DRONET~1\Repos\EMBEDD~1\INCUBA~1\ARDUIN~1\ARDUIN~1\Debug\libArduinoCore.a(wiring.o)
 .debug_info    0x000148ad      0x27b C:\Users\RONALD~1\DOCUME~1\DRONET~1\Repos\EMBEDD~1\INCUBA~1\ARDUIN~1\ARDUIN~1\Debug\libArduinoCore.a(wiring_analog.o)
 .debug_info    0x00014b28      0x5e8 C:\Users\RONALD~1\DOCUME~1\DRONET~1\Repos\EMBEDD~1\INCUBA~1\ARDUIN~1\ARDUIN~1\Debug\libArduinoCore.a(wiring_digital.o)
 .debug_info    0x00015110      0x29f C:\Users\RONALD~1\DOCUME~1\DRONET~1\Repos\EMBEDD~1\INCUBA~1\ARDUIN~1\ARDUIN~1\Debug\libArduinoCore.a(wiring_shift.o)
 .debug_info    0x000153af       0x3e C:\Users\RONALD~1\DOCUME~1\DRONET~1\Repos\EMBEDD~1\INCUBA~1\ARDUIN~1\ARDUIN~1\Debug\libArduinoCore.a(hooks.o)

.debug_abbrev   0x00000000     0x3acd
 *(.debug_abbrev)
 .debug_abbrev  0x00000000      0x729 C:/Program Files (x86)/Atmel/Studio/7.0/Packs/atmel/ATmega_DFP/1.2.150/gcc/dev/atmega1284p/avr51/crtatmega1284p.o
 .debug_abbrev  0x00000729      0x690 Sketch.o
 .debug_abbrev  0x00000db9      0x336 src/libraries/HX711/HX711.o
 .debug_abbrev  0x000010ef      0x3c5 src/libraries/LiquidCrystal_I2C/LiquidCrystal_I2C.o
 .debug_abbrev  0x000014b4      0x4ab src/libraries/PulseSensor_Playground/src/PulseSensorPlayground.o
 .debug_abbrev  0x0000195f      0x260 src/libraries/PulseSensor_Playground/src/utility/PulseSensor.o
 .debug_abbrev  0x00001bbf      0x39e src/libraries/PulseSensor_Playground/src/utility/PulseSensorSerialOutput.o
 .debug_abbrev  0x00001f5d      0x260 src/libraries/Wire/utility/twi.o
 .debug_abbrev  0x000021bd      0x583 src/libraries/Wire/Wire.o
 .debug_abbrev  0x00002740      0x432 C:\Users\RONALD~1\DOCUME~1\DRONET~1\Repos\EMBEDD~1\INCUBA~1\ARDUIN~1\ARDUIN~1\Debug\libArduinoCore.a(HardwareSerial.o)
 .debug_abbrev  0x00002b72      0x3a2 C:\Users\RONALD~1\DOCUME~1\DRONET~1\Repos\EMBEDD~1\INCUBA~1\ARDUIN~1\ARDUIN~1\Debug\libArduinoCore.a(HardwareSerial0.o)
 .debug_abbrev  0x00002f14      0x12d C:\Users\RONALD~1\DOCUME~1\DRONET~1\Repos\EMBEDD~1\INCUBA~1\ARDUIN~1\ARDUIN~1\Debug\libArduinoCore.a(main.o)
 .debug_abbrev  0x00003041       0xce C:\Users\RONALD~1\DOCUME~1\DRONET~1\Repos\EMBEDD~1\INCUBA~1\ARDUIN~1\ARDUIN~1\Debug\libArduinoCore.a(new.o)
 .debug_abbrev  0x0000310f      0x469 C:\Users\RONALD~1\DOCUME~1\DRONET~1\Repos\EMBEDD~1\INCUBA~1\ARDUIN~1\ARDUIN~1\Debug\libArduinoCore.a(Print.o)
 .debug_abbrev  0x00003578      0x146 C:\Users\RONALD~1\DOCUME~1\DRONET~1\Repos\EMBEDD~1\INCUBA~1\ARDUIN~1\ARDUIN~1\Debug\libArduinoCore.a(wiring.o)
 .debug_abbrev  0x000036be      0x17a C:\Users\RONALD~1\DOCUME~1\DRONET~1\Repos\EMBEDD~1\INCUBA~1\ARDUIN~1\ARDUIN~1\Debug\libArduinoCore.a(wiring_analog.o)
 .debug_abbrev  0x00003838      0x15a C:\Users\RONALD~1\DOCUME~1\DRONET~1\Repos\EMBEDD~1\INCUBA~1\ARDUIN~1\ARDUIN~1\Debug\libArduinoCore.a(wiring_digital.o)
 .debug_abbrev  0x00003992      0x111 C:\Users\RONALD~1\DOCUME~1\DRONET~1\Repos\EMBEDD~1\INCUBA~1\ARDUIN~1\ARDUIN~1\Debug\libArduinoCore.a(wiring_shift.o)
 .debug_abbrev  0x00003aa3       0x2a C:\Users\RONALD~1\DOCUME~1\DRONET~1\Repos\EMBEDD~1\INCUBA~1\ARDUIN~1\ARDUIN~1\Debug\libArduinoCore.a(hooks.o)

.debug_line     0x00000000     0x49e5
 *(.debug_line .debug_line.* .debug_line_end)
 .debug_line    0x00000000      0x169 C:/Program Files (x86)/Atmel/Studio/7.0/Packs/atmel/ATmega_DFP/1.2.150/gcc/dev/atmega1284p/avr51/crtatmega1284p.o
 .debug_line    0x00000169      0x7be Sketch.o
 .debug_line    0x00000927      0x517 src/libraries/HX711/HX711.o
 .debug_line    0x00000e3e      0x774 src/libraries/LiquidCrystal_I2C/LiquidCrystal_I2C.o
 .debug_line    0x000015b2      0x75d src/libraries/PulseSensor_Playground/src/PulseSensorPlayground.o
 .debug_line    0x00001d0f      0x5d5 src/libraries/PulseSensor_Playground/src/utility/PulseSensor.o
 .debug_line    0x000022e4      0x405 src/libraries/PulseSensor_Playground/src/utility/PulseSensorSerialOutput.o
 .debug_line    0x000026e9      0x506 src/libraries/Wire/utility/twi.o
 .debug_line    0x00002bef      0x5a1 src/libraries/Wire/Wire.o
 .debug_line    0x00003190      0x449 C:\Users\RONALD~1\DOCUME~1\DRONET~1\Repos\EMBEDD~1\INCUBA~1\ARDUIN~1\ARDUIN~1\Debug\libArduinoCore.a(HardwareSerial.o)
 .debug_line    0x000035d9      0x257 C:\Users\RONALD~1\DOCUME~1\DRONET~1\Repos\EMBEDD~1\INCUBA~1\ARDUIN~1\ARDUIN~1\Debug\libArduinoCore.a(HardwareSerial0.o)
 .debug_line    0x00003830      0x165 C:\Users\RONALD~1\DOCUME~1\DRONET~1\Repos\EMBEDD~1\INCUBA~1\ARDUIN~1\ARDUIN~1\Debug\libArduinoCore.a(main.o)
 .debug_line    0x00003995      0x12f C:\Users\RONALD~1\DOCUME~1\DRONET~1\Repos\EMBEDD~1\INCUBA~1\ARDUIN~1\ARDUIN~1\Debug\libArduinoCore.a(new.o)
 .debug_line    0x00003ac4      0x626 C:\Users\RONALD~1\DOCUME~1\DRONET~1\Repos\EMBEDD~1\INCUBA~1\ARDUIN~1\ARDUIN~1\Debug\libArduinoCore.a(Print.o)
 .debug_line    0x000040ea      0x2ab C:\Users\RONALD~1\DOCUME~1\DRONET~1\Repos\EMBEDD~1\INCUBA~1\ARDUIN~1\ARDUIN~1\Debug\libArduinoCore.a(wiring.o)
 .debug_line    0x00004395      0x245 C:\Users\RONALD~1\DOCUME~1\DRONET~1\Repos\EMBEDD~1\INCUBA~1\ARDUIN~1\ARDUIN~1\Debug\libArduinoCore.a(wiring_analog.o)
 .debug_line    0x000045da      0x258 C:\Users\RONALD~1\DOCUME~1\DRONET~1\Repos\EMBEDD~1\INCUBA~1\ARDUIN~1\ARDUIN~1\Debug\libArduinoCore.a(wiring_digital.o)
 .debug_line    0x00004832      0x172 C:\Users\RONALD~1\DOCUME~1\DRONET~1\Repos\EMBEDD~1\INCUBA~1\ARDUIN~1\ARDUIN~1\Debug\libArduinoCore.a(wiring_shift.o)
 .debug_line    0x000049a4       0x41 C:\Users\RONALD~1\DOCUME~1\DRONET~1\Repos\EMBEDD~1\INCUBA~1\ARDUIN~1\ARDUIN~1\Debug\libArduinoCore.a(hooks.o)

.debug_frame    0x00000000     0x19a8
 *(.debug_frame)
 .debug_frame   0x00000000      0x334 Sketch.o
 .debug_frame   0x00000334      0x29c src/libraries/HX711/HX711.o
 .debug_frame   0x000005d0      0x360 src/libraries/LiquidCrystal_I2C/LiquidCrystal_I2C.o
 .debug_frame   0x00000930      0x24c src/libraries/PulseSensor_Playground/src/PulseSensorPlayground.o
 .debug_frame   0x00000b7c      0x17c src/libraries/PulseSensor_Playground/src/utility/PulseSensor.o
 .debug_frame   0x00000cf8       0xe0 src/libraries/PulseSensor_Playground/src/utility/PulseSensorSerialOutput.o
 .debug_frame   0x00000dd8      0x124 src/libraries/Wire/utility/twi.o
 .debug_frame   0x00000efc      0x264 src/libraries/Wire/Wire.o
 .debug_frame   0x00001160      0x110 C:\Users\RONALD~1\DOCUME~1\DRONET~1\Repos\EMBEDD~1\INCUBA~1\ARDUIN~1\ARDUIN~1\Debug\libArduinoCore.a(HardwareSerial.o)
 .debug_frame   0x00001270       0xc0 C:\Users\RONALD~1\DOCUME~1\DRONET~1\Repos\EMBEDD~1\INCUBA~1\ARDUIN~1\ARDUIN~1\Debug\libArduinoCore.a(HardwareSerial0.o)
 .debug_frame   0x00001330       0x54 C:\Users\RONALD~1\DOCUME~1\DRONET~1\Repos\EMBEDD~1\INCUBA~1\ARDUIN~1\ARDUIN~1\Debug\libArduinoCore.a(main.o)
 .debug_frame   0x00001384       0x54 C:\Users\RONALD~1\DOCUME~1\DRONET~1\Repos\EMBEDD~1\INCUBA~1\ARDUIN~1\ARDUIN~1\Debug\libArduinoCore.a(new.o)
 .debug_frame   0x000013d8      0x38c C:\Users\RONALD~1\DOCUME~1\DRONET~1\Repos\EMBEDD~1\INCUBA~1\ARDUIN~1\ARDUIN~1\Debug\libArduinoCore.a(Print.o)
 .debug_frame   0x00001764       0xc4 C:\Users\RONALD~1\DOCUME~1\DRONET~1\Repos\EMBEDD~1\INCUBA~1\ARDUIN~1\ARDUIN~1\Debug\libArduinoCore.a(wiring.o)
 .debug_frame   0x00001828       0x54 C:\Users\RONALD~1\DOCUME~1\DRONET~1\Repos\EMBEDD~1\INCUBA~1\ARDUIN~1\ARDUIN~1\Debug\libArduinoCore.a(wiring_analog.o)
 .debug_frame   0x0000187c       0x7c C:\Users\RONALD~1\DOCUME~1\DRONET~1\Repos\EMBEDD~1\INCUBA~1\ARDUIN~1\ARDUIN~1\Debug\libArduinoCore.a(wiring_digital.o)
 .debug_frame   0x000018f8       0x8c C:\Users\RONALD~1\DOCUME~1\DRONET~1\Repos\EMBEDD~1\INCUBA~1\ARDUIN~1\ARDUIN~1\Debug\libArduinoCore.a(wiring_shift.o)
 .debug_frame   0x00001984       0x24 C:\Users\RONALD~1\DOCUME~1\DRONET~1\Repos\EMBEDD~1\INCUBA~1\ARDUIN~1\ARDUIN~1\Debug\libArduinoCore.a(hooks.o)

.debug_str      0x00000000     0x48a1
 *(.debug_str)
 .debug_str     0x00000000      0x296 C:/Program Files (x86)/Atmel/Studio/7.0/Packs/atmel/ATmega_DFP/1.2.150/gcc/dev/atmega1284p/avr51/crtatmega1284p.o
 .debug_str     0x00000296     0x23f8 Sketch.o
                               0x254e (size before relaxing)
 .debug_str     0x0000268e      0x363 src/libraries/HX711/HX711.o
                                0x662 (size before relaxing)
 .debug_str     0x000029f1      0xa21 src/libraries/LiquidCrystal_I2C/LiquidCrystal_I2C.o
                                0xdf4 (size before relaxing)
 .debug_str     0x00003412      0x1d4 src/libraries/PulseSensor_Playground/src/PulseSensorPlayground.o
                               0x1e53 (size before relaxing)
 .debug_str     0x000035e6       0x73 src/libraries/PulseSensor_Playground/src/utility/PulseSensor.o
                                0x726 (size before relaxing)
 .debug_str     0x00003659       0xe1 src/libraries/PulseSensor_Playground/src/utility/PulseSensorSerialOutput.o
                               0x18d0 (size before relaxing)
 .debug_str     0x0000373a      0x29c src/libraries/Wire/utility/twi.o
                                0x3d2 (size before relaxing)
 .debug_str     0x000039d6      0x4f1 src/libraries/Wire/Wire.o
                               0x18b0 (size before relaxing)
 .debug_str     0x00003ec7      0x44f C:\Users\RONALD~1\DOCUME~1\DRONET~1\Repos\EMBEDD~1\INCUBA~1\ARDUIN~1\ARDUIN~1\Debug\libArduinoCore.a(HardwareSerial.o)
                               0x166c (size before relaxing)
 .debug_str     0x00004316       0x47 C:\Users\RONALD~1\DOCUME~1\DRONET~1\Repos\EMBEDD~1\INCUBA~1\ARDUIN~1\ARDUIN~1\Debug\libArduinoCore.a(HardwareSerial0.o)
                               0x13fd (size before relaxing)
 .debug_str     0x0000435d       0x37 C:\Users\RONALD~1\DOCUME~1\DRONET~1\Repos\EMBEDD~1\INCUBA~1\ARDUIN~1\ARDUIN~1\Debug\libArduinoCore.a(main.o)
                                0x2d9 (size before relaxing)
 .debug_str     0x00004394       0x3a C:\Users\RONALD~1\DOCUME~1\DRONET~1\Repos\EMBEDD~1\INCUBA~1\ARDUIN~1\ARDUIN~1\Debug\libArduinoCore.a(new.o)
                                0x1ef (size before relaxing)
 .debug_str     0x000043ce      0x31b C:\Users\RONALD~1\DOCUME~1\DRONET~1\Repos\EMBEDD~1\INCUBA~1\ARDUIN~1\ARDUIN~1\Debug\libArduinoCore.a(Print.o)
                               0x121e (size before relaxing)
 .debug_str     0x000046e9       0x66 C:\Users\RONALD~1\DOCUME~1\DRONET~1\Repos\EMBEDD~1\INCUBA~1\ARDUIN~1\ARDUIN~1\Debug\libArduinoCore.a(wiring.o)
                                0x26f (size before relaxing)
 .debug_str     0x0000474f       0x5b C:\Users\RONALD~1\DOCUME~1\DRONET~1\Repos\EMBEDD~1\INCUBA~1\ARDUIN~1\ARDUIN~1\Debug\libArduinoCore.a(wiring_analog.o)
                                0x273 (size before relaxing)
 .debug_str     0x000047aa       0x9d C:\Users\RONALD~1\DOCUME~1\DRONET~1\Repos\EMBEDD~1\INCUBA~1\ARDUIN~1\ARDUIN~1\Debug\libArduinoCore.a(wiring_digital.o)
                                0x2d4 (size before relaxing)
 .debug_str     0x00004847       0x3e C:\Users\RONALD~1\DOCUME~1\DRONET~1\Repos\EMBEDD~1\INCUBA~1\ARDUIN~1\ARDUIN~1\Debug\libArduinoCore.a(wiring_shift.o)
                                0x231 (size before relaxing)
 .debug_str     0x00004885       0x1c C:\Users\RONALD~1\DOCUME~1\DRONET~1\Repos\EMBEDD~1\INCUBA~1\ARDUIN~1\ARDUIN~1\Debug\libArduinoCore.a(hooks.o)
                                0x164 (size before relaxing)

.debug_loc      0x00000000     0x7b0f
 *(.debug_loc)
 .debug_loc     0x00000000      0xc48 Sketch.o
 .debug_loc     0x00000c48      0xc50 src/libraries/HX711/HX711.o
 .debug_loc     0x00001898      0xc5c src/libraries/LiquidCrystal_I2C/LiquidCrystal_I2C.o
 .debug_loc     0x000024f4      0xd84 src/libraries/PulseSensor_Playground/src/PulseSensorPlayground.o
 .debug_loc     0x00003278      0x403 src/libraries/PulseSensor_Playground/src/utility/PulseSensor.o
 .debug_loc     0x0000367b      0x58b src/libraries/PulseSensor_Playground/src/utility/PulseSensorSerialOutput.o
 .debug_loc     0x00003c06      0x395 src/libraries/Wire/utility/twi.o
 .debug_loc     0x00003f9b      0xbab src/libraries/Wire/Wire.o
 .debug_loc     0x00004b46      0x482 C:\Users\RONALD~1\DOCUME~1\DRONET~1\Repos\EMBEDD~1\INCUBA~1\ARDUIN~1\ARDUIN~1\Debug\libArduinoCore.a(HardwareSerial.o)
 .debug_loc     0x00004fc8      0x18a C:\Users\RONALD~1\DOCUME~1\DRONET~1\Repos\EMBEDD~1\INCUBA~1\ARDUIN~1\ARDUIN~1\Debug\libArduinoCore.a(HardwareSerial0.o)
 .debug_loc     0x00005152       0x4c C:\Users\RONALD~1\DOCUME~1\DRONET~1\Repos\EMBEDD~1\INCUBA~1\ARDUIN~1\ARDUIN~1\Debug\libArduinoCore.a(new.o)
 .debug_loc     0x0000519e     0x1c61 C:\Users\RONALD~1\DOCUME~1\DRONET~1\Repos\EMBEDD~1\INCUBA~1\ARDUIN~1\ARDUIN~1\Debug\libArduinoCore.a(Print.o)
 .debug_loc     0x00006dff      0x28d C:\Users\RONALD~1\DOCUME~1\DRONET~1\Repos\EMBEDD~1\INCUBA~1\ARDUIN~1\ARDUIN~1\Debug\libArduinoCore.a(wiring.o)
 .debug_loc     0x0000708c      0x182 C:\Users\RONALD~1\DOCUME~1\DRONET~1\Repos\EMBEDD~1\INCUBA~1\ARDUIN~1\ARDUIN~1\Debug\libArduinoCore.a(wiring_analog.o)
 .debug_loc     0x0000720e      0x61a C:\Users\RONALD~1\DOCUME~1\DRONET~1\Repos\EMBEDD~1\INCUBA~1\ARDUIN~1\ARDUIN~1\Debug\libArduinoCore.a(wiring_digital.o)
 .debug_loc     0x00007828      0x2e7 C:\Users\RONALD~1\DOCUME~1\DRONET~1\Repos\EMBEDD~1\INCUBA~1\ARDUIN~1\ARDUIN~1\Debug\libArduinoCore.a(wiring_shift.o)

.debug_macinfo
 *(.debug_macinfo)

.debug_weaknames
 *(.debug_weaknames)

.debug_funcnames
 *(.debug_funcnames)

.debug_typenames
 *(.debug_typenames)

.debug_varnames
 *(.debug_varnames)

.debug_pubtypes
 *(.debug_pubtypes)

.debug_ranges   0x00000000      0x830
 *(.debug_ranges)
 .debug_ranges  0x00000000       0xc8 Sketch.o
 .debug_ranges  0x000000c8       0xc0 src/libraries/HX711/HX711.o
 .debug_ranges  0x00000188      0x150 src/libraries/LiquidCrystal_I2C/LiquidCrystal_I2C.o
 .debug_ranges  0x000002d8       0xc0 src/libraries/PulseSensor_Playground/src/PulseSensorPlayground.o
 .debug_ranges  0x00000398       0xa8 src/libraries/PulseSensor_Playground/src/utility/PulseSensor.o
 .debug_ranges  0x00000440       0x40 src/libraries/PulseSensor_Playground/src/utility/PulseSensorSerialOutput.o
 .debug_ranges  0x00000480       0x68 src/libraries/Wire/utility/twi.o
 .debug_ranges  0x000004e8       0xd8 src/libraries/Wire/Wire.o
 .debug_ranges  0x000005c0       0x58 C:\Users\RONALD~1\DOCUME~1\DRONET~1\Repos\EMBEDD~1\INCUBA~1\ARDUIN~1\ARDUIN~1\Debug\libArduinoCore.a(HardwareSerial.o)
 .debug_ranges  0x00000618       0x28 C:\Users\RONALD~1\DOCUME~1\DRONET~1\Repos\EMBEDD~1\INCUBA~1\ARDUIN~1\ARDUIN~1\Debug\libArduinoCore.a(HardwareSerial0.o)
 .debug_ranges  0x00000640       0x20 C:\Users\RONALD~1\DOCUME~1\DRONET~1\Repos\EMBEDD~1\INCUBA~1\ARDUIN~1\ARDUIN~1\Debug\libArduinoCore.a(main.o)
 .debug_ranges  0x00000660       0x18 C:\Users\RONALD~1\DOCUME~1\DRONET~1\Repos\EMBEDD~1\INCUBA~1\ARDUIN~1\ARDUIN~1\Debug\libArduinoCore.a(new.o)
 .debug_ranges  0x00000678      0x110 C:\Users\RONALD~1\DOCUME~1\DRONET~1\Repos\EMBEDD~1\INCUBA~1\ARDUIN~1\ARDUIN~1\Debug\libArduinoCore.a(Print.o)
 .debug_ranges  0x00000788       0x38 C:\Users\RONALD~1\DOCUME~1\DRONET~1\Repos\EMBEDD~1\INCUBA~1\ARDUIN~1\ARDUIN~1\Debug\libArduinoCore.a(wiring.o)
 .debug_ranges  0x000007c0       0x20 C:\Users\RONALD~1\DOCUME~1\DRONET~1\Repos\EMBEDD~1\INCUBA~1\ARDUIN~1\ARDUIN~1\Debug\libArduinoCore.a(wiring_analog.o)
 .debug_ranges  0x000007e0       0x28 C:\Users\RONALD~1\DOCUME~1\DRONET~1\Repos\EMBEDD~1\INCUBA~1\ARDUIN~1\ARDUIN~1\Debug\libArduinoCore.a(wiring_digital.o)
 .debug_ranges  0x00000808       0x18 C:\Users\RONALD~1\DOCUME~1\DRONET~1\Repos\EMBEDD~1\INCUBA~1\ARDUIN~1\ARDUIN~1\Debug\libArduinoCore.a(wiring_shift.o)
 .debug_ranges  0x00000820       0x10 C:\Users\RONALD~1\DOCUME~1\DRONET~1\Repos\EMBEDD~1\INCUBA~1\ARDUIN~1\ARDUIN~1\Debug\libArduinoCore.a(hooks.o)

.debug_macro
 *(.debug_macro)
OUTPUT(Blank.elf elf32-avr)
LOAD linker stubs
