Archive member included to satisfy reference by file (symbol)

C:\Users\RONALD~1\DOCUME~1\DRONET~1\Training\AVR\ARDUIN~1\ARDUIN~1\ARDUIN~1\Debug\libArduinoCore.a(main.o)
                              C:/Program Files (x86)/Atmel/Studio/7.0/Packs/atmel/ATmega_DFP/1.2.150/gcc/dev/atmega1284p/avr51/crtatmega1284p.o (main)
C:\Users\RONALD~1\DOCUME~1\DRONET~1\Training\AVR\ARDUIN~1\ARDUIN~1\ARDUIN~1\Debug\libArduinoCore.a(wiring.o)
                              C:\Users\RONALD~1\DOCUME~1\DRONET~1\Training\AVR\ARDUIN~1\ARDUIN~1\ARDUIN~1\Debug\libArduinoCore.a(main.o) (init)
C:\Users\RONALD~1\DOCUME~1\DRONET~1\Training\AVR\ARDUIN~1\ARDUIN~1\ARDUIN~1\Debug\libArduinoCore.a(hooks.o)
                              C:\Users\RONALD~1\DOCUME~1\DRONET~1\Training\AVR\ARDUIN~1\ARDUIN~1\ARDUIN~1\Debug\libArduinoCore.a(wiring.o) (yield)
c:/program files (x86)/atmel/studio/7.0/toolchain/avr8/avr8-gnu-toolchain/bin/../lib/gcc/avr/5.4.0/avr51\libgcc.a(_exit.o)
                              C:/Program Files (x86)/Atmel/Studio/7.0/Packs/atmel/ATmega_DFP/1.2.150/gcc/dev/atmega1284p/avr51/crtatmega1284p.o (exit)
c:/program files (x86)/atmel/studio/7.0/toolchain/avr8/avr8-gnu-toolchain/bin/../lib/gcc/avr/5.4.0/avr51\libgcc.a(_clear_bss.o)
                              C:\Users\RONALD~1\DOCUME~1\DRONET~1\Training\AVR\ARDUIN~1\ARDUIN~1\ARDUIN~1\Debug\libArduinoCore.a(wiring.o) (__do_clear_bss)

Discarded input sections

 .data          0x00000000        0x0 C:/Program Files (x86)/Atmel/Studio/7.0/Packs/atmel/ATmega_DFP/1.2.150/gcc/dev/atmega1284p/avr51/crtatmega1284p.o
 .bss           0x00000000        0x0 C:/Program Files (x86)/Atmel/Studio/7.0/Packs/atmel/ATmega_DFP/1.2.150/gcc/dev/atmega1284p/avr51/crtatmega1284p.o
 .text          0x00000000        0x0 Sketch.o
 .data          0x00000000        0x0 Sketch.o
 .bss           0x00000000        0x0 Sketch.o
 .text          0x00000000        0x0 C:\Users\RONALD~1\DOCUME~1\DRONET~1\Training\AVR\ARDUIN~1\ARDUIN~1\ARDUIN~1\Debug\libArduinoCore.a(main.o)
 .data          0x00000000        0x0 C:\Users\RONALD~1\DOCUME~1\DRONET~1\Training\AVR\ARDUIN~1\ARDUIN~1\ARDUIN~1\Debug\libArduinoCore.a(main.o)
 .bss           0x00000000        0x0 C:\Users\RONALD~1\DOCUME~1\DRONET~1\Training\AVR\ARDUIN~1\ARDUIN~1\ARDUIN~1\Debug\libArduinoCore.a(main.o)
 .text.atexit   0x00000000        0x6 C:\Users\RONALD~1\DOCUME~1\DRONET~1\Training\AVR\ARDUIN~1\ARDUIN~1\ARDUIN~1\Debug\libArduinoCore.a(main.o)
 .text._Z8setupUSBv
                0x00000000        0x2 C:\Users\RONALD~1\DOCUME~1\DRONET~1\Training\AVR\ARDUIN~1\ARDUIN~1\ARDUIN~1\Debug\libArduinoCore.a(main.o)
 .text          0x00000000        0x0 C:\Users\RONALD~1\DOCUME~1\DRONET~1\Training\AVR\ARDUIN~1\ARDUIN~1\ARDUIN~1\Debug\libArduinoCore.a(wiring.o)
 .data          0x00000000        0x0 C:\Users\RONALD~1\DOCUME~1\DRONET~1\Training\AVR\ARDUIN~1\ARDUIN~1\ARDUIN~1\Debug\libArduinoCore.a(wiring.o)
 .bss           0x00000000        0x0 C:\Users\RONALD~1\DOCUME~1\DRONET~1\Training\AVR\ARDUIN~1\ARDUIN~1\ARDUIN~1\Debug\libArduinoCore.a(wiring.o)
 .text.millis   0x00000000       0x18 C:\Users\RONALD~1\DOCUME~1\DRONET~1\Training\AVR\ARDUIN~1\ARDUIN~1\ARDUIN~1\Debug\libArduinoCore.a(wiring.o)
 .text.micros   0x00000000       0x4a C:\Users\RONALD~1\DOCUME~1\DRONET~1\Training\AVR\ARDUIN~1\ARDUIN~1\ARDUIN~1\Debug\libArduinoCore.a(wiring.o)
 .text.delay    0x00000000       0x78 C:\Users\RONALD~1\DOCUME~1\DRONET~1\Training\AVR\ARDUIN~1\ARDUIN~1\ARDUIN~1\Debug\libArduinoCore.a(wiring.o)
 .text.delayMicroseconds
                0x00000000       0x16 C:\Users\RONALD~1\DOCUME~1\DRONET~1\Training\AVR\ARDUIN~1\ARDUIN~1\ARDUIN~1\Debug\libArduinoCore.a(wiring.o)
 .text          0x00000000        0x0 C:\Users\RONALD~1\DOCUME~1\DRONET~1\Training\AVR\ARDUIN~1\ARDUIN~1\ARDUIN~1\Debug\libArduinoCore.a(hooks.o)
 .data          0x00000000        0x0 C:\Users\RONALD~1\DOCUME~1\DRONET~1\Training\AVR\ARDUIN~1\ARDUIN~1\ARDUIN~1\Debug\libArduinoCore.a(hooks.o)
 .bss           0x00000000        0x0 C:\Users\RONALD~1\DOCUME~1\DRONET~1\Training\AVR\ARDUIN~1\ARDUIN~1\ARDUIN~1\Debug\libArduinoCore.a(hooks.o)
 .text.__empty  0x00000000        0x2 C:\Users\RONALD~1\DOCUME~1\DRONET~1\Training\AVR\ARDUIN~1\ARDUIN~1\ARDUIN~1\Debug\libArduinoCore.a(hooks.o)
 .debug_info    0x00000000       0x3e C:\Users\RONALD~1\DOCUME~1\DRONET~1\Training\AVR\ARDUIN~1\ARDUIN~1\ARDUIN~1\Debug\libArduinoCore.a(hooks.o)
 .debug_abbrev  0x00000000       0x2a C:\Users\RONALD~1\DOCUME~1\DRONET~1\Training\AVR\ARDUIN~1\ARDUIN~1\ARDUIN~1\Debug\libArduinoCore.a(hooks.o)
 .debug_aranges
                0x00000000       0x20 C:\Users\RONALD~1\DOCUME~1\DRONET~1\Training\AVR\ARDUIN~1\ARDUIN~1\ARDUIN~1\Debug\libArduinoCore.a(hooks.o)
 .debug_ranges  0x00000000       0x10 C:\Users\RONALD~1\DOCUME~1\DRONET~1\Training\AVR\ARDUIN~1\ARDUIN~1\ARDUIN~1\Debug\libArduinoCore.a(hooks.o)
 .debug_line    0x00000000       0x41 C:\Users\RONALD~1\DOCUME~1\DRONET~1\Training\AVR\ARDUIN~1\ARDUIN~1\ARDUIN~1\Debug\libArduinoCore.a(hooks.o)
 .debug_str     0x00000000      0x164 C:\Users\RONALD~1\DOCUME~1\DRONET~1\Training\AVR\ARDUIN~1\ARDUIN~1\ARDUIN~1\Debug\libArduinoCore.a(hooks.o)
 .comment       0x00000000       0x31 C:\Users\RONALD~1\DOCUME~1\DRONET~1\Training\AVR\ARDUIN~1\ARDUIN~1\ARDUIN~1\Debug\libArduinoCore.a(hooks.o)
 .debug_frame   0x00000000       0x24 C:\Users\RONALD~1\DOCUME~1\DRONET~1\Training\AVR\ARDUIN~1\ARDUIN~1\ARDUIN~1\Debug\libArduinoCore.a(hooks.o)
 .text          0x00000000        0x0 c:/program files (x86)/atmel/studio/7.0/toolchain/avr8/avr8-gnu-toolchain/bin/../lib/gcc/avr/5.4.0/avr51\libgcc.a(_exit.o)
 .data          0x00000000        0x0 c:/program files (x86)/atmel/studio/7.0/toolchain/avr8/avr8-gnu-toolchain/bin/../lib/gcc/avr/5.4.0/avr51\libgcc.a(_exit.o)
 .bss           0x00000000        0x0 c:/program files (x86)/atmel/studio/7.0/toolchain/avr8/avr8-gnu-toolchain/bin/../lib/gcc/avr/5.4.0/avr51\libgcc.a(_exit.o)
 .text.libgcc.mul
                0x00000000        0x0 c:/program files (x86)/atmel/studio/7.0/toolchain/avr8/avr8-gnu-toolchain/bin/../lib/gcc/avr/5.4.0/avr51\libgcc.a(_exit.o)
 .text.libgcc.div
                0x00000000        0x0 c:/program files (x86)/atmel/studio/7.0/toolchain/avr8/avr8-gnu-toolchain/bin/../lib/gcc/avr/5.4.0/avr51\libgcc.a(_exit.o)
 .text.libgcc   0x00000000        0x0 c:/program files (x86)/atmel/studio/7.0/toolchain/avr8/avr8-gnu-toolchain/bin/../lib/gcc/avr/5.4.0/avr51\libgcc.a(_exit.o)
 .text.libgcc.prologue
                0x00000000        0x0 c:/program files (x86)/atmel/studio/7.0/toolchain/avr8/avr8-gnu-toolchain/bin/../lib/gcc/avr/5.4.0/avr51\libgcc.a(_exit.o)
 .text.libgcc.builtins
                0x00000000        0x0 c:/program files (x86)/atmel/studio/7.0/toolchain/avr8/avr8-gnu-toolchain/bin/../lib/gcc/avr/5.4.0/avr51\libgcc.a(_exit.o)
 .text.libgcc.fmul
                0x00000000        0x0 c:/program files (x86)/atmel/studio/7.0/toolchain/avr8/avr8-gnu-toolchain/bin/../lib/gcc/avr/5.4.0/avr51\libgcc.a(_exit.o)
 .text.libgcc.fixed
                0x00000000        0x0 c:/program files (x86)/atmel/studio/7.0/toolchain/avr8/avr8-gnu-toolchain/bin/../lib/gcc/avr/5.4.0/avr51\libgcc.a(_exit.o)
 .text          0x00000000        0x0 c:/program files (x86)/atmel/studio/7.0/toolchain/avr8/avr8-gnu-toolchain/bin/../lib/gcc/avr/5.4.0/avr51\libgcc.a(_clear_bss.o)
 .data          0x00000000        0x0 c:/program files (x86)/atmel/studio/7.0/toolchain/avr8/avr8-gnu-toolchain/bin/../lib/gcc/avr/5.4.0/avr51\libgcc.a(_clear_bss.o)
 .bss           0x00000000        0x0 c:/program files (x86)/atmel/studio/7.0/toolchain/avr8/avr8-gnu-toolchain/bin/../lib/gcc/avr/5.4.0/avr51\libgcc.a(_clear_bss.o)
 .text.libgcc.mul
                0x00000000        0x0 c:/program files (x86)/atmel/studio/7.0/toolchain/avr8/avr8-gnu-toolchain/bin/../lib/gcc/avr/5.4.0/avr51\libgcc.a(_clear_bss.o)
 .text.libgcc.div
                0x00000000        0x0 c:/program files (x86)/atmel/studio/7.0/toolchain/avr8/avr8-gnu-toolchain/bin/../lib/gcc/avr/5.4.0/avr51\libgcc.a(_clear_bss.o)
 .text.libgcc   0x00000000        0x0 c:/program files (x86)/atmel/studio/7.0/toolchain/avr8/avr8-gnu-toolchain/bin/../lib/gcc/avr/5.4.0/avr51\libgcc.a(_clear_bss.o)
 .text.libgcc.prologue
                0x00000000        0x0 c:/program files (x86)/atmel/studio/7.0/toolchain/avr8/avr8-gnu-toolchain/bin/../lib/gcc/avr/5.4.0/avr51\libgcc.a(_clear_bss.o)
 .text.libgcc.builtins
                0x00000000        0x0 c:/program files (x86)/atmel/studio/7.0/toolchain/avr8/avr8-gnu-toolchain/bin/../lib/gcc/avr/5.4.0/avr51\libgcc.a(_clear_bss.o)
 .text.libgcc.fmul
                0x00000000        0x0 c:/program files (x86)/atmel/studio/7.0/toolchain/avr8/avr8-gnu-toolchain/bin/../lib/gcc/avr/5.4.0/avr51\libgcc.a(_clear_bss.o)
 .text.libgcc.fixed
                0x00000000        0x0 c:/program files (x86)/atmel/studio/7.0/toolchain/avr8/avr8-gnu-toolchain/bin/../lib/gcc/avr/5.4.0/avr51\libgcc.a(_clear_bss.o)

Memory Configuration

Name             Origin             Length             Attributes
text             0x00000000         0x00020000         xr
data             0x00800100         0x0000ff00         rw !x
eeprom           0x00810000         0x00010000         rw !x
fuse             0x00820000         0x00000003         rw !x
lock             0x00830000         0x00000400         rw !x
signature        0x00840000         0x00000400         rw !x
user_signatures  0x00850000         0x00000400         rw !x
*default*        0x00000000         0xffffffff

Linker script and memory map

Address of section .data set to 0x800100
LOAD C:/Program Files (x86)/Atmel/Studio/7.0/Packs/atmel/ATmega_DFP/1.2.150/gcc/dev/atmega1284p/avr51/crtatmega1284p.o
LOAD Sketch.o
START GROUP
LOAD c:/program files (x86)/atmel/studio/7.0/toolchain/avr8/avr8-gnu-toolchain/bin/../lib/gcc/avr/5.4.0/../../../../avr/lib/avr51\libm.a
LOAD C:\Users\RONALD~1\DOCUME~1\DRONET~1\Training\AVR\ARDUIN~1\ARDUIN~1\ARDUIN~1\Debug\libArduinoCore.a
END GROUP
LOAD c:/program files (x86)/atmel/studio/7.0/toolchain/avr8/avr8-gnu-toolchain/bin/../lib/gcc/avr/5.4.0/avr51\libgcc.a
LOAD c:/program files (x86)/atmel/studio/7.0/toolchain/avr8/avr8-gnu-toolchain/bin/../lib/gcc/avr/5.4.0/../../../../avr/lib/avr51\libm.a
START GROUP
LOAD c:/program files (x86)/atmel/studio/7.0/toolchain/avr8/avr8-gnu-toolchain/bin/../lib/gcc/avr/5.4.0/avr51\libgcc.a
LOAD c:/program files (x86)/atmel/studio/7.0/toolchain/avr8/avr8-gnu-toolchain/bin/../lib/gcc/avr/5.4.0/../../../../avr/lib/avr51\libm.a
LOAD c:/program files (x86)/atmel/studio/7.0/toolchain/avr8/avr8-gnu-toolchain/bin/../lib/gcc/avr/5.4.0/../../../../avr/lib/avr51\libc.a
LOAD C:/Program Files (x86)/Atmel/Studio/7.0/Packs/atmel/ATmega_DFP/1.2.150/gcc/dev/atmega1284p/avr51\libatmega1284p.a
END GROUP
                0x00020000                __TEXT_REGION_LENGTH__ = DEFINED (__TEXT_REGION_LENGTH__)?__TEXT_REGION_LENGTH__:0x20000
                0x0000ff00                __DATA_REGION_LENGTH__ = DEFINED (__DATA_REGION_LENGTH__)?__DATA_REGION_LENGTH__:0xff00
                0x00010000                __EEPROM_REGION_LENGTH__ = DEFINED (__EEPROM_REGION_LENGTH__)?__EEPROM_REGION_LENGTH__:0x10000
                [0x00000003]                __FUSE_REGION_LENGTH__ = DEFINED (__FUSE_REGION_LENGTH__)?__FUSE_REGION_LENGTH__:0x400
                0x00000400                __LOCK_REGION_LENGTH__ = DEFINED (__LOCK_REGION_LENGTH__)?__LOCK_REGION_LENGTH__:0x400
                0x00000400                __SIGNATURE_REGION_LENGTH__ = DEFINED (__SIGNATURE_REGION_LENGTH__)?__SIGNATURE_REGION_LENGTH__:0x400
                0x00000400                __USER_SIGNATURE_REGION_LENGTH__ = DEFINED (__USER_SIGNATURE_REGION_LENGTH__)?__USER_SIGNATURE_REGION_LENGTH__:0x400

.hash
 *(.hash)

.dynsym
 *(.dynsym)

.dynstr
 *(.dynstr)

.gnu.version
 *(.gnu.version)

.gnu.version_d
 *(.gnu.version_d)

.gnu.version_r
 *(.gnu.version_r)

.rel.init
 *(.rel.init)

.rela.init
 *(.rela.init)

.rel.text
 *(.rel.text)
 *(.rel.text.*)
 *(.rel.gnu.linkonce.t*)

.rela.text
 *(.rela.text)
 *(.rela.text.*)
 *(.rela.gnu.linkonce.t*)

.rel.fini
 *(.rel.fini)

.rela.fini
 *(.rela.fini)

.rel.rodata
 *(.rel.rodata)
 *(.rel.rodata.*)
 *(.rel.gnu.linkonce.r*)

.rela.rodata
 *(.rela.rodata)
 *(.rela.rodata.*)
 *(.rela.gnu.linkonce.r*)

.rel.data
 *(.rel.data)
 *(.rel.data.*)
 *(.rel.gnu.linkonce.d*)

.rela.data
 *(.rela.data)
 *(.rela.data.*)
 *(.rela.gnu.linkonce.d*)

.rel.ctors
 *(.rel.ctors)

.rela.ctors
 *(.rela.ctors)

.rel.dtors
 *(.rel.dtors)

.rela.dtors
 *(.rela.dtors)

.rel.got
 *(.rel.got)

.rela.got
 *(.rela.got)

.rel.bss
 *(.rel.bss)

.rela.bss
 *(.rela.bss)

.rel.plt
 *(.rel.plt)

.rela.plt
 *(.rela.plt)

.text           0x00000000      0x1f4
 *(.vectors)
 .vectors       0x00000000       0x8c C:/Program Files (x86)/Atmel/Studio/7.0/Packs/atmel/ATmega_DFP/1.2.150/gcc/dev/atmega1284p/avr51/crtatmega1284p.o
                0x00000000                __vector_default
                0x00000000                __vectors
 *(.vectors)
 *(.progmem.gcc*)
                0x0000008c                . = ALIGN (0x2)
                0x0000008c                __trampolines_start = .
 *(.trampolines)
 .trampolines   0x0000008c        0x0 linker stubs
 *(.trampolines*)
                0x0000008c                __trampolines_end = .
 *libprintf_flt.a:*(.progmem.data)
 *libc.a:*(.progmem.data)
 *(.progmem*)
                0x0000008c                . = ALIGN (0x2)
 *(.jumptables)
 *(.jumptables*)
 *(.lowtext)
 *(.lowtext*)
                0x0000008c                __ctors_start = .
 *(.ctors)
                0x0000008c                __ctors_end = .
                0x0000008c                __dtors_start = .
 *(.dtors)
                0x0000008c                __dtors_end = .
 SORT(*)(.ctors)
 SORT(*)(.dtors)
 *(.init0)
 .init0         0x0000008c        0x0 C:/Program Files (x86)/Atmel/Studio/7.0/Packs/atmel/ATmega_DFP/1.2.150/gcc/dev/atmega1284p/avr51/crtatmega1284p.o
                0x0000008c                __init
 *(.init0)
 *(.init1)
 *(.init1)
 *(.init2)
 .init2         0x0000008c        0xc C:/Program Files (x86)/Atmel/Studio/7.0/Packs/atmel/ATmega_DFP/1.2.150/gcc/dev/atmega1284p/avr51/crtatmega1284p.o
 *(.init2)
 *(.init3)
 *(.init3)
 *(.init4)
 .init4         0x00000098       0x10 c:/program files (x86)/atmel/studio/7.0/toolchain/avr8/avr8-gnu-toolchain/bin/../lib/gcc/avr/5.4.0/avr51\libgcc.a(_clear_bss.o)
                0x00000098                __do_clear_bss
 *(.init4)
 *(.init5)
 *(.init5)
 *(.init6)
 *(.init6)
 *(.init7)
 *(.init7)
 *(.init8)
 *(.init8)
 *(.init9)
 .init9         0x000000a8        0x4 C:/Program Files (x86)/Atmel/Studio/7.0/Packs/atmel/ATmega_DFP/1.2.150/gcc/dev/atmega1284p/avr51/crtatmega1284p.o
 *(.init9)
 *(.text)
 .text          0x000000ac        0x2 C:/Program Files (x86)/Atmel/Studio/7.0/Packs/atmel/ATmega_DFP/1.2.150/gcc/dev/atmega1284p/avr51/crtatmega1284p.o
                0x000000ac                __vector_22
                0x000000ac                __vector_28
                0x000000ac                __vector_1
                0x000000ac                __vector_32
                0x000000ac                __vector_34
                0x000000ac                __vector_24
                0x000000ac                __vector_12
                0x000000ac                __bad_interrupt
                0x000000ac                __vector_6
                0x000000ac                __vector_31
                0x000000ac                __vector_3
                0x000000ac                __vector_23
                0x000000ac                __vector_30
                0x000000ac                __vector_25
                0x000000ac                __vector_11
                0x000000ac                __vector_13
                0x000000ac                __vector_17
                0x000000ac                __vector_19
                0x000000ac                __vector_7
                0x000000ac                __vector_27
                0x000000ac                __vector_5
                0x000000ac                __vector_33
                0x000000ac                __vector_4
                0x000000ac                __vector_9
                0x000000ac                __vector_2
                0x000000ac                __vector_21
                0x000000ac                __vector_15
                0x000000ac                __vector_29
                0x000000ac                __vector_8
                0x000000ac                __vector_26
                0x000000ac                __vector_14
                0x000000ac                __vector_10
                0x000000ac                __vector_16
                0x000000ac                __vector_20
                0x000000ae                . = ALIGN (0x2)
 *(.text.*)
 .text.setup    0x000000ae        0x4 Sketch.o
                0x000000ae                setup
 .text.loop     0x000000b2        0x2 Sketch.o
                0x000000b2                loop
 .text.initVariant
                0x000000b4        0x2 C:\Users\RONALD~1\DOCUME~1\DRONET~1\Training\AVR\ARDUIN~1\ARDUIN~1\ARDUIN~1\Debug\libArduinoCore.a(main.o)
                0x000000b4                initVariant
 .text.startup.main
                0x000000b6       0x16 C:\Users\RONALD~1\DOCUME~1\DRONET~1\Training\AVR\ARDUIN~1\ARDUIN~1\ARDUIN~1\Debug\libArduinoCore.a(main.o)
                0x000000b6                main
 .text.__vector_18
                0x000000cc       0x94 C:\Users\RONALD~1\DOCUME~1\DRONET~1\Training\AVR\ARDUIN~1\ARDUIN~1\ARDUIN~1\Debug\libArduinoCore.a(wiring.o)
                0x000000cc                __vector_18
 .text.init     0x00000160       0x90 C:\Users\RONALD~1\DOCUME~1\DRONET~1\Training\AVR\ARDUIN~1\ARDUIN~1\ARDUIN~1\Debug\libArduinoCore.a(wiring.o)
                0x00000160                init
                0x000001f0                . = ALIGN (0x2)
 *(.fini9)
 .fini9         0x000001f0        0x0 c:/program files (x86)/atmel/studio/7.0/toolchain/avr8/avr8-gnu-toolchain/bin/../lib/gcc/avr/5.4.0/avr51\libgcc.a(_exit.o)
                0x000001f0                _exit
                0x000001f0                exit
 *(.fini9)
 *(.fini8)
 *(.fini8)
 *(.fini7)
 *(.fini7)
 *(.fini6)
 *(.fini6)
 *(.fini5)
 *(.fini5)
 *(.fini4)
 *(.fini4)
 *(.fini3)
 *(.fini3)
 *(.fini2)
 *(.fini2)
 *(.fini1)
 *(.fini1)
 *(.fini0)
 .fini0         0x000001f0        0x4 c:/program files (x86)/atmel/studio/7.0/toolchain/avr8/avr8-gnu-toolchain/bin/../lib/gcc/avr/5.4.0/avr51\libgcc.a(_exit.o)
 *(.fini0)
                0x000001f4                _etext = .

.data           0x00800100        0x0 load address 0x000001f4
                [!provide]                PROVIDE (__data_start, .)
 *(.data)
 *(.data*)
 *(.gnu.linkonce.d*)
 *(.rodata)
 *(.rodata*)
 *(.gnu.linkonce.r*)
                0x00800100                . = ALIGN (0x2)
                0x00800100                _edata = .
                [!provide]                PROVIDE (__data_end, .)

.bss            0x00800100        0x9
                0x00800100                PROVIDE (__bss_start, .)
 *(.bss)
 *(.bss*)
 .bss.timer0_fract
                0x00800100        0x1 C:\Users\RONALD~1\DOCUME~1\DRONET~1\Training\AVR\ARDUIN~1\ARDUIN~1\ARDUIN~1\Debug\libArduinoCore.a(wiring.o)
 .bss.timer0_millis
                0x00800101        0x4 C:\Users\RONALD~1\DOCUME~1\DRONET~1\Training\AVR\ARDUIN~1\ARDUIN~1\ARDUIN~1\Debug\libArduinoCore.a(wiring.o)
                0x00800101                timer0_millis
 .bss.timer0_overflow_count
                0x00800105        0x4 C:\Users\RONALD~1\DOCUME~1\DRONET~1\Training\AVR\ARDUIN~1\ARDUIN~1\ARDUIN~1\Debug\libArduinoCore.a(wiring.o)
                0x00800105                timer0_overflow_count
 *(COMMON)
                0x00800109                PROVIDE (__bss_end, .)
                0x000001f4                __data_load_start = LOADADDR (.data)
                0x000001f4                __data_load_end = (__data_load_start + SIZEOF (.data))

.noinit         0x00800109        0x0
                [!provide]                PROVIDE (__noinit_start, .)
 *(.noinit*)
                [!provide]                PROVIDE (__noinit_end, .)
                0x00800109                _end = .
                [!provide]                PROVIDE (__heap_start, .)

.eeprom         0x00810000        0x0
 *(.eeprom*)
                0x00810000                __eeprom_end = .

.fuse
 *(.fuse)
 *(.lfuse)
 *(.hfuse)
 *(.efuse)

.lock
 *(.lock*)

.signature
 *(.signature*)

.user_signatures
 *(.user_signatures*)

.stab
 *(.stab)

.stabstr
 *(.stabstr)

.stab.excl
 *(.stab.excl)

.stab.exclstr
 *(.stab.exclstr)

.stab.index
 *(.stab.index)

.stab.indexstr
 *(.stab.indexstr)

.comment        0x00000000       0x30
 *(.comment)
 .comment       0x00000000       0x30 Sketch.o
                                 0x31 (size before relaxing)
 .comment       0x00000030       0x31 C:\Users\RONALD~1\DOCUME~1\DRONET~1\Training\AVR\ARDUIN~1\ARDUIN~1\ARDUIN~1\Debug\libArduinoCore.a(main.o)
 .comment       0x00000030       0x31 C:\Users\RONALD~1\DOCUME~1\DRONET~1\Training\AVR\ARDUIN~1\ARDUIN~1\ARDUIN~1\Debug\libArduinoCore.a(wiring.o)

.note.gnu.avr.deviceinfo
                0x00000000       0x40
 .note.gnu.avr.deviceinfo
                0x00000000       0x40 C:/Program Files (x86)/Atmel/Studio/7.0/Packs/atmel/ATmega_DFP/1.2.150/gcc/dev/atmega1284p/avr51/crtatmega1284p.o

.note.gnu.build-id
 *(.note.gnu.build-id)

.debug
 *(.debug)

.line
 *(.line)

.debug_srcinfo
 *(.debug_srcinfo)

.debug_sfnames
 *(.debug_sfnames)

.debug_aranges  0x00000000       0xa0
 *(.debug_aranges)
 .debug_aranges
                0x00000000       0x28 Sketch.o
 .debug_aranges
                0x00000028       0x30 C:\Users\RONALD~1\DOCUME~1\DRONET~1\Training\AVR\ARDUIN~1\ARDUIN~1\ARDUIN~1\Debug\libArduinoCore.a(main.o)
 .debug_aranges
                0x00000058       0x48 C:\Users\RONALD~1\DOCUME~1\DRONET~1\Training\AVR\ARDUIN~1\ARDUIN~1\ARDUIN~1\Debug\libArduinoCore.a(wiring.o)

.debug_pubnames
 *(.debug_pubnames)

.debug_info     0x00000000      0xe45
 *(.debug_info .gnu.linkonce.wi.*)
 .debug_info    0x00000000      0x792 C:/Program Files (x86)/Atmel/Studio/7.0/Packs/atmel/ATmega_DFP/1.2.150/gcc/dev/atmega1284p/avr51/crtatmega1284p.o
 .debug_info    0x00000792      0x199 Sketch.o
 .debug_info    0x0000092b      0x243 C:\Users\RONALD~1\DOCUME~1\DRONET~1\Training\AVR\ARDUIN~1\ARDUIN~1\ARDUIN~1\Debug\libArduinoCore.a(main.o)
 .debug_info    0x00000b6e      0x2d7 C:\Users\RONALD~1\DOCUME~1\DRONET~1\Training\AVR\ARDUIN~1\ARDUIN~1\ARDUIN~1\Debug\libArduinoCore.a(wiring.o)

.debug_abbrev   0x00000000      0xa31
 *(.debug_abbrev)
 .debug_abbrev  0x00000000      0x729 C:/Program Files (x86)/Atmel/Studio/7.0/Packs/atmel/ATmega_DFP/1.2.150/gcc/dev/atmega1284p/avr51/crtatmega1284p.o
 .debug_abbrev  0x00000729       0x95 Sketch.o
 .debug_abbrev  0x000007be      0x12d C:\Users\RONALD~1\DOCUME~1\DRONET~1\Training\AVR\ARDUIN~1\ARDUIN~1\ARDUIN~1\Debug\libArduinoCore.a(main.o)
 .debug_abbrev  0x000008eb      0x146 C:\Users\RONALD~1\DOCUME~1\DRONET~1\Training\AVR\ARDUIN~1\ARDUIN~1\ARDUIN~1\Debug\libArduinoCore.a(wiring.o)

.debug_line     0x00000000      0x699
 *(.debug_line .debug_line.* .debug_line_end)
 .debug_line    0x00000000      0x169 C:/Program Files (x86)/Atmel/Studio/7.0/Packs/atmel/ATmega_DFP/1.2.150/gcc/dev/atmega1284p/avr51/crtatmega1284p.o
 .debug_line    0x00000169      0x120 Sketch.o
 .debug_line    0x00000289      0x165 C:\Users\RONALD~1\DOCUME~1\DRONET~1\Training\AVR\ARDUIN~1\ARDUIN~1\ARDUIN~1\Debug\libArduinoCore.a(main.o)
 .debug_line    0x000003ee      0x2ab C:\Users\RONALD~1\DOCUME~1\DRONET~1\Training\AVR\ARDUIN~1\ARDUIN~1\ARDUIN~1\Debug\libArduinoCore.a(wiring.o)

.debug_frame    0x00000000      0x14c
 *(.debug_frame)
 .debug_frame   0x00000000       0x34 Sketch.o
 .debug_frame   0x00000034       0x54 C:\Users\RONALD~1\DOCUME~1\DRONET~1\Training\AVR\ARDUIN~1\ARDUIN~1\ARDUIN~1\Debug\libArduinoCore.a(main.o)
 .debug_frame   0x00000088       0xc4 C:\Users\RONALD~1\DOCUME~1\DRONET~1\Training\AVR\ARDUIN~1\ARDUIN~1\ARDUIN~1\Debug\libArduinoCore.a(wiring.o)

.debug_str      0x00000000      0x71e
 *(.debug_str)
 .debug_str     0x00000000      0x296 C:/Program Files (x86)/Atmel/Studio/7.0/Packs/atmel/ATmega_DFP/1.2.150/gcc/dev/atmega1284p/avr51/crtatmega1284p.o
 .debug_str     0x00000296      0x244 Sketch.o
                                0x284 (size before relaxing)
 .debug_str     0x000004da       0xd0 C:\Users\RONALD~1\DOCUME~1\DRONET~1\Training\AVR\ARDUIN~1\ARDUIN~1\ARDUIN~1\Debug\libArduinoCore.a(main.o)
                                0x2d9 (size before relaxing)
 .debug_str     0x000005aa      0x174 C:\Users\RONALD~1\DOCUME~1\DRONET~1\Training\AVR\ARDUIN~1\ARDUIN~1\ARDUIN~1\Debug\libArduinoCore.a(wiring.o)
                                0x26f (size before relaxing)

.debug_loc      0x00000000      0x28d
 *(.debug_loc)
 .debug_loc     0x00000000      0x28d C:\Users\RONALD~1\DOCUME~1\DRONET~1\Training\AVR\ARDUIN~1\ARDUIN~1\ARDUIN~1\Debug\libArduinoCore.a(wiring.o)

.debug_macinfo
 *(.debug_macinfo)

.debug_weaknames
 *(.debug_weaknames)

.debug_funcnames
 *(.debug_funcnames)

.debug_typenames
 *(.debug_typenames)

.debug_varnames
 *(.debug_varnames)

.debug_pubtypes
 *(.debug_pubtypes)

.debug_ranges   0x00000000       0x70
 *(.debug_ranges)
 .debug_ranges  0x00000000       0x18 Sketch.o
 .debug_ranges  0x00000018       0x20 C:\Users\RONALD~1\DOCUME~1\DRONET~1\Training\AVR\ARDUIN~1\ARDUIN~1\ARDUIN~1\Debug\libArduinoCore.a(main.o)
 .debug_ranges  0x00000038       0x38 C:\Users\RONALD~1\DOCUME~1\DRONET~1\Training\AVR\ARDUIN~1\ARDUIN~1\ARDUIN~1\Debug\libArduinoCore.a(wiring.o)

.debug_macro
 *(.debug_macro)
OUTPUT(Blank.elf elf32-avr)
LOAD linker stubs
