Archive member included to satisfy reference by file (symbol)

c:/program files (x86)/atmel/studio/7.0/toolchain/avr8/avr8-gnu-toolchain/bin/../lib/gcc/avr/5.4.0/../../../../avr/lib/avr51\libm.a(addsf3.o)
                              Sketch.o (__subsf3)
c:/program files (x86)/atmel/studio/7.0/toolchain/avr8/avr8-gnu-toolchain/bin/../lib/gcc/avr/5.4.0/../../../../avr/lib/avr51\libm.a(addsf3x.o)
                              c:/program files (x86)/atmel/studio/7.0/toolchain/avr8/avr8-gnu-toolchain/bin/../lib/gcc/avr/5.4.0/../../../../avr/lib/avr51\libm.a(addsf3.o) (__addsf3x)
c:/program files (x86)/atmel/studio/7.0/toolchain/avr8/avr8-gnu-toolchain/bin/../lib/gcc/avr/5.4.0/../../../../avr/lib/avr51\libm.a(divsf3.o)
                              Sketch.o (__divsf3)
c:/program files (x86)/atmel/studio/7.0/toolchain/avr8/avr8-gnu-toolchain/bin/../lib/gcc/avr/5.4.0/../../../../avr/lib/avr51\libm.a(divsf3x.o)
                              c:/program files (x86)/atmel/studio/7.0/toolchain/avr8/avr8-gnu-toolchain/bin/../lib/gcc/avr/5.4.0/../../../../avr/lib/avr51\libm.a(divsf3.o) (__divsf3x)
c:/program files (x86)/atmel/studio/7.0/toolchain/avr8/avr8-gnu-toolchain/bin/../lib/gcc/avr/5.4.0/../../../../avr/lib/avr51\libm.a(fixsfsi.o)
                              Sketch.o (__fixsfsi)
c:/program files (x86)/atmel/studio/7.0/toolchain/avr8/avr8-gnu-toolchain/bin/../lib/gcc/avr/5.4.0/../../../../avr/lib/avr51\libm.a(fixunssfsi.o)
                              c:/program files (x86)/atmel/studio/7.0/toolchain/avr8/avr8-gnu-toolchain/bin/../lib/gcc/avr/5.4.0/../../../../avr/lib/avr51\libm.a(fixsfsi.o) (__fixunssfsi)
c:/program files (x86)/atmel/studio/7.0/toolchain/avr8/avr8-gnu-toolchain/bin/../lib/gcc/avr/5.4.0/../../../../avr/lib/avr51\libm.a(floatsisf.o)
                              Sketch.o (__floatsisf)
c:/program files (x86)/atmel/studio/7.0/toolchain/avr8/avr8-gnu-toolchain/bin/../lib/gcc/avr/5.4.0/../../../../avr/lib/avr51\libm.a(fp_inf.o)
                              c:/program files (x86)/atmel/studio/7.0/toolchain/avr8/avr8-gnu-toolchain/bin/../lib/gcc/avr/5.4.0/../../../../avr/lib/avr51\libm.a(addsf3x.o) (__fp_inf)
c:/program files (x86)/atmel/studio/7.0/toolchain/avr8/avr8-gnu-toolchain/bin/../lib/gcc/avr/5.4.0/../../../../avr/lib/avr51\libm.a(fp_nan.o)
                              c:/program files (x86)/atmel/studio/7.0/toolchain/avr8/avr8-gnu-toolchain/bin/../lib/gcc/avr/5.4.0/../../../../avr/lib/avr51\libm.a(addsf3x.o) (__fp_nan)
c:/program files (x86)/atmel/studio/7.0/toolchain/avr8/avr8-gnu-toolchain/bin/../lib/gcc/avr/5.4.0/../../../../avr/lib/avr51\libm.a(fp_pscA.o)
                              c:/program files (x86)/atmel/studio/7.0/toolchain/avr8/avr8-gnu-toolchain/bin/../lib/gcc/avr/5.4.0/../../../../avr/lib/avr51\libm.a(addsf3x.o) (__fp_pscA)
c:/program files (x86)/atmel/studio/7.0/toolchain/avr8/avr8-gnu-toolchain/bin/../lib/gcc/avr/5.4.0/../../../../avr/lib/avr51\libm.a(fp_pscB.o)
                              c:/program files (x86)/atmel/studio/7.0/toolchain/avr8/avr8-gnu-toolchain/bin/../lib/gcc/avr/5.4.0/../../../../avr/lib/avr51\libm.a(addsf3x.o) (__fp_pscB)
c:/program files (x86)/atmel/studio/7.0/toolchain/avr8/avr8-gnu-toolchain/bin/../lib/gcc/avr/5.4.0/../../../../avr/lib/avr51\libm.a(fp_round.o)
                              c:/program files (x86)/atmel/studio/7.0/toolchain/avr8/avr8-gnu-toolchain/bin/../lib/gcc/avr/5.4.0/../../../../avr/lib/avr51\libm.a(addsf3.o) (__fp_round)
c:/program files (x86)/atmel/studio/7.0/toolchain/avr8/avr8-gnu-toolchain/bin/../lib/gcc/avr/5.4.0/../../../../avr/lib/avr51\libm.a(fp_split3.o)
                              c:/program files (x86)/atmel/studio/7.0/toolchain/avr8/avr8-gnu-toolchain/bin/../lib/gcc/avr/5.4.0/../../../../avr/lib/avr51\libm.a(addsf3x.o) (__fp_split3)
c:/program files (x86)/atmel/studio/7.0/toolchain/avr8/avr8-gnu-toolchain/bin/../lib/gcc/avr/5.4.0/../../../../avr/lib/avr51\libm.a(fp_zero.o)
                              c:/program files (x86)/atmel/studio/7.0/toolchain/avr8/avr8-gnu-toolchain/bin/../lib/gcc/avr/5.4.0/../../../../avr/lib/avr51\libm.a(addsf3x.o) (__fp_zero)
c:/program files (x86)/atmel/studio/7.0/toolchain/avr8/avr8-gnu-toolchain/bin/../lib/gcc/avr/5.4.0/../../../../avr/lib/avr51\libm.a(log.o)
                              Sketch.o (log)
c:/program files (x86)/atmel/studio/7.0/toolchain/avr8/avr8-gnu-toolchain/bin/../lib/gcc/avr/5.4.0/../../../../avr/lib/avr51\libm.a(mulsf3.o)
                              Sketch.o (__mulsf3)
c:/program files (x86)/atmel/studio/7.0/toolchain/avr8/avr8-gnu-toolchain/bin/../lib/gcc/avr/5.4.0/../../../../avr/lib/avr51\libm.a(mulsf3x.o)
                              c:/program files (x86)/atmel/studio/7.0/toolchain/avr8/avr8-gnu-toolchain/bin/../lib/gcc/avr/5.4.0/../../../../avr/lib/avr51\libm.a(log.o) (__mulsf3x)
c:/program files (x86)/atmel/studio/7.0/toolchain/avr8/avr8-gnu-toolchain/bin/../lib/gcc/avr/5.4.0/../../../../avr/lib/avr51\libm.a(pow.o)
[...]
Memory Configuration

Name             Origin             Length             Attributes
text             0x00000000         0x00020000         xr
data             0x00800100         0x0000ff00         rw !x
eeprom           0x00810000         0x00010000         rw !x
fuse             0x00820000         0x00000003         rw !x
lock             0x00830000         0x00000400         rw !x
signature        0x00840000         0x00000400         rw !x
user_signatures  0x00850000         0x00000400         rw !x
*default*        0x00000000         0xffffffff

Linker script and memory map

Address of section .data set to 0x800100
LOAD C:/Program Files (x86)/Atmel/Studio/7.0/Packs/atmel/ATmega_DFP/1.2.150/gcc/dev/atmega1284p/avr51/crtatmega1284p.o
LOAD Sketch.o
LOAD src/libraries/HX711/HX711.o
LOAD src/libraries/SimpleDHT/SimpleDHT.o
START GROUP
LOAD c:/program files (x86)/atmel/studio/7.0/toolchain/avr8/avr8-gnu-toolchain/bin/../lib/gcc/avr/5.4.0/../../../../avr/lib/avr51\libm.a
LOAD C:\Users\RONALD~1\DOCUME~1\DRONET~1\Repos\EMBEDD~1\INCUBA~1\ARDUIN~1\ARDUIN~1\Debug\libArduinoCore.a
END GROUP
LOAD c:/program files (x86)/atmel/studio/7.0/toolchain/avr8/avr8-gnu-toolchain/bin/../lib/gcc/avr/5.4.0/avr51\libgcc.a
LOAD c:/program files (x86)/atmel/studio/7.0/toolchain/avr8/avr8-gnu-toolchain/bin/../lib/gcc/avr/5.4.0/../../../../avr/lib/avr51\libm.a
START GROUP
LOAD c:/program files (x86)/atmel/studio/7.0/toolchain/avr8/avr8-gnu-toolchain/bin/../lib/gcc/avr/5.4.0/avr51\libgcc.a
LOAD c:/program files (x86)/atmel/studio/7.0/toolchain/avr8/avr8-gnu-toolchain/bin/../lib/gcc/avr/5.4.0/../../../../avr/lib/avr51\libm.a
LOAD c:/program files (x86)/atmel/studio/7.0/toolchain/avr8/avr8-gnu-toolchain/bin/../lib/gcc/avr/5.4.0/../../../../avr/lib/avr51\libc.a
LOAD C:/Program Files (x86)/Atmel/Studio/7.0/Packs/atmel/ATmega_DFP/1.2.150/gcc/dev/atmega1284p/avr51\libatmega1284p.a
END GROUP
                0x00020000                __TEXT_REGION_LENGTH__ = DEFINED (__TEXT_REGION_LENGTH__)?__TEXT_REGION_LENGTH__:0x20000
                0x0000ff00                __DATA_REGION_LENGTH__ = DEFINED (__DATA_REGION_LENGTH__)?__DATA_REGION_LENGTH__:0xff00
                0x00010000                __EEPROM_REGION_LENGTH__ = DEFINED (__EEPROM_REGION_LENGTH__)?__EEPROM_REGION_LENGTH__:0x10000
                [0x00000003]                __FUSE_REGION_LENGTH__ = DEFINED (__FUSE_REGION_LENGTH__)?__FUSE_REGION_LENGTH__:0x400
                0x00000400                __LOCK_REGION_LENGTH__ = DEFINED (__LOCK_REGION_LENGTH__)?__LOCK_REGION_LENGTH__:0x400
                0x00000400                __SIGNATURE_REGION_LENGTH__ = DEFINED (__SIGNATURE_REGION_LENGTH__)?__SIGNATURE_REGION_LENGTH__:0x400
                0x00000400                __USER_SIGNATURE_REGION_LENGTH__ = DEFINED (__USER_SIGNATURE_REGION_LENGTH__)?__USER_SIGNATURE_REGION_LENGTH__:0x400

.hash
 *(.hash)

.dynsym
 *(.dynsym)

.dynstr
 *(.dynstr)

.gnu.version
 *(.gnu.version)

.gnu.version_d
 *(.gnu.version_d)

.gnu.version_r
 *(.gnu.version_r)

.rel.init
 *(.rel.init)

.rela.init
 *(.rela.init)

.rel.text
 *(.rel.text)
 *(.rel.text.*)
 *(.rel.gnu.linkonce.t*)

.rela.text
 *(.rela.text)
 *(.rela.text.*)
 *(.rela.gnu.linkonce.t*)

.rel.fini
 *(.rel.fini)

.rela.fini
 *(.rela.fini)

.rel.rodata
 *(.rel.rodata)
 *(.rel.rodata.*)
 *(.rel.gnu.linkonce.r*)

.rela.rodata
 *(.rela.rodata)
 *(.rela.rodata.*)
 *(.rela.gnu.linkonce.r*)

.rel.data
 *(.rel.data)
 *(.rel.data.*)
 *(.rel.gnu.linkonce.d*)

.rela.data
 *(.rela.data)
 *(.rela.data.*)
 *(.rela.gnu.linkonce.d*)

.rel.ctors
 *(.rel.ctors)

.rela.ctors
 *(.rela.ctors)

.rel.dtors
 *(.rel.dtors)

.rela.dtors
 *(.rela.dtors)

.rel.got
 *(.rel.got)

.rela.got
 *(.rela.got)

.rel.bss
 *(.rel.bss)

.rela.bss
 *(.rela.bss)

.rel.plt
 *(.rel.plt)

.rela.plt
 *(.rela.plt)

.text           0x00000000      0xebe
 *(.vectors)
 .vectors       0x00000000       0x8c C:/Program Files (x86)/Atmel/Studio/7.0/Packs/atmel/ATmega_DFP/1.2.150/gcc/dev/atmega1284p/avr51/crtatmega1284p.o
                0x00000000                __vector_default
                0x00000000                __vectors
 *(.vectors)
 *(.progmem.gcc*)
 .progmem.gcc_sw_table.turnOffPWM
                0x0000008c       0x14 C:\Users\RONALD~1\DOCUME~1\DRONET~1\Repos\EMBEDD~1\INCUBA~1\ARDUIN~1\ARDUIN~1\Debug\libArduinoCore.a(wiring_digital.o)
                0x000000a0                . = ALIGN (0x2)
                0x000000a0                __trampolines_start = .
 *(.trampolines)
 .trampolines   0x000000a0        0x0 linker stubs
 *(.trampolines*)
                0x000000a0                __trampolines_end = .
 *libprintf_flt.a:*(.progmem.data)
 *libc.a:*(.progmem.data)
 *(.progmem*)
 .progmem.data.digital_pin_to_timer_PGM
                0x000000a0       0x20 C:\Users\RONALD~1\DOCUME~1\DRONET~1\Repos\EMBEDD~1\INCUBA~1\ARDUIN~1\ARDUIN~1\Debug\libArduinoCore.a(wiring_digital.o)
                0x000000a0                digital_pin_to_timer_PGM
 .progmem.data.digital_pin_to_bit_mask_PGM
                0x000000c0       0x20 C:\Users\RONALD~1\DOCUME~1\DRONET~1\Repos\EMBEDD~1\INCUBA~1\ARDUIN~1\ARDUIN~1\Debug\libArduinoCore.a(wiring_digital.o)
                0x000000c0                digital_pin_to_bit_mask_PGM
 .progmem.data.digital_pin_to_port_PGM
                0x000000e0       0x20 C:\Users\RONALD~1\DOCUME~1\DRONET~1\Repos\EMBEDD~1\INCUBA~1\ARDUIN~1\ARDUIN~1\Debug\libArduinoCore.a(wiring_digital.o)
                0x000000e0                digital_pin_to_port_PGM
 .progmem.data.port_to_input_PGM
                0x00000100        0xa C:\Users\RONALD~1\DOCUME~1\DRONET~1\Repos\EMBEDD~1\INCUBA~1\ARDUIN~1\ARDUIN~1\Debug\libArduinoCore.a(wiring_digital.o)
                0x00000100                port_to_input_PGM
 .progmem.data.port_to_output_PGM
                0x0000010a        0xa C:\Users\RONALD~1\DOCUME~1\DRONET~1\Repos\EMBEDD~1\INCUBA~1\ARDUIN~1\ARDUIN~1\Debug\libArduinoCore.a(wiring_digital.o)
                0x0000010a                port_to_output_PGM
 .progmem.data.port_to_mode_PGM
                0x00000114        0xa C:\Users\RONALD~1\DOCUME~1\DRONET~1\Repos\EMBEDD~1\INCUBA~1\ARDUIN~1\ARDUIN~1\Debug\libArduinoCore.a(wiring_digital.o)
                0x00000114                port_to_mode_PGM
                0x0000011e                . = ALIGN (0x2)
 *(.jumptables)
 *(.jumptables*)
 *(.lowtext)
 *(.lowtext*)
                0x0000011e                __ctors_start = .
 *(.ctors)
 .ctors         0x0000011e        0x2 Sketch.o
                0x00000120                __ctors_end = .
                0x00000120                __dtors_start = .
 *(.dtors)
 .dtors         0x00000120        0x2 Sketch.o
                0x00000122                __dtors_end = .
 SORT(*)(.ctors)
 SORT(*)(.dtors)
 *(.init0)
 .init0         0x00000122        0x0 C:/Program Files (x86)/Atmel/Studio/7.0/Packs/atmel/ATmega_DFP/1.2.150/gcc/dev/atmega1284p/avr51/crtatmega1284p.o
                0x00000122                __init
 *(.init0)
 *(.init1)
 *(.init1)
 *(.init2)
 .init2         0x00000122        0xc C:/Program Files (x86)/Atmel/Studio/7.0/Packs/atmel/ATmega_DFP/1.2.150/gcc/dev/atmega1284p/avr51/crtatmega1284p.o
 *(.init2)
 *(.init3)
 *(.init3)
 *(.init4)
 .init4         0x0000012e       0x1a c:/program files (x86)/atmel/studio/7.0/toolchain/avr8/avr8-gnu-toolchain/bin/../lib/gcc/avr/5.4.0/avr51\libgcc.a(_copy_data.o)
                0x0000012e                __do_copy_data
 .init4         0x00000148       0x10 c:/program files (x86)/atmel/studio/7.0/toolchain/avr8/avr8-gnu-toolchain/bin/../lib/gcc/avr/5.4.0/avr51\libgcc.a(_clear_bss.o)
                0x00000148                __do_clear_bss
 *(.init4)
 *(.init5)
 *(.init5)
 *(.init6)
 .init6         0x00000158       0x14 c:/program files (x86)/atmel/studio/7.0/toolchain/avr8/avr8-gnu-toolchain/bin/../lib/gcc/avr/5.4.0/avr51\libgcc.a(_ctors.o)
                0x00000158                __do_global_ctors
 *(.init6)
 *(.init7)
 *(.init7)
 *(.init8)
 *(.init8)
 *(.init9)
 .init9         0x0000016c        0x4 C:/Program Files (x86)/Atmel/Studio/7.0/Packs/atmel/ATmega_DFP/1.2.150/gcc/dev/atmega1284p/avr51/crtatmega1284p.o
 *(.init9)
 *(.text)
 .text          0x00000170        0x2 C:/Program Files (x86)/Atmel/Studio/7.0/Packs/atmel/ATmega_DFP/1.2.150/gcc/dev/atmega1284p/avr51/crtatmega1284p.o
                0x00000170                __vector_22
                0x00000170                __vector_28
                0x00000170                __vector_1
                0x00000170                __vector_32
                0x00000170                __vector_34
                0x00000170                __vector_24
                0x00000170                __vector_12
                0x00000170                __bad_interrupt
                0x00000170                __vector_6
                0x00000170                __vector_31
                0x00000170                __vector_3
                0x00000170                __vector_23
                0x00000170                __vector_30
                0x00000170                __vector_25
                0x00000170                __vector_11
                0x00000170                __vector_13
                0x00000170                __vector_17
                0x00000170                __vector_19
                0x00000170                __vector_7
                0x00000170                __vector_27
                0x00000170                __vector_5
                0x00000170                __vector_33
                0x00000170                __vector_4
                0x00000170                __vector_9
                0x00000170                __vector_2
                0x00000170                __vector_21
                0x00000170                __vector_15
                0x00000170                __vector_29
                0x00000170                __vector_8
                0x00000170                __vector_26
                0x00000170                __vector_14
                0x00000170                __vector_10
                0x00000170                __vector_16
                0x00000170                __vector_20
                0x00000172                . = ALIGN (0x2)
 *(.text.*)
 .text._Z23MQResistanceCalculationi
                0x00000172       0x4a Sketch.o
                0x00000172                _Z23MQResistanceCalculationi
 .text._Z13MQCalibrationhh
                0x000001bc       0xc4 Sketch.o
                0x000001bc                _Z13MQCalibrationhh
 .text.setup    0x00000280       0x24 Sketch.o
                0x00000280                setup
 .text.loop     0x000002a4        0x2 Sketch.o
                0x000002a4                loop
 .text.startup._GLOBAL__sub_I_pinDHT11
                0x000002a6        0x6 Sketch.o
 .text.exit._GLOBAL__sub_D_pinDHT11
                0x000002ac        0x6 Sketch.o
 .text._ZN5HX711D2Ev
                0x000002b2        0x2 src/libraries/HX711/HX711.o
                0x000002b2                _ZN5HX711D2Ev
                0x000002b2                _ZN5HX711D1Ev
 .text._ZN5HX711D0Ev
                0x000002b4        0x2 src/libraries/HX711/HX711.o
                0x000002b4                _ZN5HX711D0Ev
 .text._ZN5HX711C2Ev
                0x000002b6       0x24 src/libraries/HX711/HX711.o
                0x000002b6                _ZN5HX711C2Ev
                0x000002b6                _ZN5HX711C1Ev
 .text._ZN5HX7118is_readyEv
                0x000002da       0x12 src/libraries/HX711/HX711.o
                0x000002da                _ZN5HX7118is_readyEv
 .text._ZN5HX71110wait_readyEm
                0x000002ec       0x30 src/libraries/HX711/HX711.o
                0x000002ec                _ZN5HX71110wait_readyEm
 .text._ZN5HX7114readEv
                0x0000031c       0xae src/libraries/HX711/HX711.o
                0x0000031c                _ZN5HX7114readEv
 .text._ZN5HX7118set_gainEh
                0x000003ca       0x2c src/libraries/HX711/HX711.o
                0x000003ca                _ZN5HX7118set_gainEh
 .text._ZN5HX7115beginEhhh
                0x000003f6       0x26 src/libraries/HX711/HX711.o
                0x000003f6                _ZN5HX7115beginEhhh
 .text.avr-libc.fplib
                0x0000041c        0xa c:/program files (x86)/atmel/studio/7.0/toolchain/avr8/avr8-gnu-toolchain/bin/../lib/gcc/avr/5.4.0/../../../../avr/lib/avr51\libm.a(addsf3.o)
                0x0000041c                __subsf3
                0x0000041e                __addsf3
 .text.avr-libc.fplib
                0x00000426       0xc0 c:/program files (x86)/atmel/studio/7.0/toolchain/avr8/avr8-gnu-toolchain/bin/../lib/gcc/avr/5.4.0/../../../../avr/lib/avr51\libm.a(addsf3x.o)
                0x00000440                __addsf3x
 .text.avr-libc.fplib
                0x000004e6        0x4 c:/program files (x86)/atmel/studio/7.0/toolchain/avr8/avr8-gnu-toolchain/bin/../lib/gcc/avr/5.4.0/../../../../avr/lib/avr51\libm.a(divsf3.o)
                0x000004e6                __divsf3
 .text.avr-libc.fplib
                0x000004ea       0xcc c:/program files (x86)/atmel/studio/7.0/toolchain/avr8/avr8-gnu-toolchain/bin/../lib/gcc/avr/5.4.0/../../../../avr/lib/avr51\libm.a(divsf3x.o)
                0x00000500                __divsf3x
                0x00000504                __divsf3_pse
 .text.avr-libc.fplib
                0x000005b6       0x7a c:/program files (x86)/atmel/studio/7.0/toolchain/avr8/avr8-gnu-toolchain/bin/../lib/gcc/avr/5.4.0/../../../../avr/lib/avr51\libm.a(floatsisf.o)
                0x000005b6                __floatunsisf
                0x000005ba                __floatsisf
 .text.avr-libc.fplib
                0x00000630        0xc c:/program files (x86)/atmel/studio/7.0/toolchain/avr8/avr8-gnu-toolchain/bin/../lib/gcc/avr/5.4.0/../../../../avr/lib/avr51\libm.a(fp_inf.o)
                0x00000630                __fp_inf
 .text.avr-libc.fplib
                0x0000063c        0x6 c:/program files (x86)/atmel/studio/7.0/toolchain/avr8/avr8-gnu-toolchain/bin/../lib/gcc/avr/5.4.0/../../../../avr/lib/avr51\libm.a(fp_nan.o)
                0x0000063c                __fp_nan
 .text.avr-libc.fplib
                0x00000642        0xe c:/program files (x86)/atmel/studio/7.0/toolchain/avr8/avr8-gnu-toolchain/bin/../lib/gcc/avr/5.4.0/../../../../avr/lib/avr51\libm.a(fp_pscA.o)
                0x00000642                __fp_pscA
 .text.avr-libc.fplib
                0x00000650        0xe c:/program files (x86)/atmel/studio/7.0/toolchain/avr8/avr8-gnu-toolchain/bin/../lib/gcc/avr/5.4.0/../../../../avr/lib/avr51\libm.a(fp_pscB.o)
                0x00000650                __fp_pscB
 .text.avr-libc.fplib
                0x0000065e       0x22 c:/program files (x86)/atmel/studio/7.0/toolchain/avr8/avr8-gnu-toolchain/bin/../lib/gcc/avr/5.4.0/../../../../avr/lib/avr51\libm.a(fp_round.o)
                0x0000065e                __fp_round
 .text.avr-libc.fplib
                0x00000680       0x44 c:/program files (x86)/atmel/studio/7.0/toolchain/avr8/avr8-gnu-toolchain/bin/../lib/gcc/avr/5.4.0/../../../../avr/lib/avr51\libm.a(fp_split3.o)
                0x00000680                __fp_split3
                0x00000690                __fp_splitA
 .text.avr-libc.fplib
                0x000006c4        0xe c:/program files (x86)/atmel/studio/7.0/toolchain/avr8/avr8-gnu-toolchain/bin/../lib/gcc/avr/5.4.0/../../../../avr/lib/avr51\libm.a(fp_zero.o)
                0x000006c4                __fp_zero
                0x000006c6                __fp_szero
 .text.avr-libc.fplib
                0x000006d2        0x4 c:/program files (x86)/atmel/studio/7.0/toolchain/avr8/avr8-gnu-toolchain/bin/../lib/gcc/avr/5.4.0/../../../../avr/lib/avr51\libm.a(mulsf3.o)
                0x000006d2                __mulsf3
 .text.avr-libc.fplib
                0x000006d6       0xc2 c:/program files (x86)/atmel/studio/7.0/toolchain/avr8/avr8-gnu-toolchain/bin/../lib/gcc/avr/5.4.0/../../../../avr/lib/avr51\libm.a(mulsf3x.o)
                0x000006ea                __mulsf3x
                0x000006ee                __mulsf3_pse
 .text._Z14serialEventRunv
                0x00000798       0x3e C:\Users\RONALD~1\DOCUME~1\DRONET~1\Repos\EMBEDD~1\INCUBA~1\ARDUIN~1\ARDUIN~1\Debug\libArduinoCore.a(HardwareSerial.o)
                0x00000798                _Z14serialEventRunv
 .text.initVariant
                0x000007d6        0x2 C:\Users\RONALD~1\DOCUME~1\DRONET~1\Repos\EMBEDD~1\INCUBA~1\ARDUIN~1\ARDUIN~1\Debug\libArduinoCore.a(main.o)
                0x000007d6                initVariant
 .text.startup.main
                0x000007d8       0x14 C:\Users\RONALD~1\DOCUME~1\DRONET~1\Repos\EMBEDD~1\INCUBA~1\ARDUIN~1\ARDUIN~1\Debug\libArduinoCore.a(main.o)
                0x000007d8                main
 .text._ZdlPv   0x000007ec        0x2 C:\Users\RONALD~1\DOCUME~1\DRONET~1\Repos\EMBEDD~1\INCUBA~1\ARDUIN~1\ARDUIN~1\Debug\libArduinoCore.a(new.o)
                0x000007ec                _ZdlPv
 .text.__vector_18
                0x000007ee       0x94 C:\Users\RONALD~1\DOCUME~1\DRONET~1\Repos\EMBEDD~1\INCUBA~1\ARDUIN~1\ARDUIN~1\Debug\libArduinoCore.a(wiring.o)
                0x000007ee                __vector_18
 .text.micros   0x00000882       0x4a C:\Users\RONALD~1\DOCUME~1\DRONET~1\Repos\EMBEDD~1\INCUBA~1\ARDUIN~1\ARDUIN~1\Debug\libArduinoCore.a(wiring.o)
                0x00000882                micros
 .text.delay    0x000008cc       0x72 C:\Users\RONALD~1\DOCUME~1\DRONET~1\Repos\EMBEDD~1\INCUBA~1\ARDUIN~1\ARDUIN~1\Debug\libArduinoCore.a(wiring.o)
                0x000008cc                delay
 .text.init     0x0000093e       0x90 C:\Users\RONALD~1\DOCUME~1\DRONET~1\Repos\EMBEDD~1\INCUBA~1\ARDUIN~1\ARDUIN~1\Debug\libArduinoCore.a(wiring.o)
                0x0000093e                init
 .text.analogRead
                0x000009ce       0x46 C:\Users\RONALD~1\DOCUME~1\DRONET~1\Repos\EMBEDD~1\INCUBA~1\ARDUIN~1\ARDUIN~1\Debug\libArduinoCore.a(wiring_analog.o)
                0x000009ce                analogRead
 .text.turnOffPWM
                0x00000a14       0x5c C:\Users\RONALD~1\DOCUME~1\DRONET~1\Repos\EMBEDD~1\INCUBA~1\ARDUIN~1\ARDUIN~1\Debug\libArduinoCore.a(wiring_digital.o)
 .text.pinMode  0x00000a70       0x78 C:\Users\RONALD~1\DOCUME~1\DRONET~1\Repos\EMBEDD~1\INCUBA~1\ARDUIN~1\ARDUIN~1\Debug\libArduinoCore.a(wiring_digital.o)
                0x00000a70                pinMode
 .text.digitalWrite
                0x00000ae8       0x5c C:\Users\RONALD~1\DOCUME~1\DRONET~1\Repos\EMBEDD~1\INCUBA~1\ARDUIN~1\ARDUIN~1\Debug\libArduinoCore.a(wiring_digital.o)
                0x00000ae8                digitalWrite
 .text.digitalRead
                0x00000b44       0x50 C:\Users\RONALD~1\DOCUME~1\DRONET~1\Repos\EMBEDD~1\INCUBA~1\ARDUIN~1\ARDUIN~1\Debug\libArduinoCore.a(wiring_digital.o)
                0x00000b44                digitalRead
 .text.shiftIn  0x00000b94       0x6e C:\Users\RONALD~1\DOCUME~1\DRONET~1\Repos\EMBEDD~1\INCUBA~1\ARDUIN~1\ARDUIN~1\Debug\libArduinoCore.a(wiring_shift.o)
                0x00000b94                shiftIn
 .text.__empty  0x00000c02        0x2 C:\Users\RONALD~1\DOCUME~1\DRONET~1\Repos\EMBEDD~1\INCUBA~1\ARDUIN~1\ARDUIN~1\Debug\libArduinoCore.a(hooks.o)
                0x00000c02                yield
 .text.libgcc.div
                0x00000c04       0x26 c:/program files (x86)/atmel/studio/7.0/toolchain/avr8/avr8-gnu-toolchain/bin/../lib/gcc/avr/5.4.0/avr51\libgcc.a(_divmodhi4.o)
                0x00000c04                _div
                0x00000c04                __divmodhi4
 .text.libgcc   0x00000c2a       0x12 c:/program files (x86)/atmel/studio/7.0/toolchain/avr8/avr8-gnu-toolchain/bin/../lib/gcc/avr/5.4.0/avr51\libgcc.a(_tablejump2.o)
                0x00000c2a                __tablejump2__
 .text.libgcc.div
                0x00000c3c       0x28 c:/program files (x86)/atmel/studio/7.0/toolchain/avr8/avr8-gnu-toolchain/bin/../lib/gcc/avr/5.4.0/avr51\libgcc.a(_udivmodhi4.o)
                0x00000c3c                __udivmodhi4
 .text.avr-libc
                0x00000c64      0x242 c:/program files (x86)/atmel/studio/7.0/toolchain/avr8/avr8-gnu-toolchain/bin/../lib/gcc/avr/5.4.0/../../../../avr/lib/avr51\libc.a(malloc.o)
                0x00000c64                malloc
                0x00000d94                free
                0x00000ea6                . = ALIGN (0x2)
 *(.fini9)
 .fini9         0x00000ea6        0x0 c:/program files (x86)/atmel/studio/7.0/toolchain/avr8/avr8-gnu-toolchain/bin/../lib/gcc/avr/5.4.0/avr51\libgcc.a(_exit.o)
                0x00000ea6                _exit
                0x00000ea6                exit
 *(.fini9)
 *(.fini8)
 *(.fini8)
 *(.fini7)
 *(.fini7)
 *(.fini6)
 .fini6         0x00000ea6       0x14 c:/program files (x86)/atmel/studio/7.0/toolchain/avr8/avr8-gnu-toolchain/bin/../lib/gcc/avr/5.4.0/avr51\libgcc.a(_dtors.o)
                0x00000ea6                __do_global_dtors
 *(.fini6)
 *(.fini5)
 *(.fini5)
 *(.fini4)
 *(.fini4)
 *(.fini3)
 *(.fini3)
 *(.fini2)
 *(.fini2)
 *(.fini1)
 *(.fini1)
 *(.fini0)
 .fini0         0x00000eba        0x4 c:/program files (x86)/atmel/studio/7.0/toolchain/avr8/avr8-gnu-toolchain/bin/../lib/gcc/avr/5.4.0/avr51\libgcc.a(_exit.o)
 *(.fini0)
                0x00000ebe                _etext = .

.data           0x00800100       0x1c load address 0x00000ebe
                0x00800100                PROVIDE (__data_start, .)
 *(.data)
 .data          0x00800100        0x6 c:/program files (x86)/atmel/studio/7.0/toolchain/avr8/avr8-gnu-toolchain/bin/../lib/gcc/avr/5.4.0/../../../../avr/lib/avr51\libc.a(malloc.o)
                0x00800100                __malloc_heap_end
                0x00800102                __malloc_heap_start
                0x00800104                __malloc_margin
 *(.data*)
 .data.CALIBRATION_SAMPLE_INTERVAL
                0x00800106        0x2 Sketch.o
                0x00800106                CALIBRATION_SAMPLE_INTERVAL
 .data.CALIBARAION_SAMPLE_TIMES
                0x00800108        0x2 Sketch.o
                0x00800108                CALIBARAION_SAMPLE_TIMES
 .data.MQ135_RO_CLEAN_AIR_FACTOR
                0x0080010a        0x2 Sketch.o
                0x0080010a                MQ135_RO_CLEAN_AIR_FACTOR
 .data.MQ131_RO_CLEAN_AIR_FACTOR
                0x0080010c        0x2 Sketch.o
                0x0080010c                MQ131_RO_CLEAN_AIR_FACTOR
 .data.MQ2_RO_CLEAN_AIR_FACTOR
                0x0080010e        0x2 Sketch.o
                0x0080010e                MQ2_RO_CLEAN_AIR_FACTOR
 .data.RL_VALUE
                0x00800110        0x2 Sketch.o
                0x00800110                RL_VALUE
 .data.analog_reference
                0x00800112        0x1 C:\Users\RONALD~1\DOCUME~1\DRONET~1\Repos\EMBEDD~1\INCUBA~1\ARDUIN~1\ARDUIN~1\Debug\libArduinoCore.a(wiring_analog.o)
                0x00800112                analog_reference
 *(.gnu.linkonce.d*)
 *(.rodata)
 *(.rodata*)
 .rodata._ZTV5HX711
                0x00800113        0x8 src/libraries/HX711/HX711.o
                0x00800113                _ZTV5HX711
 *(.gnu.linkonce.r*)
                0x0080011c                . = ALIGN (0x2)
 *fill*         0x0080011b        0x1 
                0x0080011c                _edata = .
                0x0080011c                PROVIDE (__data_end, .)

.bss            0x0080011c       0x26
                0x0080011c                PROVIDE (__bss_start, .)
 *(.bss)
 *(.bss*)
 .bss.Ro        0x0080011c        0xc Sketch.o
                0x0080011c                Ro
 .bss.scale     0x00800128        0xd Sketch.o
                0x00800128                scale
 .bss.timer0_fract
                0x00800135        0x1 C:\Users\RONALD~1\DOCUME~1\DRONET~1\Repos\EMBEDD~1\INCUBA~1\ARDUIN~1\ARDUIN~1\Debug\libArduinoCore.a(wiring.o)
 .bss.timer0_millis
                0x00800136        0x4 C:\Users\RONALD~1\DOCUME~1\DRONET~1\Repos\EMBEDD~1\INCUBA~1\ARDUIN~1\ARDUIN~1\Debug\libArduinoCore.a(wiring.o)
                0x00800136                timer0_millis
 .bss.timer0_overflow_count
                0x0080013a        0x4 C:\Users\RONALD~1\DOCUME~1\DRONET~1\Repos\EMBEDD~1\INCUBA~1\ARDUIN~1\ARDUIN~1\Debug\libArduinoCore.a(wiring.o)
                0x0080013a                timer0_overflow_count
 *(COMMON)
 COMMON         0x0080013e        0x4 c:/program files (x86)/atmel/studio/7.0/toolchain/avr8/avr8-gnu-toolchain/bin/../lib/gcc/avr/5.4.0/../../../../avr/lib/avr51\libc.a(malloc.o)
                0x0080013e                __brkval
                0x00800140                __flp
                0x00800142                PROVIDE (__bss_end, .)
                0x00000ebe                __data_load_start = LOADADDR (.data)
                0x00000eda                __data_load_end = (__data_load_start + SIZEOF (.data))

.noinit         0x00800142        0x0
                [!provide]                PROVIDE (__noinit_start, .)
 *(.noinit*)
                [!provide]                PROVIDE (__noinit_end, .)
                0x00800142                _end = .
                0x00800142                PROVIDE (__heap_start, .)

.eeprom         0x00810000        0x0
 *(.eeprom*)
                0x00810000                __eeprom_end = .

.fuse
 *(.fuse)
 *(.lfuse)
 *(.hfuse)
 *(.efuse)

.lock
 *(.lock*)

.signature
 *(.signature*)

.user_signatures
 *(.user_signatures*)

.stab
 *(.stab)

.stabstr
 *(.stabstr)

.stab.excl
 *(.stab.excl)

.stab.exclstr
 *(.stab.exclstr)

.stab.index
 *(.stab.index)

.stab.indexstr
 *(.stab.indexstr)

.comment        0x00000000       0x30
 *(.comment)
 .comment       0x00000000       0x30 Sketch.o
                                 0x31 (size before relaxing)
 .comment       0x00000030       0x31 src/libraries/HX711/HX711.o
 .comment       0x00000030       0x31 C:\Users\RONALD~1\DOCUME~1\DRONET~1\Repos\EMBEDD~1\INCUBA~1\ARDUIN~1\ARDUIN~1\Debug\libArduinoCore.a(HardwareSerial.o)
 .comment       0x00000030       0x31 C:\Users\RONALD~1\DOCUME~1\DRONET~1\Repos\EMBEDD~1\INCUBA~1\ARDUIN~1\ARDUIN~1\Debug\libArduinoCore.a(main.o)
 .comment       0x00000030       0x31 C:\Users\RONALD~1\DOCUME~1\DRONET~1\Repos\EMBEDD~1\INCUBA~1\ARDUIN~1\ARDUIN~1\Debug\libArduinoCore.a(new.o)
 .comment       0x00000030       0x31 C:\Users\RONALD~1\DOCUME~1\DRONET~1\Repos\EMBEDD~1\INCUBA~1\ARDUIN~1\ARDUIN~1\Debug\libArduinoCore.a(wiring.o)
 .comment       0x00000030       0x31 C:\Users\RONALD~1\DOCUME~1\DRONET~1\Repos\EMBEDD~1\INCUBA~1\ARDUIN~1\ARDUIN~1\Debug\libArduinoCore.a(wiring_analog.o)
 .comment       0x00000030       0x31 C:\Users\RONALD~1\DOCUME~1\DRONET~1\Repos\EMBEDD~1\INCUBA~1\ARDUIN~1\ARDUIN~1\Debug\libArduinoCore.a(wiring_digital.o)
 .comment       0x00000030       0x31 C:\Users\RONALD~1\DOCUME~1\DRONET~1\Repos\EMBEDD~1\INCUBA~1\ARDUIN~1\ARDUIN~1\Debug\libArduinoCore.a(wiring_shift.o)
 .comment       0x00000030       0x31 C:\Users\RONALD~1\DOCUME~1\DRONET~1\Repos\EMBEDD~1\INCUBA~1\ARDUIN~1\ARDUIN~1\Debug\libArduinoCore.a(hooks.o)
 .comment       0x00000030       0x31 c:/program files (x86)/atmel/studio/7.0/toolchain/avr8/avr8-gnu-toolchain/bin/../lib/gcc/avr/5.4.0/../../../../avr/lib/avr51\libc.a(malloc.o)

.note.gnu.avr.deviceinfo
                0x00000000       0x40
 .note.gnu.avr.deviceinfo
                0x00000000       0x40 C:/Program Files (x86)/Atmel/Studio/7.0/Packs/atmel/ATmega_DFP/1.2.150/gcc/dev/atmega1284p/avr51/crtatmega1284p.o

.note.gnu.build-id
 *(.note.gnu.build-id)

.debug
 *(.debug)

.line
 *(.line)

.debug_srcinfo
 *(.debug_srcinfo)

.debug_sfnames
 *(.debug_sfnames)

.debug_aranges  0x00000000      0x328
 *(.debug_aranges)
 .debug_aranges
                0x00000000       0xb8 Sketch.o
 .debug_aranges
                0x000000b8       0xb8 src/libraries/HX711/HX711.o
 .debug_aranges
                0x00000170       0x68 C:\Users\RONALD~1\DOCUME~1\DRONET~1\Repos\EMBEDD~1\INCUBA~1\ARDUIN~1\ARDUIN~1\Debug\libArduinoCore.a(HardwareSerial.o)
 .debug_aranges
                0x000001d8       0x30 C:\Users\RONALD~1\DOCUME~1\DRONET~1\Repos\EMBEDD~1\INCUBA~1\ARDUIN~1\ARDUIN~1\Debug\libArduinoCore.a(main.o)
 .debug_aranges
                0x00000208       0x28 C:\Users\RONALD~1\DOCUME~1\DRONET~1\Repos\EMBEDD~1\INCUBA~1\ARDUIN~1\ARDUIN~1\Debug\libArduinoCore.a(new.o)
 .debug_aranges
                0x00000230       0x48 C:\Users\RONALD~1\DOCUME~1\DRONET~1\Repos\EMBEDD~1\INCUBA~1\ARDUIN~1\ARDUIN~1\Debug\libArduinoCore.a(wiring.o)
 .debug_aranges
                0x00000278       0x30 C:\Users\RONALD~1\DOCUME~1\DRONET~1\Repos\EMBEDD~1\INCUBA~1\ARDUIN~1\ARDUIN~1\Debug\libArduinoCore.a(wiring_analog.o)
 .debug_aranges
                0x000002a8       0x38 C:\Users\RONALD~1\DOCUME~1\DRONET~1\Repos\EMBEDD~1\INCUBA~1\ARDUIN~1\ARDUIN~1\Debug\libArduinoCore.a(wiring_digital.o)
 .debug_aranges
                0x000002e0       0x28 C:\Users\RONALD~1\DOCUME~1\DRONET~1\Repos\EMBEDD~1\INCUBA~1\ARDUIN~1\ARDUIN~1\Debug\libArduinoCore.a(wiring_shift.o)
 .debug_aranges
                0x00000308       0x20 C:\Users\RONALD~1\DOCUME~1\DRONET~1\Repos\EMBEDD~1\INCUBA~1\ARDUIN~1\ARDUIN~1\Debug\libArduinoCore.a(hooks.o)

.debug_pubnames
 *(.debug_pubnames)

.debug_info     0x00000000     0x553d
 *(.debug_info .gnu.linkonce.wi.*)
 .debug_info    0x00000000      0x792 C:/Program Files (x86)/Atmel/Studio/7.0/Packs/atmel/ATmega_DFP/1.2.150/gcc/dev/atmega1284p/avr51/crtatmega1284p.o
 .debug_info    0x00000792      0xfcd Sketch.o
 .debug_info    0x0000175f      0xd83 src/libraries/HX711/HX711.o
 .debug_info    0x000024e2     0x1ee5 C:\Users\RONALD~1\DOCUME~1\DRONET~1\Repos\EMBEDD~1\INCUBA~1\ARDUIN~1\ARDUIN~1\Debug\libArduinoCore.a(HardwareSerial.o)
 .debug_info    0x000043c7      0x243 C:\Users\RONALD~1\DOCUME~1\DRONET~1\Repos\EMBEDD~1\INCUBA~1\ARDUIN~1\ARDUIN~1\Debug\libArduinoCore.a(main.o)
 .debug_info    0x0000460a      0x11c C:\Users\RONALD~1\DOCUME~1\DRONET~1\Repos\EMBEDD~1\INCUBA~1\ARDUIN~1\ARDUIN~1\Debug\libArduinoCore.a(new.o)
 .debug_info    0x00004726      0x2d7 C:\Users\RONALD~1\DOCUME~1\DRONET~1\Repos\EMBEDD~1\INCUBA~1\ARDUIN~1\ARDUIN~1\Debug\libArduinoCore.a(wiring.o)
 .debug_info    0x000049fd      0x27b C:\Users\RONALD~1\DOCUME~1\DRONET~1\Repos\EMBEDD~1\INCUBA~1\ARDUIN~1\ARDUIN~1\Debug\libArduinoCore.a(wiring_analog.o)
 .debug_info    0x00004c78      0x5e8 C:\Users\RONALD~1\DOCUME~1\DRONET~1\Repos\EMBEDD~1\INCUBA~1\ARDUIN~1\ARDUIN~1\Debug\libArduinoCore.a(wiring_digital.o)
 .debug_info    0x00005260      0x29f C:\Users\RONALD~1\DOCUME~1\DRONET~1\Repos\EMBEDD~1\INCUBA~1\ARDUIN~1\ARDUIN~1\Debug\libArduinoCore.a(wiring_shift.o)
 .debug_info    0x000054ff       0x3e C:\Users\RONALD~1\DOCUME~1\DRONET~1\Repos\EMBEDD~1\INCUBA~1\ARDUIN~1\ARDUIN~1\Debug\libArduinoCore.a(hooks.o)

.debug_abbrev   0x00000000     0x19b5
 *(.debug_abbrev)
 .debug_abbrev  0x00000000      0x729 C:/Program Files (x86)/Atmel/Studio/7.0/Packs/atmel/ATmega_DFP/1.2.150/gcc/dev/atmega1284p/avr51/crtatmega1284p.o
 .debug_abbrev  0x00000729      0x3d4 Sketch.o
 .debug_abbrev  0x00000afd      0x336 src/libraries/HX711/HX711.o
 .debug_abbrev  0x00000e33      0x432 C:\Users\RONALD~1\DOCUME~1\DRONET~1\Repos\EMBEDD~1\INCUBA~1\ARDUIN~1\ARDUIN~1\Debug\libArduinoCore.a(HardwareSerial.o)
 .debug_abbrev  0x00001265      0x12d C:\Users\RONALD~1\DOCUME~1\DRONET~1\Repos\EMBEDD~1\INCUBA~1\ARDUIN~1\ARDUIN~1\Debug\libArduinoCore.a(main.o)
 .debug_abbrev  0x00001392       0xce C:\Users\RONALD~1\DOCUME~1\DRONET~1\Repos\EMBEDD~1\INCUBA~1\ARDUIN~1\ARDUIN~1\Debug\libArduinoCore.a(new.o)
 .debug_abbrev  0x00001460      0x146 C:\Users\RONALD~1\DOCUME~1\DRONET~1\Repos\EMBEDD~1\INCUBA~1\ARDUIN~1\ARDUIN~1\Debug\libArduinoCore.a(wiring.o)
 .debug_abbrev  0x000015a6      0x17a C:\Users\RONALD~1\DOCUME~1\DRONET~1\Repos\EMBEDD~1\INCUBA~1\ARDUIN~1\ARDUIN~1\Debug\libArduinoCore.a(wiring_analog.o)
 .debug_abbrev  0x00001720      0x15a C:\Users\RONALD~1\DOCUME~1\DRONET~1\Repos\EMBEDD~1\INCUBA~1\ARDUIN~1\ARDUIN~1\Debug\libArduinoCore.a(wiring_digital.o)
 .debug_abbrev  0x0000187a      0x111 C:\Users\RONALD~1\DOCUME~1\DRONET~1\Repos\EMBEDD~1\INCUBA~1\ARDUIN~1\ARDUIN~1\Debug\libArduinoCore.a(wiring_shift.o)
 .debug_abbrev  0x0000198b       0x2a C:\Users\RONALD~1\DOCUME~1\DRONET~1\Repos\EMBEDD~1\INCUBA~1\ARDUIN~1\ARDUIN~1\Debug\libArduinoCore.a(hooks.o)

.debug_line     0x00000000     0x1bb2
 *(.debug_line .debug_line.* .debug_line_end)
 .debug_line    0x00000000      0x169 C:/Program Files (x86)/Atmel/Studio/7.0/Packs/atmel/ATmega_DFP/1.2.150/gcc/dev/atmega1284p/avr51/crtatmega1284p.o
 .debug_line    0x00000169      0x55a Sketch.o
 .debug_line    0x000006c3      0x517 src/libraries/HX711/HX711.o
 .debug_line    0x00000bda      0x449 C:\Users\RONALD~1\DOCUME~1\DRONET~1\Repos\EMBEDD~1\INCUBA~1\ARDUIN~1\ARDUIN~1\Debug\libArduinoCore.a(HardwareSerial.o)
 .debug_line    0x00001023      0x165 C:\Users\RONALD~1\DOCUME~1\DRONET~1\Repos\EMBEDD~1\INCUBA~1\ARDUIN~1\ARDUIN~1\Debug\libArduinoCore.a(main.o)
 .debug_line    0x00001188      0x12f C:\Users\RONALD~1\DOCUME~1\DRONET~1\Repos\EMBEDD~1\INCUBA~1\ARDUIN~1\ARDUIN~1\Debug\libArduinoCore.a(new.o)
 .debug_line    0x000012b7      0x2ab C:\Users\RONALD~1\DOCUME~1\DRONET~1\Repos\EMBEDD~1\INCUBA~1\ARDUIN~1\ARDUIN~1\Debug\libArduinoCore.a(wiring.o)
 .debug_line    0x00001562      0x245 C:\Users\RONALD~1\DOCUME~1\DRONET~1\Repos\EMBEDD~1\INCUBA~1\ARDUIN~1\ARDUIN~1\Debug\libArduinoCore.a(wiring_analog.o)
 .debug_line    0x000017a7      0x258 C:\Users\RONALD~1\DOCUME~1\DRONET~1\Repos\EMBEDD~1\INCUBA~1\ARDUIN~1\ARDUIN~1\Debug\libArduinoCore.a(wiring_digital.o)
 .debug_line    0x000019ff      0x172 C:\Users\RONALD~1\DOCUME~1\DRONET~1\Repos\EMBEDD~1\INCUBA~1\ARDUIN~1\ARDUIN~1\Debug\libArduinoCore.a(wiring_shift.o)
 .debug_line    0x00001b71       0x41 C:\Users\RONALD~1\DOCUME~1\DRONET~1\Repos\EMBEDD~1\INCUBA~1\ARDUIN~1\ARDUIN~1\Debug\libArduinoCore.a(hooks.o)

.debug_frame    0x00000000      0x990
 *(.debug_frame)
 .debug_frame   0x00000000      0x2f8 Sketch.o
 .debug_frame   0x000002f8      0x29c src/libraries/HX711/HX711.o
 .debug_frame   0x00000594      0x110 C:\Users\RONALD~1\DOCUME~1\DRONET~1\Repos\EMBEDD~1\INCUBA~1\ARDUIN~1\ARDUIN~1\Debug\libArduinoCore.a(HardwareSerial.o)
 .debug_frame   0x000006a4       0x54 C:\Users\RONALD~1\DOCUME~1\DRONET~1\Repos\EMBEDD~1\INCUBA~1\ARDUIN~1\ARDUIN~1\Debug\libArduinoCore.a(main.o)
 .debug_frame   0x000006f8       0x54 C:\Users\RONALD~1\DOCUME~1\DRONET~1\Repos\EMBEDD~1\INCUBA~1\ARDUIN~1\ARDUIN~1\Debug\libArduinoCore.a(new.o)
 .debug_frame   0x0000074c       0xc4 C:\Users\RONALD~1\DOCUME~1\DRONET~1\Repos\EMBEDD~1\INCUBA~1\ARDUIN~1\ARDUIN~1\Debug\libArduinoCore.a(wiring.o)
 .debug_frame   0x00000810       0x54 C:\Users\RONALD~1\DOCUME~1\DRONET~1\Repos\EMBEDD~1\INCUBA~1\ARDUIN~1\ARDUIN~1\Debug\libArduinoCore.a(wiring_analog.o)
 .debug_frame   0x00000864       0x7c C:\Users\RONALD~1\DOCUME~1\DRONET~1\Repos\EMBEDD~1\INCUBA~1\ARDUIN~1\ARDUIN~1\Debug\libArduinoCore.a(wiring_digital.o)
 .debug_frame   0x000008e0       0x8c C:\Users\RONALD~1\DOCUME~1\DRONET~1\Repos\EMBEDD~1\INCUBA~1\ARDUIN~1\ARDUIN~1\Debug\libArduinoCore.a(wiring_shift.o)
 .debug_frame   0x0000096c       0x24 C:\Users\RONALD~1\DOCUME~1\DRONET~1\Repos\EMBEDD~1\INCUBA~1\ARDUIN~1\ARDUIN~1\Debug\libArduinoCore.a(hooks.o)

.debug_str      0x00000000     0x25c0
 *(.debug_str)
 .debug_str     0x00000000      0x296 C:/Program Files (x86)/Atmel/Studio/7.0/Packs/atmel/ATmega_DFP/1.2.150/gcc/dev/atmega1284p/avr51/crtatmega1284p.o
 .debug_str     0x00000296      0x902 Sketch.o
                                0x994 (size before relaxing)
 .debug_str     0x00000b98      0x379 src/libraries/HX711/HX711.o
                                0x662 (size before relaxing)
 .debug_str     0x00000f11     0x1367 C:\Users\RONALD~1\DOCUME~1\DRONET~1\Repos\EMBEDD~1\INCUBA~1\ARDUIN~1\ARDUIN~1\Debug\libArduinoCore.a(HardwareSerial.o)
                               0x166c (size before relaxing)
 .debug_str     0x00002278       0x37 C:\Users\RONALD~1\DOCUME~1\DRONET~1\Repos\EMBEDD~1\INCUBA~1\ARDUIN~1\ARDUIN~1\Debug\libArduinoCore.a(main.o)
                                0x2d9 (size before relaxing)
 .debug_str     0x000022af       0x55 C:\Users\RONALD~1\DOCUME~1\DRONET~1\Repos\EMBEDD~1\INCUBA~1\ARDUIN~1\ARDUIN~1\Debug\libArduinoCore.a(new.o)
                                0x1ef (size before relaxing)
 .debug_str     0x00002304      0x153 C:\Users\RONALD~1\DOCUME~1\DRONET~1\Repos\EMBEDD~1\INCUBA~1\ARDUIN~1\ARDUIN~1\Debug\libArduinoCore.a(wiring.o)
                                0x26f (size before relaxing)
 .debug_str     0x00002457       0x72 C:\Users\RONALD~1\DOCUME~1\DRONET~1\Repos\EMBEDD~1\INCUBA~1\ARDUIN~1\ARDUIN~1\Debug\libArduinoCore.a(wiring_analog.o)
                                0x273 (size before relaxing)
 .debug_str     0x000024c9       0x9d C:\Users\RONALD~1\DOCUME~1\DRONET~1\Repos\EMBEDD~1\INCUBA~1\ARDUIN~1\ARDUIN~1\Debug\libArduinoCore.a(wiring_digital.o)
                                0x2d4 (size before relaxing)
 .debug_str     0x00002566       0x3e C:\Users\RONALD~1\DOCUME~1\DRONET~1\Repos\EMBEDD~1\INCUBA~1\ARDUIN~1\ARDUIN~1\Debug\libArduinoCore.a(wiring_shift.o)
                                0x231 (size before relaxing)
 .debug_str     0x000025a4       0x1c C:\Users\RONALD~1\DOCUME~1\DRONET~1\Repos\EMBEDD~1\INCUBA~1\ARDUIN~1\ARDUIN~1\Debug\libArduinoCore.a(hooks.o)
                                0x164 (size before relaxing)

.debug_loc      0x00000000     0x2a12
 *(.debug_loc)
 .debug_loc     0x00000000      0xbe4 Sketch.o
 .debug_loc     0x00000be4      0xc50 src/libraries/HX711/HX711.o
 .debug_loc     0x00001834      0x482 C:\Users\RONALD~1\DOCUME~1\DRONET~1\Repos\EMBEDD~1\INCUBA~1\ARDUIN~1\ARDUIN~1\Debug\libArduinoCore.a(HardwareSerial.o)
 .debug_loc     0x00001cb6       0x4c C:\Users\RONALD~1\DOCUME~1\DRONET~1\Repos\EMBEDD~1\INCUBA~1\ARDUIN~1\ARDUIN~1\Debug\libArduinoCore.a(new.o)
 .debug_loc     0x00001d02      0x28d C:\Users\RONALD~1\DOCUME~1\DRONET~1\Repos\EMBEDD~1\INCUBA~1\ARDUIN~1\ARDUIN~1\Debug\libArduinoCore.a(wiring.o)
 .debug_loc     0x00001f8f      0x182 C:\Users\RONALD~1\DOCUME~1\DRONET~1\Repos\EMBEDD~1\INCUBA~1\ARDUIN~1\ARDUIN~1\Debug\libArduinoCore.a(wiring_analog.o)
 .debug_loc     0x00002111      0x61a C:\Users\RONALD~1\DOCUME~1\DRONET~1\Repos\EMBEDD~1\INCUBA~1\ARDUIN~1\ARDUIN~1\Debug\libArduinoCore.a(wiring_digital.o)
 .debug_loc     0x0000272b      0x2e7 C:\Users\RONALD~1\DOCUME~1\DRONET~1\Repos\EMBEDD~1\INCUBA~1\ARDUIN~1\ARDUIN~1\Debug\libArduinoCore.a(wiring_shift.o)

.debug_macinfo
 *(.debug_macinfo)

.debug_weaknames
 *(.debug_weaknames)

.debug_funcnames
 *(.debug_funcnames)

.debug_typenames
 *(.debug_typenames)

.debug_varnames
 *(.debug_varnames)

.debug_pubtypes
 *(.debug_pubtypes)

.debug_ranges   0x00000000      0x2b8
 *(.debug_ranges)
 .debug_ranges  0x00000000       0xc0 Sketch.o
 .debug_ranges  0x000000c0       0xc0 src/libraries/HX711/HX711.o
 .debug_ranges  0x00000180       0x58 C:\Users\RONALD~1\DOCUME~1\DRONET~1\Repos\EMBEDD~1\INCUBA~1\ARDUIN~1\ARDUIN~1\Debug\libArduinoCore.a(HardwareSerial.o)
 .debug_ranges  0x000001d8       0x20 C:\Users\RONALD~1\DOCUME~1\DRONET~1\Repos\EMBEDD~1\INCUBA~1\ARDUIN~1\ARDUIN~1\Debug\libArduinoCore.a(main.o)
 .debug_ranges  0x000001f8       0x18 C:\Users\RONALD~1\DOCUME~1\DRONET~1\Repos\EMBEDD~1\INCUBA~1\ARDUIN~1\ARDUIN~1\Debug\libArduinoCore.a(new.o)
 .debug_ranges  0x00000210       0x38 C:\Users\RONALD~1\DOCUME~1\DRONET~1\Repos\EMBEDD~1\INCUBA~1\ARDUIN~1\ARDUIN~1\Debug\libArduinoCore.a(wiring.o)
 .debug_ranges  0x00000248       0x20 C:\Users\RONALD~1\DOCUME~1\DRONET~1\Repos\EMBEDD~1\INCUBA~1\ARDUIN~1\ARDUIN~1\Debug\libArduinoCore.a(wiring_analog.o)
 .debug_ranges  0x00000268       0x28 C:\Users\RONALD~1\DOCUME~1\DRONET~1\Repos\EMBEDD~1\INCUBA~1\ARDUIN~1\ARDUIN~1\Debug\libArduinoCore.a(wiring_digital.o)
 .debug_ranges  0x00000290       0x18 C:\Users\RONALD~1\DOCUME~1\DRONET~1\Repos\EMBEDD~1\INCUBA~1\ARDUIN~1\ARDUIN~1\Debug\libArduinoCore.a(wiring_shift.o)
 .debug_ranges  0x000002a8       0x10 C:\Users\RONALD~1\DOCUME~1\DRONET~1\Repos\EMBEDD~1\INCUBA~1\ARDUIN~1\ARDUIN~1\Debug\libArduinoCore.a(hooks.o)

.debug_macro
 *(.debug_macro)
OUTPUT(Blank.elf elf32-avr)
LOAD linker stubs
